Archive member included to satisfy reference by file (symbol)

c:/progra~2/gnuarm~1/102021~1.10/bin/../lib/gcc/arm-none-eabi/10.3.1/../../../../arm-none-eabi/lib/thumb/v8-m.main+fp/softfp\libm.a(lib_a-wf_sqrt.o)
                              scanvideo/demo2/CMakeFiles/demo2.dir/C_/pico/pico-sdk/src/rp2_common/pico_float/float_math.c.obj (sqrtf)
c:/progra~2/gnuarm~1/102021~1.10/bin/../lib/gcc/arm-none-eabi/10.3.1/../../../../arm-none-eabi/lib/thumb/v8-m.main+fp/softfp\libm.a(lib_a-ef_sqrt.o)
                              c:/progra~2/gnuarm~1/102021~1.10/bin/../lib/gcc/arm-none-eabi/10.3.1/../../../../arm-none-eabi/lib/thumb/v8-m.main+fp/softfp\libm.a(lib_a-wf_sqrt.o) (__ieee754_sqrtf)
c:/progra~2/gnuarm~1/102021~1.10/bin/../lib/gcc/arm-none-eabi/10.3.1/thumb/v8-m.main+fp/softfp\libgcc.a(_arm_addsubdf3.o)
                              scanvideo/demo2/CMakeFiles/demo2.dir/C_/pico/pico-sdk/src/rp2_common/pico_float/float_math.c.obj (__aeabi_f2d)
c:/progra~2/gnuarm~1/102021~1.10/bin/../lib/gcc/arm-none-eabi/10.3.1/thumb/v8-m.main+fp/softfp\libgcc.a(_aeabi_ldivmod.o)
                              scanvideo/demo2/CMakeFiles/demo2.dir/C_/pico/pico-sdk/src/common/pico_time/time.c.obj (__aeabi_ldivmod)
c:/progra~2/gnuarm~1/102021~1.10/bin/../lib/gcc/arm-none-eabi/10.3.1/thumb/v8-m.main+fp/softfp\libgcc.a(_aeabi_uldivmod.o)
                              scanvideo/demo2/CMakeFiles/demo2.dir/C_/pico/pico-sdk/src/rp2_common/hardware_clocks/clocks.c.obj (__aeabi_uldivmod)
c:/progra~2/gnuarm~1/102021~1.10/bin/../lib/gcc/arm-none-eabi/10.3.1/thumb/v8-m.main+fp/softfp\libgcc.a(_udivmoddi4.o)
                              c:/progra~2/gnuarm~1/102021~1.10/bin/../lib/gcc/arm-none-eabi/10.3.1/thumb/v8-m.main+fp/softfp\libgcc.a(_aeabi_ldivmod.o) (__udivmoddi4)
c:/progra~2/gnuarm~1/102021~1.10/bin/../lib/gcc/arm-none-eabi/10.3.1/thumb/v8-m.main+fp/softfp\libgcc.a(_dvmd_tls.o)
                              c:/progra~2/gnuarm~1/102021~1.10/bin/../lib/gcc/arm-none-eabi/10.3.1/thumb/v8-m.main+fp/softfp\libgcc.a(_aeabi_ldivmod.o) (__aeabi_ldiv0)
c:/progra~2/gnuarm~1/102021~1.10/bin/../lib/gcc/arm-none-eabi/10.3.1/../../../../arm-none-eabi/lib/thumb/v8-m.main+fp/softfp\libg.a(lib_a-calloc.o)
                              scanvideo/demo2/CMakeFiles/demo2.dir/C_/pico/pico-sdk/src/rp2_common/pico_malloc/malloc.c.obj (calloc)
c:/progra~2/gnuarm~1/102021~1.10/bin/../lib/gcc/arm-none-eabi/10.3.1/../../../../arm-none-eabi/lib/thumb/v8-m.main+fp/softfp\libg.a(lib_a-callocr.o)
                              c:/progra~2/gnuarm~1/102021~1.10/bin/../lib/gcc/arm-none-eabi/10.3.1/../../../../arm-none-eabi/lib/thumb/v8-m.main+fp/softfp\libg.a(lib_a-calloc.o) (_calloc_r)
c:/progra~2/gnuarm~1/102021~1.10/bin/../lib/gcc/arm-none-eabi/10.3.1/../../../../arm-none-eabi/lib/thumb/v8-m.main+fp/softfp\libg.a(lib_a-errno.o)
                              c:/progra~2/gnuarm~1/102021~1.10/bin/../lib/gcc/arm-none-eabi/10.3.1/../../../../arm-none-eabi/lib/thumb/v8-m.main+fp/softfp\libm.a(lib_a-wf_sqrt.o) (__errno)
c:/progra~2/gnuarm~1/102021~1.10/bin/../lib/gcc/arm-none-eabi/10.3.1/../../../../arm-none-eabi/lib/thumb/v8-m.main+fp/softfp\libg.a(lib_a-impure.o)
                              c:/progra~2/gnuarm~1/102021~1.10/bin/../lib/gcc/arm-none-eabi/10.3.1/../../../../arm-none-eabi/lib/thumb/v8-m.main+fp/softfp\libg.a(lib_a-calloc.o) (_impure_ptr)
c:/progra~2/gnuarm~1/102021~1.10/bin/../lib/gcc/arm-none-eabi/10.3.1/../../../../arm-none-eabi/lib/thumb/v8-m.main+fp/softfp\libg.a(lib_a-init.o)
                              c:/progra~2/gnuarm~1/102021~1.10/bin/../lib/gcc/arm-none-eabi/10.3.1/../../../../arm-none-eabi/lib/thumb/v8-m.main+fp/softfp/crt0.o (__libc_init_array)
c:/progra~2/gnuarm~1/102021~1.10/bin/../lib/gcc/arm-none-eabi/10.3.1/../../../../arm-none-eabi/lib/thumb/v8-m.main+fp/softfp\libg.a(lib_a-lcltime_r.o)
                              scanvideo/demo2/CMakeFiles/demo2.dir/C_/pico/pico-sdk/src/common/pico_util/datetime.c.obj (localtime_r)
c:/progra~2/gnuarm~1/102021~1.10/bin/../lib/gcc/arm-none-eabi/10.3.1/../../../../arm-none-eabi/lib/thumb/v8-m.main+fp/softfp\libg.a(lib_a-malloc.o)
                              scanvideo/demo2/CMakeFiles/demo2.dir/C_/pico/pico-sdk/src/rp2_common/pico_malloc/malloc.c.obj (malloc)
c:/progra~2/gnuarm~1/102021~1.10/bin/../lib/gcc/arm-none-eabi/10.3.1/../../../../arm-none-eabi/lib/thumb/v8-m.main+fp/softfp\libg.a(lib_a-mallocr.o)
                              c:/progra~2/gnuarm~1/102021~1.10/bin/../lib/gcc/arm-none-eabi/10.3.1/../../../../arm-none-eabi/lib/thumb/v8-m.main+fp/softfp\libg.a(lib_a-callocr.o) (_malloc_r)
c:/progra~2/gnuarm~1/102021~1.10/bin/../lib/gcc/arm-none-eabi/10.3.1/../../../../arm-none-eabi/lib/thumb/v8-m.main+fp/softfp\libg.a(lib_a-memcmp.o)
                              scanvideo/demo2/CMakeFiles/demo2.dir/C_/pico/pico-sdk/src/rp2_common/pico_atomic/atomic.c.obj (memcmp)
[...]
Memory Configuration

Name             Origin             Length             Attributes
FLASH            0x10000000         0x00400000         xr
RAM              0x20000000         0x00080000         xrw
SCRATCH_X        0x20080000         0x00001000         xrw
SCRATCH_Y        0x20081000         0x00001000         xrw
*default*        0x00000000         0xffffffff

Linker script and memory map

LOAD c:/progra~2/gnuarm~1/102021~1.10/bin/../lib/gcc/arm-none-eabi/10.3.1/thumb/v8-m.main+fp/softfp/crti.o
LOAD c:/progra~2/gnuarm~1/102021~1.10/bin/../lib/gcc/arm-none-eabi/10.3.1/thumb/v8-m.main+fp/softfp/crtbegin.o
LOAD c:/progra~2/gnuarm~1/102021~1.10/bin/../lib/gcc/arm-none-eabi/10.3.1/../../../../arm-none-eabi/lib/thumb/v8-m.main+fp/softfp/crt0.o

.flash_begin    0x10000000        0x0
                0x10000000                __flash_binary_start = .

.text           0x10000000     0x52a8
                0x10000000                __logical_binary_start = .
 *(.vectors)
 .vectors       0x10000000      0x124 scanvideo/demo2/CMakeFiles/demo2.dir/C_/pico/pico-sdk/src/rp2_common/pico_crt0/crt0.S.obj
                0x10000000                __VECTOR_TABLE
                0x10000000                __vectors
                0x10000110                __unhandled_user_irq
                0x10000110                isr_irq49
                0x10000110                isr_irq13
                0x10000110                isr_irq43
                0x10000110                isr_irq45
                0x10000110                isr_irq27
                0x10000110                isr_irq32
                0x10000110                isr_irq31
                0x10000110                isr_irq12
                0x10000110                isr_irq5
                0x10000110                isr_irq11
                0x10000110                isr_irq3
                0x10000110                isr_irq23
                0x10000110                isr_usagefault
                0x10000110                isr_irq48
                0x10000110                isr_irq30
                0x10000110                isr_irq18
                0x10000110                isr_irq50
                0x10000110                isr_irq33
                0x10000110                isr_irq40
                0x10000110                isr_irq28
                0x10000110                isr_irq19
                0x10000110                isr_irq36
                0x10000110                isr_irq41
                0x10000110                isr_irq0
                0x10000110                isr_irq6
                0x10000110                isr_irq26
                0x10000110                isr_irq29
                0x10000110                isr_memmanage
                0x10000110                isr_irq37
                0x10000110                isr_irq42
                0x10000110                isr_irq22
                0x10000110                isr_irq35
                0x10000110                isr_irq17
                0x10000110                isr_irq38
                0x10000110                isr_irq14
                0x10000110                __vectors_end
                0x10000110                __default_isrs_start
                0x10000110                isr_irq2
                0x10000110                isr_irq8
                0x10000110                isr_debugmonitor
                0x10000110                isr_irq24
                0x10000110                isr_irq46
                0x10000110                isr_irq1
                0x10000110                isr_irq47
                0x10000110                isr_irq51
                0x10000110                isr_irq7
                0x10000110                isr_irq21
                0x10000110                isr_irq39
                0x10000110                isr_irq20
                0x10000110                isr_irq25
                0x10000110                isr_irq34
                0x10000110                isr_irq44
                0x10000110                isr_securefault
                0x10000110                isr_irq4
                0x10000110                isr_busfault
                0x10000110                isr_irq9
                0x10000116                unhandled_user_irq_num_in_r0
                0x10000118                isr_invalid
                0x1000011a                isr_nmi
                0x1000011c                isr_hardfault
                0x1000011e                isr_svcall
                0x10000120                isr_pendsv
                0x10000122                isr_systick
                0x10000124                __default_isrs_end
 *(.binary_info_header)
 .binary_info_header
                0x10000124       0x14 scanvideo/demo2/CMakeFiles/demo2.dir/C_/pico/pico-sdk/src/rp2_common/pico_crt0/crt0.S.obj
                0x10000138                __binary_info_header_end = .
 *(.embedded_block)
 .embedded_block
                0x10000138       0x14 scanvideo/demo2/CMakeFiles/demo2.dir/C_/pico/pico-sdk/src/rp2_common/pico_crt0/crt0.S.obj
                0x1000014c                __embedded_block_end = .
 *(.reset)
 .reset         0x1000014c       0x98 scanvideo/demo2/CMakeFiles/demo2.dir/C_/pico/pico-sdk/src/rp2_common/pico_crt0/crt0.S.obj
                0x1000014c                _entry_point
 *(.init)
 .init          0x100001e4        0x4 c:/progra~2/gnuarm~1/102021~1.10/bin/../lib/gcc/arm-none-eabi/10.3.1/thumb/v8-m.main+fp/softfp/crti.o
                0x100001e4                _init
 *libgcc.a:cmse_nonsecure_call.o()
 *(EXCLUDE_FILE(*libm.a: *libc.a:*lib_a-mem*.o *libgcc.a:) .text*)
 .text          0x100001e8       0x40 c:/progra~2/gnuarm~1/102021~1.10/bin/../lib/gcc/arm-none-eabi/10.3.1/thumb/v8-m.main+fp/softfp/crtbegin.o
 .text.get_input
                0x10000228       0x12 scanvideo/demo2/CMakeFiles/demo2.dir/demo2.c.obj
 *fill*         0x1000023a        0x2 
 .text.set_sys_clock_khz
                0x1000023c       0x38 scanvideo/demo2/CMakeFiles/demo2.dir/demo2.c.obj
 .text.draw_double
                0x10000274      0x1c0 scanvideo/demo2/CMakeFiles/demo2.dir/demo2.c.obj
 .text.draw_single
                0x10000434      0x194 scanvideo/demo2/CMakeFiles/demo2.dir/demo2.c.obj
 .text.core1_func
                0x100005c8       0x10 scanvideo/demo2/CMakeFiles/demo2.dir/demo2.c.obj
                0x100005c8                core1_func
 .text.setup_video
                0x100005d8       0x20 scanvideo/demo2/CMakeFiles/demo2.dir/demo2.c.obj
                0x100005d8                setup_video
 .text.blend_palette2
                0x100005f8       0xe8 scanvideo/demo2/CMakeFiles/demo2.dir/demo2.c.obj
                0x100005f8                blend_palette2
 .text.init_render_state
                0x100006e0       0x80 scanvideo/demo2/CMakeFiles/demo2.dir/demo2.c.obj
                0x100006e0                init_render_state
 .text.vga_main
                0x10000760       0x78 scanvideo/demo2/CMakeFiles/demo2.dir/demo2.c.obj
                0x10000760                vga_main
 .text.main     0x100007d8       0x90 scanvideo/demo2/CMakeFiles/demo2.dir/demo2.c.obj
                0x100007d8                main
 .text.setup_default_uart
                0x10000868        0x8 scanvideo/demo2/CMakeFiles/demo2.dir/C_/pico/pico-sdk/src/rp2_common/pico_stdlib/stdlib.c.obj
                0x10000868                setup_default_uart
 .text.gpio_set_function
                0x10000870       0x38 scanvideo/demo2/CMakeFiles/demo2.dir/C_/pico/pico-sdk/src/rp2_common/hardware_gpio/gpio.c.obj
                0x10000870                gpio_set_function
 .text.gpio_init
                0x100008a8       0x14 scanvideo/demo2/CMakeFiles/demo2.dir/C_/pico/pico-sdk/src/rp2_common/hardware_gpio/gpio.c.obj
                0x100008a8                gpio_init
 .text.panic    0x100008bc       0x30 scanvideo/demo2/CMakeFiles/demo2.dir/C_/pico/pico-sdk/src/rp2_common/pico_platform_panic/panic.c.obj
                0x100008bc                panic
 .text.hw_claim_lock
                0x100008ec       0x18 scanvideo/demo2/CMakeFiles/demo2.dir/C_/pico/pico-sdk/src/common/hardware_claim/claim.c.obj
                0x100008ec                hw_claim_lock
 .text.hw_claim_unlock
                0x10000904       0x14 scanvideo/demo2/CMakeFiles/demo2.dir/C_/pico/pico-sdk/src/common/hardware_claim/claim.c.obj
                0x10000904                hw_claim_unlock
 .text.hw_claim_or_assert
                0x10000918       0x32 scanvideo/demo2/CMakeFiles/demo2.dir/C_/pico/pico-sdk/src/common/hardware_claim/claim.c.obj
                0x10000918                hw_claim_or_assert
 *fill*         0x1000094a        0x2 
 .text.next_striped_spin_lock_num
                0x1000094c       0x1c scanvideo/demo2/CMakeFiles/demo2.dir/C_/pico/pico-sdk/src/rp2_common/hardware_sync/sync.c.obj
                0x1000094c                next_striped_spin_lock_num
 .text.spin_locks_reset
                0x10000968       0x1c scanvideo/demo2/CMakeFiles/demo2.dir/C_/pico/pico-sdk/src/rp2_common/hardware_sync_spin_lock/sync_spin_lock.c.obj
                0x10000968                spin_locks_reset
 .text.spin_lock_init
                0x10000984       0x30 scanvideo/demo2/CMakeFiles/demo2.dir/C_/pico/pico-sdk/src/rp2_common/hardware_sync_spin_lock/sync_spin_lock.c.obj
                0x10000984                spin_lock_init
 .text.set_raw_irq_handler_and_unlock
                0x100009b4       0x28 scanvideo/demo2/CMakeFiles/demo2.dir/C_/pico/pico-sdk/src/rp2_common/hardware_irq/irq.c.obj
 .text.nvic_ipr0
                0x100009dc        0x8 scanvideo/demo2/CMakeFiles/demo2.dir/C_/pico/pico-sdk/src/rp2_common/hardware_irq/irq.c.obj
 .text.runtime_init_per_core_irq_priorities
                0x100009e4       0x1c scanvideo/demo2/CMakeFiles/demo2.dir/C_/pico/pico-sdk/src/rp2_common/hardware_irq/irq.c.obj
                0x100009e4                runtime_init_per_core_irq_priorities
 .text.make_j_16
                0x10000a00       0x3c scanvideo/demo2/CMakeFiles/demo2.dir/C_/pico/pico-sdk/src/rp2_common/hardware_irq/irq.c.obj
 .text.insert_bl_32
                0x10000a3c       0x3c scanvideo/demo2/CMakeFiles/demo2.dir/C_/pico/pico-sdk/src/rp2_common/hardware_irq/irq.c.obj
 .text.irq_is_enabled
                0x10000a78       0x20 scanvideo/demo2/CMakeFiles/demo2.dir/C_/pico/pico-sdk/src/rp2_common/hardware_irq/irq.c.obj
                0x10000a78                irq_is_enabled
 .text.irq_set_mask_enabled
                0x10000a98       0x18 scanvideo/demo2/CMakeFiles/demo2.dir/C_/pico/pico-sdk/src/rp2_common/hardware_irq/irq.c.obj
                0x10000a98                irq_set_mask_enabled
 .text.irq_set_mask_n_enabled
                0x10000ab0       0x20 scanvideo/demo2/CMakeFiles/demo2.dir/C_/pico/pico-sdk/src/rp2_common/hardware_irq/irq.c.obj
                0x10000ab0                irq_set_mask_n_enabled
 .text.irq_set_enabled
                0x10000ad0       0x14 scanvideo/demo2/CMakeFiles/demo2.dir/C_/pico/pico-sdk/src/rp2_common/hardware_irq/irq.c.obj
                0x10000ad0                irq_set_enabled
 .text.irq_get_vtable_handler
                0x10000ae4       0x10 scanvideo/demo2/CMakeFiles/demo2.dir/C_/pico/pico-sdk/src/rp2_common/hardware_irq/irq.c.obj
                0x10000ae4                irq_get_vtable_handler
 .text.irq_set_exclusive_handler
                0x10000af4       0x54 scanvideo/demo2/CMakeFiles/demo2.dir/C_/pico/pico-sdk/src/rp2_common/hardware_irq/irq.c.obj
                0x10000af4                irq_set_exclusive_handler
 .text.irq_remove_handler
                0x10000b48      0x1a4 scanvideo/demo2/CMakeFiles/demo2.dir/C_/pico/pico-sdk/src/rp2_common/hardware_irq/irq.c.obj
                0x10000b48                irq_remove_handler
 .text.irq_set_priority
                0x10000cec       0x2a scanvideo/demo2/CMakeFiles/demo2.dir/C_/pico/pico-sdk/src/rp2_common/hardware_irq/irq.c.obj
                0x10000cec                irq_set_priority
 *fill*         0x10000d16        0x2 
 .text.irq_add_tail_to_free_list
                0x10000d18       0xf8 scanvideo/demo2/CMakeFiles/demo2.dir/C_/pico/pico-sdk/src/rp2_common/hardware_irq/irq.c.obj
                0x10000d18                irq_add_tail_to_free_list
 .text.sem_init
                0x10000e10       0x1e scanvideo/demo2/CMakeFiles/demo2.dir/C_/pico/pico-sdk/src/common/pico_sync/sem.c.obj
                0x10000e10                sem_init
 .text.lock_init
                0x10000e2e        0xc scanvideo/demo2/CMakeFiles/demo2.dir/C_/pico/pico-sdk/src/common/pico_sync/lock_core.c.obj
                0x10000e2e                lock_init
 .text.mutex_init
                0x10000e3a       0x1a scanvideo/demo2/CMakeFiles/demo2.dir/C_/pico/pico-sdk/src/common/pico_sync/mutex.c.obj
                0x10000e3a                mutex_init
 .text.recursive_mutex_init
                0x10000e54       0x1e scanvideo/demo2/CMakeFiles/demo2.dir/C_/pico/pico-sdk/src/common/pico_sync/mutex.c.obj
                0x10000e54                recursive_mutex_init
 *fill*         0x10000e72        0x2 
 .text.runtime_init_mutex
                0x10000e74       0x4c scanvideo/demo2/CMakeFiles/demo2.dir/C_/pico/pico-sdk/src/common/pico_sync/mutex.c.obj
                0x10000e74                runtime_init_mutex
 .text.make_alarm_id
                0x10000ec0        0x6 scanvideo/demo2/CMakeFiles/demo2.dir/C_/pico/pico-sdk/src/common/pico_time/time.c.obj
 *fill*         0x10000ec6        0x2 
 .text.sleep_until_callback
                0x10000ec8       0x30 scanvideo/demo2/CMakeFiles/demo2.dir/C_/pico/pico-sdk/src/common/pico_time/time.c.obj
 .text.alarm_pool_irq_handler
                0x10000ef8      0x2f0 scanvideo/demo2/CMakeFiles/demo2.dir/C_/pico/pico-sdk/src/common/pico_time/time.c.obj
 .text.alarm_pool_post_alloc_init
                0x100011e8       0xa4 scanvideo/demo2/CMakeFiles/demo2.dir/C_/pico/pico-sdk/src/common/pico_time/time.c.obj
 .text.alarm_pool_get_default
                0x1000128c       0x28 scanvideo/demo2/CMakeFiles/demo2.dir/C_/pico/pico-sdk/src/common/pico_time/time.c.obj
                0x1000128c                alarm_pool_get_default
 .text.alarm_pool_add_alarm_at_force_in_context
                0x100012b4       0xa4 scanvideo/demo2/CMakeFiles/demo2.dir/C_/pico/pico-sdk/src/common/pico_time/time.c.obj
                0x100012b4                alarm_pool_add_alarm_at_force_in_context
 .text.alarm_pool_add_alarm_at
                0x10001358       0x38 scanvideo/demo2/CMakeFiles/demo2.dir/C_/pico/pico-sdk/src/common/pico_time/time.c.obj
                0x10001358                alarm_pool_add_alarm_at
 .text.alarm_pool_cancel_alarm
                0x10001390       0x6a scanvideo/demo2/CMakeFiles/demo2.dir/C_/pico/pico-sdk/src/common/pico_time/time.c.obj
                0x10001390                alarm_pool_cancel_alarm
 *fill*         0x100013fa        0x2 
 .text.best_effort_wfe_or_timeout
                0x100013fc      0x11c scanvideo/demo2/CMakeFiles/demo2.dir/C_/pico/pico-sdk/src/common/pico_time/time.c.obj
                0x100013fc                best_effort_wfe_or_timeout
 .text.alarm_pool_get_default_timer
                0x10001518        0x8 scanvideo/demo2/CMakeFiles/demo2.dir/C_/pico/pico-sdk/src/common/pico_time/time.c.obj
                0x10001518                alarm_pool_get_default_timer
 .text.runtime_init_default_alarm_pool
                0x10001520       0x34 scanvideo/demo2/CMakeFiles/demo2.dir/C_/pico/pico-sdk/src/common/pico_time/time.c.obj
                0x10001520                runtime_init_default_alarm_pool
 .text.timer_hardware_alarm_claim
                0x10001554       0x24 scanvideo/demo2/CMakeFiles/demo2.dir/C_/pico/pico-sdk/src/rp2_common/hardware_timer/timer.c.obj
                0x10001554                timer_hardware_alarm_claim
 .text.timer_time_us_64
                0x10001578       0x10 scanvideo/demo2/CMakeFiles/demo2.dir/C_/pico/pico-sdk/src/rp2_common/hardware_timer/timer.c.obj
                0x10001578                timer_time_us_64
 .text.timer_busy_wait_until
                0x10001588       0x1a scanvideo/demo2/CMakeFiles/demo2.dir/C_/pico/pico-sdk/src/rp2_common/hardware_timer/timer.c.obj
                0x10001588                timer_busy_wait_until
 .text.timer_busy_wait_us
                0x100015a2       0x28 scanvideo/demo2/CMakeFiles/demo2.dir/C_/pico/pico-sdk/src/rp2_common/hardware_timer/timer.c.obj
                0x100015a2                timer_busy_wait_us
 *fill*         0x100015ca        0x2 
 .text.time_us_64
                0x100015cc       0x10 scanvideo/demo2/CMakeFiles/demo2.dir/C_/pico/pico-sdk/src/rp2_common/hardware_timer/timer.c.obj
                0x100015cc                time_us_64
 .text.busy_wait_us
                0x100015dc       0x14 scanvideo/demo2/CMakeFiles/demo2.dir/C_/pico/pico-sdk/src/rp2_common/hardware_timer/timer.c.obj
                0x100015dc                busy_wait_us
 .text.timer_busy_wait_us_32
                0x100015f0       0x1c scanvideo/demo2/CMakeFiles/demo2.dir/C_/pico/pico-sdk/src/rp2_common/hardware_timer/timer.c.obj
                0x100015f0                timer_busy_wait_us_32
 .text.timer_busy_wait_ms
                0x1000160c       0x40 scanvideo/demo2/CMakeFiles/demo2.dir/C_/pico/pico-sdk/src/rp2_common/hardware_timer/timer.c.obj
                0x1000160c                timer_busy_wait_ms
 .text.busy_wait_ms
                0x1000164c       0x10 scanvideo/demo2/CMakeFiles/demo2.dir/C_/pico/pico-sdk/src/rp2_common/hardware_timer/timer.c.obj
                0x1000164c                busy_wait_ms
 .text.uart_disable_before_lcr_write
                0x1000165c       0x40 scanvideo/demo2/CMakeFiles/demo2.dir/C_/pico/pico-sdk/src/rp2_common/hardware_uart/uart.c.obj
 .text.uart_write_lcr_bits_masked
                0x1000169c       0x1c scanvideo/demo2/CMakeFiles/demo2.dir/C_/pico/pico-sdk/src/rp2_common/hardware_uart/uart.c.obj
 .text.uart_set_baudrate
                0x100016b8       0x52 scanvideo/demo2/CMakeFiles/demo2.dir/C_/pico/pico-sdk/src/rp2_common/hardware_uart/uart.c.obj
                0x100016b8                uart_set_baudrate
 *fill*         0x1000170a        0x2 
 .text.uart_set_translate_crlf
                0x1000170c       0x24 scanvideo/demo2/CMakeFiles/demo2.dir/C_/pico/pico-sdk/src/rp2_common/hardware_uart/uart.c.obj
                0x1000170c                uart_set_translate_crlf
 .text.uart_init
                0x10001730       0x7c scanvideo/demo2/CMakeFiles/demo2.dir/C_/pico/pico-sdk/src/rp2_common/hardware_uart/uart.c.obj
                0x10001730                uart_init
 .text.clock_configure_internal
                0x100017ac       0xb4 scanvideo/demo2/CMakeFiles/demo2.dir/C_/pico/pico-sdk/src/rp2_common/hardware_clocks/clocks.c.obj
 .text.clock_configure_undivided
                0x10001860       0x12 scanvideo/demo2/CMakeFiles/demo2.dir/C_/pico/pico-sdk/src/rp2_common/hardware_clocks/clocks.c.obj
                0x10001860                clock_configure_undivided
 *fill*         0x10001872        0x2 
 .text.clock_get_hz
                0x10001874        0xc scanvideo/demo2/CMakeFiles/demo2.dir/C_/pico/pico-sdk/src/rp2_common/hardware_clocks/clocks.c.obj
                0x10001874                clock_get_hz
 .text.set_sys_clock_pll
                0x10001880       0x64 scanvideo/demo2/CMakeFiles/demo2.dir/C_/pico/pico-sdk/src/rp2_common/hardware_clocks/clocks.c.obj
                0x10001880                set_sys_clock_pll
 .text.check_sys_clock_khz
                0x100018e4       0x74 scanvideo/demo2/CMakeFiles/demo2.dir/C_/pico/pico-sdk/src/rp2_common/hardware_clocks/clocks.c.obj
                0x100018e4                check_sys_clock_khz
 .text.pll_init
                0x10001958      0x108 scanvideo/demo2/CMakeFiles/demo2.dir/C_/pico/pico-sdk/src/rp2_common/hardware_pll/pll.c.obj
                0x10001958                pll_init
 .text.vreg_set_voltage
                0x10001a60       0x48 scanvideo/demo2/CMakeFiles/demo2.dir/C_/pico/pico-sdk/src/rp2_common/hardware_vreg/vreg.c.obj
                0x10001a60                vreg_set_voltage
 .text.tick_start
                0x10001aa8       0x1c scanvideo/demo2/CMakeFiles/demo2.dir/C_/pico/pico-sdk/src/rp2_common/hardware_ticks/ticks.c.obj
                0x10001aa8                tick_start
 .text.rom_func_lookup
                0x10001ac4       0x1e scanvideo/demo2/CMakeFiles/demo2.dir/C_/pico/pico-sdk/src/rp2_common/pico_bootrom/bootrom.c.obj
                0x10001ac4                rom_func_lookup
 *fill*         0x10001ae2        0x2 
 .text.runtime_init_bootrom_locking_enable
                0x10001ae4       0x14 scanvideo/demo2/CMakeFiles/demo2.dir/C_/pico/pico-sdk/src/rp2_common/pico_bootrom/bootrom_lock.c.obj
                0x10001ae4                runtime_init_bootrom_locking_enable
 .text.boot_locks_reset
                0x10001af8       0x20 scanvideo/demo2/CMakeFiles/demo2.dir/C_/pico/pico-sdk/src/rp2_common/hardware_boot_lock/boot_lock.c.obj
                0x10001af8                boot_locks_reset
 .text.runtime_init_boot_locks_reset
                0x10001b18        0x8 scanvideo/demo2/CMakeFiles/demo2.dir/C_/pico/pico-sdk/src/rp2_common/hardware_boot_lock/boot_lock.c.obj
                0x10001b18                runtime_init_boot_locks_reset
 .text.xosc_init
                0x10001b20       0x28 scanvideo/demo2/CMakeFiles/demo2.dir/C_/pico/pico-sdk/src/rp2_common/hardware_xosc/xosc.c.obj
                0x10001b20                xosc_init
 .text.runtime_run_initializers_from
                0x10001b48       0x18 scanvideo/demo2/CMakeFiles/demo2.dir/C_/pico/pico-sdk/src/rp2_common/pico_runtime/runtime.c.obj
 .text.first_per_core_initializer
                0x10001b60        0x2 scanvideo/demo2/CMakeFiles/demo2.dir/C_/pico/pico-sdk/src/rp2_common/pico_runtime/runtime.c.obj
 *fill*         0x10001b62        0x2 
 .text.runtime_run_initializers
                0x10001b64       0x10 scanvideo/demo2/CMakeFiles/demo2.dir/C_/pico/pico-sdk/src/rp2_common/pico_runtime/runtime.c.obj
                0x10001b64                runtime_run_initializers
 .text.runtime_run_per_core_initializers
                0x10001b74       0x10 scanvideo/demo2/CMakeFiles/demo2.dir/C_/pico/pico-sdk/src/rp2_common/pico_runtime/runtime.c.obj
                0x10001b74                runtime_run_per_core_initializers
 .text.runtime_init_early_resets
                0x10001b84       0x2c scanvideo/demo2/CMakeFiles/demo2.dir/C_/pico/pico-sdk/src/rp2_common/pico_runtime_init/runtime_init.c.obj
                0x10001b84                runtime_init_early_resets
 .text.runtime_init_usb_power_down
                0x10001bb0       0x20 scanvideo/demo2/CMakeFiles/demo2.dir/C_/pico/pico-sdk/src/rp2_common/pico_runtime_init/runtime_init.c.obj
                0x10001bb0                runtime_init_usb_power_down
 .text.runtime_init_per_core_enable_coprocessors
                0x10001bd0       0x1c scanvideo/demo2/CMakeFiles/demo2.dir/C_/pico/pico-sdk/src/rp2_common/pico_runtime_init/runtime_init.c.obj
                0x10001bd0                runtime_init_per_core_enable_coprocessors
 .text.runtime_init_post_clock_resets
                0x10001bec       0x20 scanvideo/demo2/CMakeFiles/demo2.dir/C_/pico/pico-sdk/src/rp2_common/pico_runtime_init/runtime_init.c.obj
                0x10001bec                runtime_init_post_clock_resets
 .text.runtime_init_bootrom_reset
                0x10001c0c       0x12 scanvideo/demo2/CMakeFiles/demo2.dir/C_/pico/pico-sdk/src/rp2_common/pico_runtime_init/runtime_init.c.obj
                0x10001c0c                runtime_init_bootrom_reset
 .text.runtime_init_per_core_bootrom_reset
                0x10001c1e       0x12 scanvideo/demo2/CMakeFiles/demo2.dir/C_/pico/pico-sdk/src/rp2_common/pico_runtime_init/runtime_init.c.obj
                0x10001c1e                runtime_init_per_core_bootrom_reset
 .text.runtime_init_spin_locks_reset
                0x10001c30        0x8 scanvideo/demo2/CMakeFiles/demo2.dir/C_/pico/pico-sdk/src/rp2_common/pico_runtime_init/runtime_init.c.obj
                0x10001c30                runtime_init_spin_locks_reset
 .text.runtime_init_install_ram_vector_table
                0x10001c38       0x48 scanvideo/demo2/CMakeFiles/demo2.dir/C_/pico/pico-sdk/src/rp2_common/pico_runtime_init/runtime_init.c.obj
                0x10001c38                runtime_init_install_ram_vector_table
 .text.start_all_ticks
                0x10001c80       0x28 scanvideo/demo2/CMakeFiles/demo2.dir/C_/pico/pico-sdk/src/rp2_common/pico_runtime_init/runtime_init_clocks.c.obj
 .text.runtime_init_clocks
                0x10001ca8       0xc4 scanvideo/demo2/CMakeFiles/demo2.dir/C_/pico/pico-sdk/src/rp2_common/pico_runtime_init/runtime_init_clocks.c.obj
                0x10001ca8                runtime_init_clocks
 .text.__rp2350_dcp_engaged_state_save_restore
                0x10001d6c       0x3a scanvideo/demo2/CMakeFiles/demo2.dir/C_/pico/pico-sdk/src/rp2_common/pico_double/double_aeabi_dcp.S.obj
 *fill*         0x10001da6        0x2 
 .text.__wrap___aeabi_dadd
                0x10001da8       0x28 scanvideo/demo2/CMakeFiles/demo2.dir/C_/pico/pico-sdk/src/rp2_common/pico_double/double_aeabi_dcp.S.obj
                0x10001db0                __wrap___aeabi_dadd
 .text.__wrap___aeabi_dsub
                0x10001dd0       0x28 scanvideo/demo2/CMakeFiles/demo2.dir/C_/pico/pico-sdk/src/rp2_common/pico_double/double_aeabi_dcp.S.obj
                0x10001dd8                __wrap___aeabi_dsub
 .text.__wrap___aeabi_dmul
                0x10001df8       0x4c scanvideo/demo2/CMakeFiles/demo2.dir/C_/pico/pico-sdk/src/rp2_common/pico_double/double_aeabi_dcp.S.obj
                0x10001e00                __wrap___aeabi_dmul
 .text.__wrap___aeabi_ddiv
                0x10001e44       0x9c scanvideo/demo2/CMakeFiles/demo2.dir/C_/pico/pico-sdk/src/rp2_common/pico_double/double_aeabi_dcp.S.obj
                0x10001e4c                __wrap___aeabi_ddiv
 .text.__wrap___aeabi_i2d
                0x10001ee0       0x24 scanvideo/demo2/CMakeFiles/demo2.dir/C_/pico/pico-sdk/src/rp2_common/pico_double/double_aeabi_dcp.S.obj
                0x10001ee8                int2double
                0x10001ee8                __wrap___aeabi_i2d
 .text.__wrap___aeabi_ui2d
                0x10001f04       0x24 scanvideo/demo2/CMakeFiles/demo2.dir/C_/pico/pico-sdk/src/rp2_common/pico_double/double_aeabi_dcp.S.obj
                0x10001f0c                uint2double
                0x10001f0c                __wrap___aeabi_ui2d
 .text.__wrap___aeabi_d2iz
                0x10001f28       0x24 scanvideo/demo2/CMakeFiles/demo2.dir/C_/pico/pico-sdk/src/rp2_common/pico_double/double_aeabi_dcp.S.obj
                0x10001f30                double2int_z
                0x10001f30                __wrap___aeabi_d2iz
 .text.__wrap___aeabi_d2uiz
                0x10001f4c       0x24 scanvideo/demo2/CMakeFiles/demo2.dir/C_/pico/pico-sdk/src/rp2_common/pico_double/double_aeabi_dcp.S.obj
                0x10001f54                double2uint
                0x10001f54                __wrap___aeabi_d2uiz
                0x10001f54                double2uint_z
 .text.__wrap___aeabi_dcmpun
                0x10001f70       0x24 scanvideo/demo2/CMakeFiles/demo2.dir/C_/pico/pico-sdk/src/rp2_common/pico_double/double_aeabi_dcp.S.obj
                0x10001f78                __wrap___aeabi_dcmpun
 .text.__wrap___aeabi_dcmplt
                0x10001f94       0x28 scanvideo/demo2/CMakeFiles/demo2.dir/C_/pico/pico-sdk/src/rp2_common/pico_double/double_aeabi_dcp.S.obj
                0x10001f9c                __wrap___aeabi_dcmplt
 .text.__wrap___aeabi_dcmple
                0x10001fbc       0x28 scanvideo/demo2/CMakeFiles/demo2.dir/C_/pico/pico-sdk/src/rp2_common/pico_double/double_aeabi_dcp.S.obj
                0x10001fc4                __wrap___aeabi_dcmple
 .text.__wrap___aeabi_dcmpge
                0x10001fe4       0x28 scanvideo/demo2/CMakeFiles/demo2.dir/C_/pico/pico-sdk/src/rp2_common/pico_double/double_aeabi_dcp.S.obj
                0x10001fec                __wrap___aeabi_dcmpge
 .text.__wrap___aeabi_dcmpgt
                0x1000200c       0x28 scanvideo/demo2/CMakeFiles/demo2.dir/C_/pico/pico-sdk/src/rp2_common/pico_double/double_aeabi_dcp.S.obj
                0x10002014                __wrap___aeabi_dcmpgt
 .text.__wrap_malloc
                0x10002034       0x3c scanvideo/demo2/CMakeFiles/demo2.dir/C_/pico/pico-sdk/src/rp2_common/pico_malloc/malloc.c.obj
                0x10002034                __wrap_malloc
 .text.__wrap_calloc
                0x10002070       0x44 scanvideo/demo2/CMakeFiles/demo2.dir/C_/pico/pico-sdk/src/rp2_common/pico_malloc/malloc.c.obj
                0x10002070                __wrap_calloc
 .text._out_null
                0x100020b4        0x2 scanvideo/demo2/CMakeFiles/demo2.dir/C_/pico/pico-sdk/src/rp2_common/pico_printf/printf.c.obj
 .text._out_fct
                0x100020b6        0xe scanvideo/demo2/CMakeFiles/demo2.dir/C_/pico/pico-sdk/src/rp2_common/pico_printf/printf.c.obj
 .text._atoi    0x100020c4       0x24 scanvideo/demo2/CMakeFiles/demo2.dir/C_/pico/pico-sdk/src/rp2_common/pico_printf/printf.c.obj
 .text._out_rev
                0x100020e8       0x7e scanvideo/demo2/CMakeFiles/demo2.dir/C_/pico/pico-sdk/src/rp2_common/pico_printf/printf.c.obj
 .text._ntoa_format
                0x10002166      0x138 scanvideo/demo2/CMakeFiles/demo2.dir/C_/pico/pico-sdk/src/rp2_common/pico_printf/printf.c.obj
 .text._ntoa_long
                0x1000229e       0x94 scanvideo/demo2/CMakeFiles/demo2.dir/C_/pico/pico-sdk/src/rp2_common/pico_printf/printf.c.obj
 .text._ntoa_long_long
                0x10002332       0xc6 scanvideo/demo2/CMakeFiles/demo2.dir/C_/pico/pico-sdk/src/rp2_common/pico_printf/printf.c.obj
 .text._etoa    0x100023f8      0x41c scanvideo/demo2/CMakeFiles/demo2.dir/C_/pico/pico-sdk/src/rp2_common/pico_printf/printf.c.obj
 *fill*         0x10002814        0x4 
 .text._ftoa    0x10002818      0x398 scanvideo/demo2/CMakeFiles/demo2.dir/C_/pico/pico-sdk/src/rp2_common/pico_printf/printf.c.obj
 .text._vsnprintf
                0x10002bb0      0x680 scanvideo/demo2/CMakeFiles/demo2.dir/C_/pico/pico-sdk/src/rp2_common/pico_printf/printf.c.obj
 .text.vfctprintf
                0x10003230       0x24 scanvideo/demo2/CMakeFiles/demo2.dir/C_/pico/pico-sdk/src/rp2_common/pico_printf/printf.c.obj
                0x10003230                vfctprintf
 .text._exit    0x10003254        0x4 scanvideo/demo2/CMakeFiles/demo2.dir/C_/pico/pico-sdk/src/rp2_common/pico_clib_interface/newlib_interface.c.obj
                0x10003254                _exit
 .text._sbrk    0x10003258       0x34 scanvideo/demo2/CMakeFiles/demo2.dir/C_/pico/pico-sdk/src/rp2_common/pico_clib_interface/newlib_interface.c.obj
                0x10003258                _sbrk
 .text.exit     0x1000328c        0x6 scanvideo/demo2/CMakeFiles/demo2.dir/C_/pico/pico-sdk/src/rp2_common/pico_clib_interface/newlib_interface.c.obj
                0x1000328c                exit
 *fill*         0x10003292        0x2 
 .text.__assert_func
                0x10003294       0x38 scanvideo/demo2/CMakeFiles/demo2.dir/C_/pico/pico-sdk/src/rp2_common/pico_clib_interface/newlib_interface.c.obj
                0x10003294                __assert_func
 .text.runtime_init
                0x100032cc       0x2c scanvideo/demo2/CMakeFiles/demo2.dir/C_/pico/pico-sdk/src/rp2_common/pico_clib_interface/newlib_interface.c.obj
                0x100032cc                runtime_init
 .text.stdio_out_chars_no_crlf
                0x100032f8        0xe scanvideo/demo2/CMakeFiles/demo2.dir/C_/pico/pico-sdk/src/rp2_common/pico_stdio/stdio.c.obj
 *fill*         0x10003306        0x2 
 .text.stdio_out_chars_crlf
                0x10003308       0x80 scanvideo/demo2/CMakeFiles/demo2.dir/C_/pico/pico-sdk/src/rp2_common/pico_stdio/stdio.c.obj
 .text.stdio_stack_buffer_flush
                0x10003388       0x40 scanvideo/demo2/CMakeFiles/demo2.dir/C_/pico/pico-sdk/src/rp2_common/pico_stdio/stdio.c.obj
 .text.stdio_buffered_printer
                0x100033c8       0x20 scanvideo/demo2/CMakeFiles/demo2.dir/C_/pico/pico-sdk/src/rp2_common/pico_stdio/stdio.c.obj
 .text.stdout_serialize_begin
                0x100033e8       0x2c scanvideo/demo2/CMakeFiles/demo2.dir/C_/pico/pico-sdk/src/rp2_common/pico_stdio/stdio.c.obj
                0x100033e8                stdout_serialize_begin
 .text.stdout_serialize_end
                0x10003414       0x10 scanvideo/demo2/CMakeFiles/demo2.dir/C_/pico/pico-sdk/src/rp2_common/pico_stdio/stdio.c.obj
                0x10003414                stdout_serialize_end
 .text.stdio_put_string
                0x10003424       0x8c scanvideo/demo2/CMakeFiles/demo2.dir/C_/pico/pico-sdk/src/rp2_common/pico_stdio/stdio.c.obj
                0x10003424                stdio_put_string
 .text.stdio_get_until
                0x100034b0       0x74 scanvideo/demo2/CMakeFiles/demo2.dir/C_/pico/pico-sdk/src/rp2_common/pico_stdio/stdio.c.obj
                0x100034b0                stdio_get_until
 .text.stdio_set_driver_enabled
                0x10003524       0x28 scanvideo/demo2/CMakeFiles/demo2.dir/C_/pico/pico-sdk/src/rp2_common/pico_stdio/stdio.c.obj
                0x10003524                stdio_set_driver_enabled
 .text.stdio_flush
                0x1000354c       0x1c scanvideo/demo2/CMakeFiles/demo2.dir/C_/pico/pico-sdk/src/rp2_common/pico_stdio/stdio.c.obj
                0x1000354c                stdio_flush
 .text.stdio_getchar_timeout_us
                0x10003568       0x50 scanvideo/demo2/CMakeFiles/demo2.dir/C_/pico/pico-sdk/src/rp2_common/pico_stdio/stdio.c.obj
                0x10003568                stdio_getchar_timeout_us
 .text.__wrap_puts
                0x100035b8       0x1e scanvideo/demo2/CMakeFiles/demo2.dir/C_/pico/pico-sdk/src/rp2_common/pico_stdio/stdio.c.obj
                0x100035b8                stdio_puts
                0x100035b8                __wrap_puts
 *fill*         0x100035d6        0x2 
 .text.__wrap_vprintf
                0x100035d8       0x3c scanvideo/demo2/CMakeFiles/demo2.dir/C_/pico/pico-sdk/src/rp2_common/pico_stdio/stdio.c.obj
                0x100035d8                stdio_vprintf
                0x100035d8                __wrap_vprintf
 .text.__wrap_printf
                0x10003614       0x1c scanvideo/demo2/CMakeFiles/demo2.dir/C_/pico/pico-sdk/src/rp2_common/pico_stdio/stdio.c.obj
                0x10003614                __wrap_printf
                0x10003614                stdio_printf
 .text.stdio_uart_out_chars
                0x10003630       0x8c scanvideo/demo2/CMakeFiles/demo2.dir/C_/pico/pico-sdk/src/rp2_common/pico_stdio_uart/stdio_uart.c.obj
 .text.stdio_uart_in_chars
                0x100036bc       0x7c scanvideo/demo2/CMakeFiles/demo2.dir/C_/pico/pico-sdk/src/rp2_common/pico_stdio_uart/stdio_uart.c.obj
                0x100036bc                stdio_uart_in_chars
 .text.on_uart_rx
                0x10003738       0x24 scanvideo/demo2/CMakeFiles/demo2.dir/C_/pico/pico-sdk/src/rp2_common/pico_stdio_uart/stdio_uart.c.obj
 .text.stdio_uart_out_flush
                0x1000375c       0x14 scanvideo/demo2/CMakeFiles/demo2.dir/C_/pico/pico-sdk/src/rp2_common/pico_stdio_uart/stdio_uart.c.obj
 .text.stdio_uart_set_chars_available_callback
                0x10003770       0x88 scanvideo/demo2/CMakeFiles/demo2.dir/C_/pico/pico-sdk/src/rp2_common/pico_stdio_uart/stdio_uart.c.obj
 .text.stdio_uart_init_full
                0x100037f8       0x50 scanvideo/demo2/CMakeFiles/demo2.dir/C_/pico/pico-sdk/src/rp2_common/pico_stdio_uart/stdio_uart.c.obj
                0x100037f8                stdio_uart_init_full
 .text.stdio_uart_init
                0x10003848       0x30 scanvideo/demo2/CMakeFiles/demo2.dir/C_/pico/pico-sdk/src/rp2_common/pico_stdio_uart/stdio_uart.c.obj
                0x10003848                stdio_uart_init
 .text.dma_channel_hw_addr
                0x10003878        0x8 scanvideo/demo2/CMakeFiles/demo2.dir/C_/pico/pico-extras/src/rp2_common/pico_scanvideo_dpi/scanvideo.c.obj
 .text.pio_encode_jmp
                0x10003880        0x8 scanvideo/demo2/CMakeFiles/demo2.dir/C_/pico/pico-extras/src/rp2_common/pico_scanvideo_dpi/scanvideo.c.obj
 .text.pio_encode_wait_irq
                0x10003888       0x1c scanvideo/demo2/CMakeFiles/demo2.dir/C_/pico/pico-extras/src/rp2_common/pico_scanvideo_dpi/scanvideo.c.obj
 .text.pio_encode_out
                0x100038a4       0x14 scanvideo/demo2/CMakeFiles/demo2.dir/C_/pico/pico-extras/src/rp2_common/pico_scanvideo_dpi/scanvideo.c.obj
 .text.pio_sm_exec
                0x100038b8       0x10 scanvideo/demo2/CMakeFiles/demo2.dir/C_/pico/pico-extras/src/rp2_common/pico_scanvideo_dpi/scanvideo.c.obj
 .text.pio_sm_is_exec_stalled
                0x100038c8       0x10 scanvideo/demo2/CMakeFiles/demo2.dir/C_/pico/pico-extras/src/rp2_common/pico_scanvideo_dpi/scanvideo.c.obj
 .text.pio_sm_is_tx_fifo_empty
                0x100038d8       0x14 scanvideo/demo2/CMakeFiles/demo2.dir/C_/pico/pico-extras/src/rp2_common/pico_scanvideo_dpi/scanvideo.c.obj
 .text.pio_sm_clear_fifos
                0x100038ec       0x18 scanvideo/demo2/CMakeFiles/demo2.dir/C_/pico/pico-extras/src/rp2_common/pico_scanvideo_dpi/scanvideo.c.obj
 .text.scanvideo_frame_number
                0x10003904        0x4 scanvideo/demo2/CMakeFiles/demo2.dir/C_/pico/pico-extras/src/rp2_common/pico_scanvideo_dpi/scanvideo.c.obj
 .text.scanvideo_scanline_number
                0x10003908        0x4 scanvideo/demo2/CMakeFiles/demo2.dir/C_/pico/pico-extras/src/rp2_common/pico_scanvideo_dpi/scanvideo.c.obj
 .text.is_scanline_after
                0x1000390c        0xc scanvideo/demo2/CMakeFiles/demo2.dir/C_/pico/pico-extras/src/rp2_common/pico_scanvideo_dpi/scanvideo.c.obj
 .text.list_prepend
                0x10003918        0x8 scanvideo/demo2/CMakeFiles/demo2.dir/C_/pico/pico-extras/src/rp2_common/pico_scanvideo_dpi/scanvideo.c.obj
 .text.list_prepend_all
                0x10003920       0x14 scanvideo/demo2/CMakeFiles/demo2.dir/C_/pico/pico-extras/src/rp2_common/pico_scanvideo_dpi/scanvideo.c.obj
 .text.list_remove_head
                0x10003934       0x10 scanvideo/demo2/CMakeFiles/demo2.dir/C_/pico/pico-extras/src/rp2_common/pico_scanvideo_dpi/scanvideo.c.obj
 .text.list_remove_head_ascending
                0x10003944       0x18 scanvideo/demo2/CMakeFiles/demo2.dir/C_/pico/pico-extras/src/rp2_common/pico_scanvideo_dpi/scanvideo.c.obj
 .text.scanline_id_after
                0x1000395c       0x1c scanvideo/demo2/CMakeFiles/demo2.dir/C_/pico/pico-extras/src/rp2_common/pico_scanvideo_dpi/scanvideo.c.obj
 .text.list_insert_ascending
                0x10003978       0x50 scanvideo/demo2/CMakeFiles/demo2.dir/C_/pico/pico-extras/src/rp2_common/pico_scanvideo_dpi/scanvideo.c.obj
 .text.set_next_scanline_id
                0x100039c8       0x24 scanvideo/demo2/CMakeFiles/demo2.dir/C_/pico/pico-extras/src/rp2_common/pico_scanvideo_dpi/scanvideo.c.obj
 .text.video_24mhz_composable_adapt_for_mode
                0x100039ec       0x88 scanvideo/demo2/CMakeFiles/demo2.dir/C_/pico/pico-extras/src/rp2_common/pico_scanvideo_dpi/scanvideo.c.obj
                0x100039ec                video_24mhz_composable_adapt_for_mode
 .text.update_dma_transfer_state_irqs_enabled.part.0
                0x10003a74       0x1c scanvideo/demo2/CMakeFiles/demo2.dir/C_/pico/pico-extras/src/rp2_common/pico_scanvideo_dpi/scanvideo.c.obj
 .text.copy_program.part.0
                0x10003a90       0x1c scanvideo/demo2/CMakeFiles/demo2.dir/C_/pico/pico-extras/src/rp2_common/pico_scanvideo_dpi/scanvideo.c.obj
 .text.video_24mhz_composable_configure_pio
                0x10003aac       0x54 scanvideo/demo2/CMakeFiles/demo2.dir/C_/pico/pico-extras/src/rp2_common/pico_scanvideo_dpi/scanvideo.c.obj
                0x10003aac                video_24mhz_composable_configure_pio
 .text.scanline_dma_complete_irqs_enabled
                0x10003b00      0x1d4 scanvideo/demo2/CMakeFiles/demo2.dir/C_/pico/pico-extras/src/rp2_common/pico_scanvideo_dpi/scanvideo.c.obj
 *fill*         0x10003cd4        0x4 
 .text.scanvideo_setup_with_timing
                0x10003cd8      0x418 scanvideo/demo2/CMakeFiles/demo2.dir/C_/pico/pico-extras/src/rp2_common/pico_scanvideo_dpi/scanvideo.c.obj
                0x10003cd8                scanvideo_setup_with_timing
 .text.scanvideo_setup
                0x100040f0        0x8 scanvideo/demo2/CMakeFiles/demo2.dir/C_/pico/pico-extras/src/rp2_common/pico_scanvideo_dpi/scanvideo.c.obj
                0x100040f0                scanvideo_setup
 .text.scanvideo_timing_enable
                0x100040f8       0x90 scanvideo/demo2/CMakeFiles/demo2.dir/C_/pico/pico-extras/src/rp2_common/pico_scanvideo_dpi/scanvideo.c.obj
                0x100040f8                scanvideo_timing_enable
 .text.dma_channel_claim
                0x10004188       0x18 scanvideo/demo2/CMakeFiles/demo2.dir/C_/pico/pico-sdk/src/rp2_common/hardware_dma/dma.c.obj
                0x10004188                dma_channel_claim
 .text.dma_claim_mask
                0x100041a0       0x1e scanvideo/demo2/CMakeFiles/demo2.dir/C_/pico/pico-sdk/src/rp2_common/hardware_dma/dma.c.obj
                0x100041a0                dma_claim_mask
 .text.is_gpio_compatible
                0x100041be       0x24 scanvideo/demo2/CMakeFiles/demo2.dir/C_/pico/pico-sdk/src/rp2_common/hardware_pio/pio.c.obj
 .text.is_program_gpio_compatible
                0x100041e2        0xa scanvideo/demo2/CMakeFiles/demo2.dir/C_/pico/pico-sdk/src/rp2_common/hardware_pio/pio.c.obj
 .text.add_program_at_offset_check
                0x100041ec       0x54 scanvideo/demo2/CMakeFiles/demo2.dir/C_/pico/pico-sdk/src/rp2_common/hardware_pio/pio.c.obj
 .text.add_program_at_offset
                0x10004240       0x60 scanvideo/demo2/CMakeFiles/demo2.dir/C_/pico/pico-sdk/src/rp2_common/hardware_pio/pio.c.obj
 .text.find_offset_for_program
                0x100042a0       0x78 scanvideo/demo2/CMakeFiles/demo2.dir/C_/pico/pico-sdk/src/rp2_common/hardware_pio/pio.c.obj
 .text.pio_sm_claim
                0x10004318       0x3c scanvideo/demo2/CMakeFiles/demo2.dir/C_/pico/pico-sdk/src/rp2_common/hardware_pio/pio.c.obj
                0x10004318                pio_sm_claim
 .text.pio_claim_sm_mask
                0x10004354       0x22 scanvideo/demo2/CMakeFiles/demo2.dir/C_/pico/pico-sdk/src/rp2_common/hardware_pio/pio.c.obj
                0x10004354                pio_claim_sm_mask
 .text.pio_add_program
                0x10004376       0x30 scanvideo/demo2/CMakeFiles/demo2.dir/C_/pico/pico-sdk/src/rp2_common/hardware_pio/pio.c.obj
                0x10004376                pio_add_program
 .text.pio_sm_set_consecutive_pindirs
                0x100043a6       0x9e scanvideo/demo2/CMakeFiles/demo2.dir/C_/pico/pico-sdk/src/rp2_common/hardware_pio/pio.c.obj
                0x100043a6                pio_sm_set_consecutive_pindirs
 .text.pio_sm_init
                0x10004444       0xda scanvideo/demo2/CMakeFiles/demo2.dir/C_/pico/pico-sdk/src/rp2_common/hardware_pio/pio.c.obj
                0x10004444                pio_sm_init
 .text.core1_trampoline
                0x1000451e        0x2 scanvideo/demo2/CMakeFiles/demo2.dir/C_/pico/pico-sdk/src/rp2_common/pico_multicore/multicore.c.obj
 .text.core1_wrapper
                0x10004520        0xc scanvideo/demo2/CMakeFiles/demo2.dir/C_/pico/pico-sdk/src/rp2_common/pico_multicore/multicore.c.obj
                0x10004520                core1_wrapper
 .text.multicore_fifo_push_blocking
                0x1000452c       0x16 scanvideo/demo2/CMakeFiles/demo2.dir/C_/pico/pico-sdk/src/rp2_common/pico_multicore/multicore.c.obj
                0x1000452c                multicore_fifo_push_blocking
 .text.multicore_fifo_pop_blocking
                0x10004542       0x18 scanvideo/demo2/CMakeFiles/demo2.dir/C_/pico/pico-sdk/src/rp2_common/pico_multicore/multicore.c.obj
                0x10004542                multicore_fifo_pop_blocking
 .text.multicore_launch_core1_raw
                0x1000455a       0x76 scanvideo/demo2/CMakeFiles/demo2.dir/C_/pico/pico-sdk/src/rp2_common/pico_multicore/multicore.c.obj
                0x1000455a                multicore_launch_core1_raw
 .text.multicore_launch_core1_with_stack
                0x100045d0       0x50 scanvideo/demo2/CMakeFiles/demo2.dir/C_/pico/pico-sdk/src/rp2_common/pico_multicore/multicore.c.obj
                0x100045d0                multicore_launch_core1_with_stack
 .text.multicore_launch_core1
                0x10004620       0x24 scanvideo/demo2/CMakeFiles/demo2.dir/C_/pico/pico-sdk/src/rp2_common/pico_multicore/multicore.c.obj
                0x10004620                multicore_launch_core1
 .text.blend_palette
                0x10004644       0xc4 scanvideo/demo2/CMakeFiles/demo2.dir/__/render/image.c.obj
                0x10004644                blend_palette
 .text.calloc   0x10004708       0x10 c:/progra~2/gnuarm~1/102021~1.10/bin/../lib/gcc/arm-none-eabi/10.3.1/../../../../arm-none-eabi/lib/thumb/v8-m.main+fp/softfp\libg.a(lib_a-calloc.o)
                0x10004708                calloc
 .text._calloc_r
                0x10004718       0x6c c:/progra~2/gnuarm~1/102021~1.10/bin/../lib/gcc/arm-none-eabi/10.3.1/../../../../arm-none-eabi/lib/thumb/v8-m.main+fp/softfp\libg.a(lib_a-callocr.o)
                0x10004718                _calloc_r
 .text.__errno  0x10004784        0xc c:/progra~2/gnuarm~1/102021~1.10/bin/../lib/gcc/arm-none-eabi/10.3.1/../../../../arm-none-eabi/lib/thumb/v8-m.main+fp/softfp\libg.a(lib_a-errno.o)
                0x10004784                __errno
 .text.malloc   0x10004790       0x10 c:/progra~2/gnuarm~1/102021~1.10/bin/../lib/gcc/arm-none-eabi/10.3.1/../../../../arm-none-eabi/lib/thumb/v8-m.main+fp/softfp\libg.a(lib_a-malloc.o)
                0x10004790                malloc
 .text._malloc_r
                0x100047a0      0x574 c:/progra~2/gnuarm~1/102021~1.10/bin/../lib/gcc/arm-none-eabi/10.3.1/../../../../arm-none-eabi/lib/thumb/v8-m.main+fp/softfp\libg.a(lib_a-mallocr.o)
                0x100047a0                _malloc_r
 .text          0x10004d14       0xec c:/progra~2/gnuarm~1/102021~1.10/bin/../lib/gcc/arm-none-eabi/10.3.1/../../../../arm-none-eabi/lib/thumb/v8-m.main+fp/softfp\libg.a(lib_a-memcpy.o)
                0x10004d14                memcpy
 .text.memset   0x10004e00       0xa4 c:/progra~2/gnuarm~1/102021~1.10/bin/../lib/gcc/arm-none-eabi/10.3.1/../../../../arm-none-eabi/lib/thumb/v8-m.main+fp/softfp\libg.a(lib_a-memset.o)
                0x10004e00                memset
 .text.__malloc_lock
                0x10004ea4        0xc c:/progra~2/gnuarm~1/102021~1.10/bin/../lib/gcc/arm-none-eabi/10.3.1/../../../../arm-none-eabi/lib/thumb/v8-m.main+fp/softfp\libg.a(lib_a-mlock.o)
                0x10004ea4                __malloc_lock
 .text.__malloc_unlock
                0x10004eb0        0xc c:/progra~2/gnuarm~1/102021~1.10/bin/../lib/gcc/arm-none-eabi/10.3.1/../../../../arm-none-eabi/lib/thumb/v8-m.main+fp/softfp\libg.a(lib_a-mlock.o)
                0x10004eb0                __malloc_unlock
 .text._sbrk_r  0x10004ebc       0x24 c:/progra~2/gnuarm~1/102021~1.10/bin/../lib/gcc/arm-none-eabi/10.3.1/../../../../arm-none-eabi/lib/thumb/v8-m.main+fp/softfp\libg.a(lib_a-sbrkr.o)
                0x10004ebc                _sbrk_r
 .text.strlen   0x10004ee0       0x5c c:/progra~2/gnuarm~1/102021~1.10/bin/../lib/gcc/arm-none-eabi/10.3.1/../../../../arm-none-eabi/lib/thumb/v8-m.main+fp/softfp\libg.a(lib_a-strlen-stub.o)
                0x10004ee0                strlen
 .text._malloc_trim_r
                0x10004f3c       0xa0 c:/progra~2/gnuarm~1/102021~1.10/bin/../lib/gcc/arm-none-eabi/10.3.1/../../../../arm-none-eabi/lib/thumb/v8-m.main+fp/softfp\libg.a(lib_a-freer.o)
                0x10004f3c                _malloc_trim_r
 .text._free_r  0x10004fdc      0x20c c:/progra~2/gnuarm~1/102021~1.10/bin/../lib/gcc/arm-none-eabi/10.3.1/../../../../arm-none-eabi/lib/thumb/v8-m.main+fp/softfp\libg.a(lib_a-freer.o)
                0x10004fdc                _free_r
 .text.__retarget_lock_acquire_recursive
                0x100051e8        0x4 c:/progra~2/gnuarm~1/102021~1.10/bin/../lib/gcc/arm-none-eabi/10.3.1/../../../../arm-none-eabi/lib/thumb/v8-m.main+fp/softfp\libg.a(lib_a-lock.o)
                0x100051e8                __retarget_lock_acquire_recursive
 .text.__retarget_lock_release_recursive
                0x100051ec        0x4 c:/progra~2/gnuarm~1/102021~1.10/bin/../lib/gcc/arm-none-eabi/10.3.1/../../../../arm-none-eabi/lib/thumb/v8-m.main+fp/softfp\libg.a(lib_a-lock.o)
                0x100051ec                __retarget_lock_release_recursive
 *(.fini)
 .fini          0x100051f0        0x4 c:/progra~2/gnuarm~1/102021~1.10/bin/../lib/gcc/arm-none-eabi/10.3.1/thumb/v8-m.main+fp/softfp/crti.o
                0x100051f0                _fini
 *fill*         0x100051f4        0x4 
 .fini.__stub   0x100051f8       0x70 linker stubs
 *crtbegin.o(.ctors)
 *crtbegin?.o(.ctors)
 *(EXCLUDE_FILE(*crtend.o *crtend?.o) .ctors)
 *(SORT_BY_NAME(.ctors.*))
 *(.ctors)
 *crtbegin.o(.dtors)
 *crtbegin?.o(.dtors)
 *(EXCLUDE_FILE(*crtend.o *crtend?.o) .dtors)
 *(SORT_BY_NAME(.dtors.*))
 *(.dtors)
                0x10005268                . = ALIGN (0x4)
                0x10005268                PROVIDE (__preinit_array_start = .)
 *(SORT_BY_NAME(.preinit_array.*))
 .preinit_array.00050
                0x10005268        0x4 scanvideo/demo2/CMakeFiles/demo2.dir/C_/pico/pico-sdk/src/rp2_common/pico_runtime_init/runtime_init.c.obj
                0x10005268                __pre_init_runtime_init_bootrom_reset
 .preinit_array.00100
                0x1000526c        0x4 scanvideo/demo2/CMakeFiles/demo2.dir/C_/pico/pico-sdk/src/rp2_common/pico_runtime_init/runtime_init.c.obj
                0x1000526c                __pre_init_runtime_init_early_resets
 .preinit_array.00101
                0x10005270        0x4 scanvideo/demo2/CMakeFiles/demo2.dir/C_/pico/pico-sdk/src/rp2_common/pico_runtime_init/runtime_init.c.obj
                0x10005270                __pre_init_runtime_init_usb_power_down
 .preinit_array.00500
                0x10005274        0x4 scanvideo/demo2/CMakeFiles/demo2.dir/C_/pico/pico-sdk/src/rp2_common/pico_runtime_init/runtime_init.c.obj
                0x10005274                __pre_init_runtime_init_clocks
 .preinit_array.00600
                0x10005278        0x4 scanvideo/demo2/CMakeFiles/demo2.dir/C_/pico/pico-sdk/src/rp2_common/pico_runtime_init/runtime_init.c.obj
                0x10005278                __pre_init_runtime_init_post_clock_resets
 .preinit_array.01000
                0x1000527c        0x4 scanvideo/demo2/CMakeFiles/demo2.dir/C_/pico/pico-sdk/src/rp2_common/hardware_boot_lock/boot_lock.c.obj
                0x1000527c                __pre_init_runtime_init_boot_locks_reset
 .preinit_array.01000
                0x10005280        0x4 scanvideo/demo2/CMakeFiles/demo2.dir/C_/pico/pico-sdk/src/rp2_common/pico_runtime_init/runtime_init.c.obj
                0x10005280                __pre_init_runtime_init_spin_locks_reset
 .preinit_array.01010
                0x10005284        0x4 scanvideo/demo2/CMakeFiles/demo2.dir/C_/pico/pico-sdk/src/rp2_common/pico_bootrom/bootrom_lock.c.obj
                0x10005284                __pre_init_runtime_init_bootrom_locking_enable
 .preinit_array.01100
                0x10005288        0x4 scanvideo/demo2/CMakeFiles/demo2.dir/C_/pico/pico-sdk/src/common/pico_sync/mutex.c.obj
                0x10005288                __pre_init_runtime_init_mutex
 .preinit_array.10080
                0x1000528c        0x4 scanvideo/demo2/CMakeFiles/demo2.dir/C_/pico/pico-sdk/src/rp2_common/pico_runtime_init/runtime_init.c.obj
                0x1000528c                __pre_init_runtime_init_install_ram_vector_table
 .preinit_array.11000
                0x10005290        0x4 scanvideo/demo2/CMakeFiles/demo2.dir/C_/pico/pico-sdk/src/common/pico_time/time.c.obj
                0x10005290                __pre_init_runtime_init_default_alarm_pool
 .preinit_array.YYYYY
                0x10005294        0x4 scanvideo/demo2/CMakeFiles/demo2.dir/C_/pico/pico-sdk/src/rp2_common/pico_runtime/runtime.c.obj
                0x10005294                __pre_init_first_per_core_initializer
 .preinit_array.ZZZZZ.00051
                0x10005298        0x4 scanvideo/demo2/CMakeFiles/demo2.dir/C_/pico/pico-sdk/src/rp2_common/pico_runtime_init/runtime_init.c.obj
                0x10005298                __pre_init_runtime_init_per_core_bootrom_reset
 .preinit_array.ZZZZZ.00200
                0x1000529c        0x4 scanvideo/demo2/CMakeFiles/demo2.dir/C_/pico/pico-sdk/src/rp2_common/pico_runtime_init/runtime_init.c.obj
                0x1000529c                __pre_init_runtime_init_per_core_enable_coprocessors
 .preinit_array.ZZZZZ.01200
                0x100052a0        0x4 scanvideo/demo2/CMakeFiles/demo2.dir/C_/pico/pico-sdk/src/rp2_common/hardware_irq/irq.c.obj
                0x100052a0                __pre_init_runtime_init_per_core_irq_priorities
 *(.preinit_array)
                0x100052a4                PROVIDE (__preinit_array_end = .)
                0x100052a4                . = ALIGN (0x4)
                0x100052a4                PROVIDE (__init_array_start = .)
 *(SORT_BY_NAME(.init_array.*))
 *(.init_array)
 .init_array    0x100052a4        0x4 c:/progra~2/gnuarm~1/102021~1.10/bin/../lib/gcc/arm-none-eabi/10.3.1/thumb/v8-m.main+fp/softfp/crtbegin.o
                0x100052a8                PROVIDE (__init_array_end = .)
                0x100052a8                . = ALIGN (0x4)
                [!provide]                PROVIDE (__fini_array_start = .)
 *(SORT_BY_NAME(.fini_array.*))
 *(.fini_array)
                [!provide]                PROVIDE (__fini_array_end = .)
 *(.eh_frame*)
 .eh_frame      0x100052a8        0x0 c:/progra~2/gnuarm~1/102021~1.10/bin/../lib/gcc/arm-none-eabi/10.3.1/thumb/v8-m.main+fp/softfp/crtbegin.o
                0x100052a8                . = ALIGN (0x4)

.glue_7         0x100052a8        0x0
 .glue_7        0x100052a8        0x0 linker stubs

.glue_7t        0x100052a8        0x0
 .glue_7t       0x100052a8        0x0 linker stubs

.vfp11_veneer   0x100052a8        0x0
 .vfp11_veneer  0x100052a8        0x0 linker stubs

.v4_bx          0x100052a8        0x0
 .v4_bx         0x100052a8        0x0 linker stubs

.iplt           0x100052a8        0x0
 .iplt          0x100052a8        0x0 c:/progra~2/gnuarm~1/102021~1.10/bin/../lib/gcc/arm-none-eabi/10.3.1/thumb/v8-m.main+fp/softfp/crtbegin.o

.boot2          0x100052a8        0x0
                0x100052a8                __boot2_start__ = .
 *(.boot2)
                0x100052a8                __boot2_end__ = .
                0x00000001                ASSERT (((__boot2_end__ - __boot2_start__) <= 0x100), ERROR: Pico second stage bootloader must be no more than 256 bytes in size)

.rodata         0x100052a8     0x4aac
 *(EXCLUDE_FILE(*libm.a: *libc.a:*lib_a-mem*.o *libgcc.a:) .rodata*)
 .rodata.set_sys_clock_khz.str1.4
                0x100052a8       0x32 scanvideo/demo2/CMakeFiles/demo2.dir/demo2.c.obj
 *fill*         0x100052da        0x2 
 .rodata.str1.4
                0x100052dc       0x8f scanvideo/demo2/CMakeFiles/demo2.dir/demo2.c.obj
 *fill*         0x1000536b        0x1 
 .rodata.main.str1.4
                0x1000536c       0x14 scanvideo/demo2/CMakeFiles/demo2.dir/demo2.c.obj
 .rodata.__func__.0
                0x10005380       0x13 scanvideo/demo2/CMakeFiles/demo2.dir/demo2.c.obj
 *fill*         0x10005393        0x1 
 .rodata.__func__.5
                0x10005394        0xc scanvideo/demo2/CMakeFiles/demo2.dir/demo2.c.obj
 .rodata.images
                0x100053a0        0x8 scanvideo/demo2/CMakeFiles/demo2.dir/demo2.c.obj
 .rodata.pi400_image_data
                0x100053a8       0x18 scanvideo/demo2/CMakeFiles/demo2.dir/data2.c.obj
                0x100053a8                pi400_image_data
 .rodata.pi400_image_data_bytes
                0x100053c0     0x25aa scanvideo/demo2/CMakeFiles/demo2.dir/data2.c.obj
                0x100053c0                pi400_image_data_bytes
 *fill*         0x1000796a        0x2 
 .rodata.pi400_image_data_offsets
                0x1000796c      0x322 scanvideo/demo2/CMakeFiles/demo2.dir/data2.c.obj
                0x1000796c                pi400_image_data_offsets
 *fill*         0x10007c8e        0x2 
 .rodata.pi_palette
                0x10007c90       0x44 scanvideo/demo2/CMakeFiles/demo2.dir/data2.c.obj
                0x10007c90                pi_palette
 .rodata.riscv_image_data
                0x10007cd4       0x18 scanvideo/demo2/CMakeFiles/demo2.dir/data2.c.obj
                0x10007cd4                riscv_image_data
 .rodata.riscv_image_data_bytes
                0x10007cec     0x1251 scanvideo/demo2/CMakeFiles/demo2.dir/data2.c.obj
                0x10007cec                riscv_image_data_bytes
 *fill*         0x10008f3d        0x3 
 .rodata.riscv_image_data_offsets
                0x10008f40      0x1f2 scanvideo/demo2/CMakeFiles/demo2.dir/data2.c.obj
                0x10008f40                riscv_image_data_offsets
 *fill*         0x10009132        0x2 
 .rodata.riscv_palette
                0x10009134       0x44 scanvideo/demo2/CMakeFiles/demo2.dir/data2.c.obj
                0x10009134                riscv_palette
 .rodata.panic.str1.4
                0x10009178       0x10 scanvideo/demo2/CMakeFiles/demo2.dir/C_/pico/pico-sdk/src/rp2_common/pico_platform_panic/panic.c.obj
                                 0x12 (size before relaxing)
 .rodata.spin_lock_init.str1.4
                0x10009188       0x65 scanvideo/demo2/CMakeFiles/demo2.dir/C_/pico/pico-sdk/src/rp2_common/hardware_sync_spin_lock/sync_spin_lock.c.obj
 *fill*         0x100091ed        0x3 
 .rodata.__func__.0
                0x100091f0        0xf scanvideo/demo2/CMakeFiles/demo2.dir/C_/pico/pico-sdk/src/rp2_common/hardware_sync_spin_lock/sync_spin_lock.c.obj
 *fill*         0x100091ff        0x1 
 .rodata.make_j_16.str1.4
                0x10009200       0x63 scanvideo/demo2/CMakeFiles/demo2.dir/C_/pico/pico-sdk/src/rp2_common/hardware_irq/irq.c.obj
 *fill*         0x10009263        0x1 
 .rodata.insert_bl_32.str1.4
                0x10009264       0x10 scanvideo/demo2/CMakeFiles/demo2.dir/C_/pico/pico-sdk/src/rp2_common/hardware_irq/irq.c.obj
 .rodata.irq_set_exclusive_handler.str1.4
                0x10009274       0x36 scanvideo/demo2/CMakeFiles/demo2.dir/C_/pico/pico-sdk/src/rp2_common/hardware_irq/irq.c.obj
 *fill*         0x100092aa        0x2 
 .rodata.irq_add_shared_handler.str1.4
                0x100092ac       0xe9 scanvideo/demo2/CMakeFiles/demo2.dir/C_/pico/pico-sdk/src/rp2_common/hardware_irq/irq.c.obj
 *fill*         0x10009395        0x3 
 .rodata.irq_remove_handler.str1.4
                0x10009398       0x3a scanvideo/demo2/CMakeFiles/demo2.dir/C_/pico/pico-sdk/src/rp2_common/hardware_irq/irq.c.obj
 *fill*         0x100093d2        0x2 
 .rodata.irq_add_tail_to_free_list.str1.4
                0x100093d4       0x3a scanvideo/demo2/CMakeFiles/demo2.dir/C_/pico/pico-sdk/src/rp2_common/hardware_irq/irq.c.obj
 *fill*         0x1000940e        0x2 
 .rodata.__func__.0
                0x10009410       0x1a scanvideo/demo2/CMakeFiles/demo2.dir/C_/pico/pico-sdk/src/rp2_common/hardware_irq/irq.c.obj
 *fill*         0x1000942a        0x2 
 .rodata.__func__.1
                0x1000942c        0xd scanvideo/demo2/CMakeFiles/demo2.dir/C_/pico/pico-sdk/src/rp2_common/hardware_irq/irq.c.obj
 *fill*         0x10009439        0x3 
 .rodata.__func__.2
                0x1000943c       0x13 scanvideo/demo2/CMakeFiles/demo2.dir/C_/pico/pico-sdk/src/rp2_common/hardware_irq/irq.c.obj
 *fill*         0x1000944f        0x1 
 .rodata.__func__.3
                0x10009450        0xa scanvideo/demo2/CMakeFiles/demo2.dir/C_/pico/pico-sdk/src/rp2_common/hardware_irq/irq.c.obj
 *fill*         0x1000945a        0x2 
 .rodata.__func__.4
                0x1000945c        0xd scanvideo/demo2/CMakeFiles/demo2.dir/C_/pico/pico-sdk/src/rp2_common/hardware_irq/irq.c.obj
 *fill*         0x10009469        0x3 
 .rodata.__func__.6
                0x1000946c       0x1a scanvideo/demo2/CMakeFiles/demo2.dir/C_/pico/pico-sdk/src/rp2_common/hardware_irq/irq.c.obj
 *fill*         0x10009486        0x2 
 .rodata.runtime_init_mutex.str1.4
                0x10009488       0x4e scanvideo/demo2/CMakeFiles/demo2.dir/C_/pico/pico-sdk/src/common/pico_sync/mutex.c.obj
 *fill*         0x100094d6        0x2 
 .rodata.str1.4
                0x100094d8       0x51 scanvideo/demo2/CMakeFiles/demo2.dir/C_/pico/pico-sdk/src/common/pico_sync/mutex.c.obj
 *fill*         0x10009529        0x3 
 .rodata.__func__.1
                0x1000952c        0xb scanvideo/demo2/CMakeFiles/demo2.dir/C_/pico/pico-sdk/src/common/pico_sync/mutex.c.obj
 *fill*         0x10009537        0x1 
 .rodata.__func__.3
                0x10009538       0x18 scanvideo/demo2/CMakeFiles/demo2.dir/C_/pico/pico-sdk/src/common/pico_sync/mutex.c.obj
 .rodata.__func__.6
                0x10009550       0x13 scanvideo/demo2/CMakeFiles/demo2.dir/C_/pico/pico-sdk/src/common/pico_sync/mutex.c.obj
 *fill*         0x10009563        0x1 
 .rodata.alarm_pool_irq_handler.str1.4
                0x10009564       0x59 scanvideo/demo2/CMakeFiles/demo2.dir/C_/pico/pico-sdk/src/common/pico_time/time.c.obj
 *fill*         0x100095bd        0x3 
 .rodata.alarm_pool_get_default.str1.4
                0x100095c0       0x21 scanvideo/demo2/CMakeFiles/demo2.dir/C_/pico/pico-sdk/src/common/pico_time/time.c.obj
 *fill*         0x100095e1        0x3 
 .rodata.__func__.1
                0x100095e4       0x17 scanvideo/demo2/CMakeFiles/demo2.dir/C_/pico/pico-sdk/src/common/pico_time/time.c.obj
 *fill*         0x100095fb        0x1 
 .rodata.__func__.2
                0x100095fc       0x17 scanvideo/demo2/CMakeFiles/demo2.dir/C_/pico/pico-sdk/src/common/pico_time/time.c.obj
 *fill*         0x10009613        0x1 
 .rodata.timer_hardware_alarm_claim.str1.4
                0x10009614       0x22 scanvideo/demo2/CMakeFiles/demo2.dir/C_/pico/pico-sdk/src/rp2_common/hardware_timer/timer.c.obj
 *fill*         0x10009636        0x2 
 .rodata.pll_init.str1.4
                0x10009638      0x108 scanvideo/demo2/CMakeFiles/demo2.dir/C_/pico/pico-sdk/src/rp2_common/hardware_pll/pll.c.obj
 .rodata.__func__.0
                0x10009740        0x9 scanvideo/demo2/CMakeFiles/demo2.dir/C_/pico/pico-sdk/src/rp2_common/hardware_pll/pll.c.obj
 *fill*         0x10009749        0x3 
 .rodata.__wrap_malloc.str1.4
                0x1000974c        0xe scanvideo/demo2/CMakeFiles/demo2.dir/C_/pico/pico-sdk/src/rp2_common/pico_malloc/malloc.c.obj
 *fill*         0x1000975a        0x2 
 .rodata.str1.4
                0x1000975c       0x3c scanvideo/demo2/CMakeFiles/demo2.dir/C_/pico/pico-sdk/src/rp2_common/pico_standard_binary_info/standard_binary_info.c.obj
 .rodata.__bi_26
                0x10009798        0xc scanvideo/demo2/CMakeFiles/demo2.dir/C_/pico/pico-sdk/src/rp2_common/pico_standard_binary_info/standard_binary_info.c.obj
 .rodata.__bi_34
                0x100097a4        0xc scanvideo/demo2/CMakeFiles/demo2.dir/C_/pico/pico-sdk/src/rp2_common/pico_standard_binary_info/standard_binary_info.c.obj
 .rodata.__bi_42
                0x100097b0        0xc scanvideo/demo2/CMakeFiles/demo2.dir/C_/pico/pico-sdk/src/rp2_common/pico_standard_binary_info/standard_binary_info.c.obj
 .rodata.__bi_48
                0x100097bc        0xc scanvideo/demo2/CMakeFiles/demo2.dir/C_/pico/pico-sdk/src/rp2_common/pico_standard_binary_info/standard_binary_info.c.obj
 .rodata.__bi_54
                0x100097c8        0xc scanvideo/demo2/CMakeFiles/demo2.dir/C_/pico/pico-sdk/src/rp2_common/pico_standard_binary_info/standard_binary_info.c.obj
 .rodata.__bi_78
                0x100097d4        0xc scanvideo/demo2/CMakeFiles/demo2.dir/C_/pico/pico-sdk/src/rp2_common/pico_standard_binary_info/standard_binary_info.c.obj
 .rodata.__bi_84
                0x100097e0        0xc scanvideo/demo2/CMakeFiles/demo2.dir/C_/pico/pico-sdk/src/rp2_common/pico_standard_binary_info/standard_binary_info.c.obj
 .rodata._ftoa.str1.4
                0x100097ec       0x15 scanvideo/demo2/CMakeFiles/demo2.dir/C_/pico/pico-sdk/src/rp2_common/pico_printf/printf.c.obj
 *fill*         0x10009801        0x7 
 .rodata.pow10.0
                0x10009808       0x50 scanvideo/demo2/CMakeFiles/demo2.dir/C_/pico/pico-sdk/src/rp2_common/pico_printf/printf.c.obj
 .rodata.__assert_func.str1.4
                0x10009858       0x3f scanvideo/demo2/CMakeFiles/demo2.dir/C_/pico/pico-sdk/src/rp2_common/pico_clib_interface/newlib_interface.c.obj
                                 0x43 (size before relaxing)
 *fill*         0x10009897        0x1 
 .rodata.stdio_getchar_timeout_us.str1.4
                0x10009898       0x37 scanvideo/demo2/CMakeFiles/demo2.dir/C_/pico/pico-sdk/src/rp2_common/pico_stdio/stdio.c.obj
 *fill*         0x100098cf        0x1 
 .rodata.__func__.1
                0x100098d0       0x19 scanvideo/demo2/CMakeFiles/demo2.dir/C_/pico/pico-sdk/src/rp2_common/pico_stdio/stdio.c.obj
 *fill*         0x100098e9        0x3 
 .rodata.crlf_str.0
                0x100098ec        0x2 scanvideo/demo2/CMakeFiles/demo2.dir/C_/pico/pico-sdk/src/rp2_common/pico_stdio/stdio.c.obj
 *fill*         0x100098ee        0x2 
 .rodata.str1.4
                0x100098f0       0x2c scanvideo/demo2/CMakeFiles/demo2.dir/C_/pico/pico-sdk/src/rp2_common/pico_stdio_uart/stdio_uart.c.obj
 .rodata.__bi_45.4
                0x1000991c        0xc scanvideo/demo2/CMakeFiles/demo2.dir/C_/pico/pico-sdk/src/rp2_common/pico_stdio_uart/stdio_uart.c.obj
 .rodata.__bi_49.5
                0x10009928        0x8 scanvideo/demo2/CMakeFiles/demo2.dir/C_/pico/pico-sdk/src/rp2_common/pico_stdio_uart/stdio_uart.c.obj
 .rodata.__bi_50.6
                0x10009930        0x8 scanvideo/demo2/CMakeFiles/demo2.dir/C_/pico/pico-sdk/src/rp2_common/pico_stdio_uart/stdio_uart.c.obj
 .rodata.update_dma_transfer_state_irqs_enabled.part.0.str1.4
                0x10009938       0x6a scanvideo/demo2/CMakeFiles/demo2.dir/C_/pico/pico-extras/src/rp2_common/pico_scanvideo_dpi/scanvideo.c.obj
 *fill*         0x100099a2        0x2 
 .rodata.copy_program.part.0.str1.4
                0x100099a4       0x24 scanvideo/demo2/CMakeFiles/demo2.dir/C_/pico/pico-extras/src/rp2_common/pico_scanvideo_dpi/scanvideo.c.obj
 .rodata.str1.4
                0x100099c8       0x51 scanvideo/demo2/CMakeFiles/demo2.dir/C_/pico/pico-extras/src/rp2_common/pico_scanvideo_dpi/scanvideo.c.obj
 *fill*         0x10009a19        0x3 
 .rodata.scanvideo_setup_with_timing.str1.4
                0x10009a1c       0x66 scanvideo/demo2/CMakeFiles/demo2.dir/C_/pico/pico-extras/src/rp2_common/pico_scanvideo_dpi/scanvideo.c.obj
 *fill*         0x10009a82        0x2 
 .rodata.__bi_1366.7
                0x10009a84        0xc scanvideo/demo2/CMakeFiles/demo2.dir/C_/pico/pico-extras/src/rp2_common/pico_scanvideo_dpi/scanvideo.c.obj
 .rodata.__bi_1386.8
                0x10009a90        0xc scanvideo/demo2/CMakeFiles/demo2.dir/C_/pico/pico-extras/src/rp2_common/pico_scanvideo_dpi/scanvideo.c.obj
 .rodata.__bi_1387.9
                0x10009a9c        0xc scanvideo/demo2/CMakeFiles/demo2.dir/C_/pico/pico-extras/src/rp2_common/pico_scanvideo_dpi/scanvideo.c.obj
 .rodata.__bi_1388.10
                0x10009aa8        0xc scanvideo/demo2/CMakeFiles/demo2.dir/C_/pico/pico-extras/src/rp2_common/pico_scanvideo_dpi/scanvideo.c.obj
 .rodata.__func__.11
                0x10009ab4       0x27 scanvideo/demo2/CMakeFiles/demo2.dir/C_/pico/pico-extras/src/rp2_common/pico_scanvideo_dpi/scanvideo.c.obj
 *fill*         0x10009adb        0x1 
 .rodata.__func__.6
                0x10009adc        0xd scanvideo/demo2/CMakeFiles/demo2.dir/C_/pico/pico-extras/src/rp2_common/pico_scanvideo_dpi/scanvideo.c.obj
 *fill*         0x10009ae9        0x3 
 .rodata.video_24mhz_composable
                0x10009aec       0x10 scanvideo/demo2/CMakeFiles/demo2.dir/C_/pico/pico-extras/src/rp2_common/pico_scanvideo_dpi/scanvideo.c.obj
                0x10009aec                video_24mhz_composable
 .rodata.video_24mhz_composable_default_program
                0x10009afc        0x8 scanvideo/demo2/CMakeFiles/demo2.dir/C_/pico/pico-extras/src/rp2_common/pico_scanvideo_dpi/scanvideo.c.obj
 .rodata.video_24mhz_composable_default_program_instructions
                0x10009b04       0x20 scanvideo/demo2/CMakeFiles/demo2.dir/C_/pico/pico-extras/src/rp2_common/pico_scanvideo_dpi/scanvideo.c.obj
 .rodata.video_htiming_program_instructions
                0x10009b24        0xc scanvideo/demo2/CMakeFiles/demo2.dir/C_/pico/pico-extras/src/rp2_common/pico_scanvideo_dpi/scanvideo.c.obj
 .rodata.dma_channel_claim.str1.4
                0x10009b30       0x22 scanvideo/demo2/CMakeFiles/demo2.dir/C_/pico/pico-sdk/src/rp2_common/hardware_dma/dma.c.obj
 *fill*         0x10009b52        0x2 
 .rodata.find_offset_for_program.str1.4
                0x10009b54       0x5f scanvideo/demo2/CMakeFiles/demo2.dir/C_/pico/pico-sdk/src/rp2_common/hardware_pio/pio.c.obj
 *fill*         0x10009bb3        0x1 
 .rodata.pio_sm_claim.str1.4
                0x10009bb4       0x62 scanvideo/demo2/CMakeFiles/demo2.dir/C_/pico/pico-sdk/src/rp2_common/hardware_pio/pio.c.obj
 *fill*         0x10009c16        0x2 
 .rodata.__func__.1
                0x10009c18       0x18 scanvideo/demo2/CMakeFiles/demo2.dir/C_/pico/pico-sdk/src/rp2_common/hardware_pio/pio.c.obj
 .rodata.vga_mode_640x480_60
                0x10009c30       0x14 scanvideo/demo2/CMakeFiles/demo2.dir/C_/pico/pico-extras/src/common/pico_scanvideo/vga_modes.c.obj
                0x10009c30                vga_mode_640x480_60
 .rodata.vga_timing_640x480_60_default
                0x10009c44       0x1c scanvideo/demo2/CMakeFiles/demo2.dir/C_/pico/pico-extras/src/common/pico_scanvideo/vga_modes.c.obj
                0x10009c44                vga_timing_640x480_60_default
 .rodata.multicore_lockout_end_block_until.str1.4
                0x10009c60       0x63 scanvideo/demo2/CMakeFiles/demo2.dir/C_/pico/pico-sdk/src/rp2_common/pico_multicore/multicore.c.obj
 *fill*         0x10009cc3        0x1 
 .rodata.multicore_launch_core1_with_stack.str1.4
                0x10009cc4       0x19 scanvideo/demo2/CMakeFiles/demo2.dir/C_/pico/pico-sdk/src/rp2_common/pico_multicore/multicore.c.obj
 *fill*         0x10009cdd        0x3 
 .rodata.__func__.2
                0x10009ce0       0x22 scanvideo/demo2/CMakeFiles/demo2.dir/C_/pico/pico-sdk/src/rp2_common/pico_multicore/multicore.c.obj
 *fill*         0x10009d02        0x2 
 .rodata.blend_palette.str1.4
                0x10009d04       0x3d scanvideo/demo2/CMakeFiles/demo2.dir/__/render/image.c.obj
 *fill*         0x10009d41        0x3 
 .rodata.__func__.0
                0x10009d44        0xe scanvideo/demo2/CMakeFiles/demo2.dir/__/render/image.c.obj
 *(.srodata*)
                0x10009d54                . = ALIGN (0x4)
 *fill*         0x10009d52        0x2 
 *(SORT_BY_ALIGNMENT(SORT_BY_NAME(.flashdata*)))
                0x10009d54                . = ALIGN (0x4)

.ARM.extab
 *(.ARM.extab* .gnu.linkonce.armextab.*)
                0x10009d54                __exidx_start = .

.ARM.exidx      0x10009d54        0x8
 *(.ARM.exidx* .gnu.linkonce.armexidx.*)
 .ARM.exidx     0x10009d54        0x8 c:/progra~2/gnuarm~1/102021~1.10/bin/../lib/gcc/arm-none-eabi/10.3.1/thumb/v8-m.main+fp/softfp\libgcc.a(_udivmoddi4.o)
                0x10009d5c                __exidx_end = .
                0x10009d5c                . = ALIGN (0x4)
                0x10009d5c                __binary_info_start = .

.binary_info    0x10009d5c       0x38
 *(.binary_info.keep.*)
 .binary_info.keep.__bi_ptr26
                0x10009d5c        0x4 scanvideo/demo2/CMakeFiles/demo2.dir/C_/pico/pico-sdk/src/rp2_common/pico_standard_binary_info/standard_binary_info.c.obj
 .binary_info.keep.__bi_ptr34
                0x10009d60        0x4 scanvideo/demo2/CMakeFiles/demo2.dir/C_/pico/pico-sdk/src/rp2_common/pico_standard_binary_info/standard_binary_info.c.obj
 .binary_info.keep.__bi_ptr42
                0x10009d64        0x4 scanvideo/demo2/CMakeFiles/demo2.dir/C_/pico/pico-sdk/src/rp2_common/pico_standard_binary_info/standard_binary_info.c.obj
 .binary_info.keep.__bi_ptr48
                0x10009d68        0x4 scanvideo/demo2/CMakeFiles/demo2.dir/C_/pico/pico-sdk/src/rp2_common/pico_standard_binary_info/standard_binary_info.c.obj
 .binary_info.keep.__bi_ptr54
                0x10009d6c        0x4 scanvideo/demo2/CMakeFiles/demo2.dir/C_/pico/pico-sdk/src/rp2_common/pico_standard_binary_info/standard_binary_info.c.obj
 .binary_info.keep.__bi_ptr78
                0x10009d70        0x4 scanvideo/demo2/CMakeFiles/demo2.dir/C_/pico/pico-sdk/src/rp2_common/pico_standard_binary_info/standard_binary_info.c.obj
 .binary_info.keep.__bi_ptr84
                0x10009d74        0x4 scanvideo/demo2/CMakeFiles/demo2.dir/C_/pico/pico-sdk/src/rp2_common/pico_standard_binary_info/standard_binary_info.c.obj
 *(.binary_info.*)
 .binary_info.__bi_ptr45
                0x10009d78        0x4 scanvideo/demo2/CMakeFiles/demo2.dir/C_/pico/pico-sdk/src/rp2_common/pico_stdio_uart/stdio_uart.c.obj
 .binary_info.__bi_ptr49
                0x10009d7c        0x4 scanvideo/demo2/CMakeFiles/demo2.dir/C_/pico/pico-sdk/src/rp2_common/pico_stdio_uart/stdio_uart.c.obj
 .binary_info.__bi_ptr50
                0x10009d80        0x4 scanvideo/demo2/CMakeFiles/demo2.dir/C_/pico/pico-sdk/src/rp2_common/pico_stdio_uart/stdio_uart.c.obj
 .binary_info.__bi_ptr1366
                0x10009d84        0x4 scanvideo/demo2/CMakeFiles/demo2.dir/C_/pico/pico-extras/src/rp2_common/pico_scanvideo_dpi/scanvideo.c.obj
 .binary_info.__bi_ptr1386
                0x10009d88        0x4 scanvideo/demo2/CMakeFiles/demo2.dir/C_/pico/pico-extras/src/rp2_common/pico_scanvideo_dpi/scanvideo.c.obj
 .binary_info.__bi_ptr1387
                0x10009d8c        0x4 scanvideo/demo2/CMakeFiles/demo2.dir/C_/pico/pico-extras/src/rp2_common/pico_scanvideo_dpi/scanvideo.c.obj
 .binary_info.__bi_ptr1388
                0x10009d90        0x4 scanvideo/demo2/CMakeFiles/demo2.dir/C_/pico/pico-extras/src/rp2_common/pico_scanvideo_dpi/scanvideo.c.obj
                0x10009d94                __binary_info_end = .
                0x10009d94                . = ALIGN (0x4)

.ram_vector_table
                0x20000000      0x110
 *(.ram_vector_table)
 .ram_vector_table
                0x20000000      0x110 scanvideo/demo2/CMakeFiles/demo2.dir/C_/pico/pico-sdk/src/rp2_common/pico_runtime_init/runtime_init.c.obj
                0x20000000                ram_vector_table

.uninitialized_data
                0x20000110        0x0
                0x20000110                . = ALIGN (0x4)
 *(.uninitialized_data*)

.data           0x20000110     0x1e60 load address 0x10009d94
                0x20000110                __data_start__ = .
 *(vtable)
 *(.time_critical*)
 .time_critical.render_scanline_pi
                0x20000110      0x4f0 scanvideo/demo2/CMakeFiles/demo2.dir/demo2.c.obj
                0x20000110                render_scanline_pi
 .time_critical.render_loop
                0x20000600      0x19c scanvideo/demo2/CMakeFiles/demo2.dir/demo2.c.obj
                0x20000600                render_loop
 .time_critical.sem_acquire_blocking
                0x2000079c       0x40 scanvideo/demo2/CMakeFiles/demo2.dir/C_/pico/pico-sdk/src/common/pico_sync/sem.c.obj
                0x2000079c                sem_acquire_blocking
 .time_critical.sem_release
                0x200007dc       0x46 scanvideo/demo2/CMakeFiles/demo2.dir/C_/pico/pico-sdk/src/common/pico_sync/sem.c.obj
                0x200007dc                sem_release
 .time_critical.mutex_enter_blocking
                0x20000822       0x48 scanvideo/demo2/CMakeFiles/demo2.dir/C_/pico/pico-sdk/src/common/pico_sync/mutex.c.obj
                0x20000822                mutex_enter_blocking
 .time_critical.mutex_try_enter
                0x2000086a       0x44 scanvideo/demo2/CMakeFiles/demo2.dir/C_/pico/pico-sdk/src/common/pico_sync/mutex.c.obj
                0x2000086a                mutex_try_enter
 *fill*         0x200008ae        0x2 
 .time_critical.mutex_enter_block_until
                0x200008b0       0x7c scanvideo/demo2/CMakeFiles/demo2.dir/C_/pico/pico-sdk/src/common/pico_sync/mutex.c.obj
                0x200008b0                mutex_enter_block_until
 .time_critical.mutex_try_enter_block_until
                0x2000092c       0x32 scanvideo/demo2/CMakeFiles/demo2.dir/C_/pico/pico-sdk/src/common/pico_sync/mutex.c.obj
                0x2000092c                mutex_try_enter_block_until
 *fill*         0x2000095e        0x2 
 .time_critical.mutex_exit
                0x20000960       0x4c scanvideo/demo2/CMakeFiles/demo2.dir/C_/pico/pico-sdk/src/common/pico_sync/mutex.c.obj
                0x20000960                mutex_exit
 .time_critical.default_scanvideo_scanline_repeat_count_fn
                0x200009ac        0x4 scanvideo/demo2/CMakeFiles/demo2.dir/C_/pico/pico-extras/src/rp2_common/pico_scanvideo_dpi/scanvideo.c.obj
 .time_critical.prepare_for_active_scanline_irqs_enabled
                0x200009b0      0x36c scanvideo/demo2/CMakeFiles/demo2.dir/C_/pico/pico-extras/src/rp2_common/pico_scanvideo_dpi/scanvideo.c.obj
 .time_critical.prepare_for_vblank_scanline_irqs_enabled
                0x20000d1c      0x240 scanvideo/demo2/CMakeFiles/demo2.dir/C_/pico/pico-extras/src/rp2_common/pico_scanvideo_dpi/scanvideo.c.obj
 .time_critical.isr_irq15
                0x20000f5c       0x2c scanvideo/demo2/CMakeFiles/demo2.dir/C_/pico/pico-extras/src/rp2_common/pico_scanvideo_dpi/scanvideo.c.obj
                0x20000f5c                isr_irq15
 .time_critical.isr_irq16
                0x20000f88      0x170 scanvideo/demo2/CMakeFiles/demo2.dir/C_/pico/pico-extras/src/rp2_common/pico_scanvideo_dpi/scanvideo.c.obj
                0x20000f88                isr_irq16
 .time_critical.isr_irq10
                0x200010f8        0x4 scanvideo/demo2/CMakeFiles/demo2.dir/C_/pico/pico-extras/src/rp2_common/pico_scanvideo_dpi/scanvideo.c.obj
                0x200010f8                isr_irq10
 .time_critical.scanvideo_begin_scanline_generation
                0x200010fc       0x94 scanvideo/demo2/CMakeFiles/demo2.dir/C_/pico/pico-extras/src/rp2_common/pico_scanvideo_dpi/scanvideo.c.obj
                0x200010fc                scanvideo_begin_scanline_generation
 .time_critical.scanvideo_end_scanline_generation
                0x20001190       0x38 scanvideo/demo2/CMakeFiles/demo2.dir/C_/pico/pico-extras/src/rp2_common/pico_scanvideo_dpi/scanvideo.c.obj
                0x20001190                scanvideo_end_scanline_generation
 *(.text*)
 .text          0x200011c8       0x30 c:/progra~2/gnuarm~1/102021~1.10/bin/../lib/gcc/arm-none-eabi/10.3.1/thumb/v8-m.main+fp/softfp\libgcc.a(_aeabi_uldivmod.o)
                0x200011c8                __aeabi_uldivmod
 .text          0x200011f8      0x2ec c:/progra~2/gnuarm~1/102021~1.10/bin/../lib/gcc/arm-none-eabi/10.3.1/thumb/v8-m.main+fp/softfp\libgcc.a(_udivmoddi4.o)
                0x200011f8                __udivmoddi4
 .text          0x200014e4        0x4 c:/progra~2/gnuarm~1/102021~1.10/bin/../lib/gcc/arm-none-eabi/10.3.1/thumb/v8-m.main+fp/softfp\libgcc.a(_dvmd_tls.o)
                0x200014e4                __aeabi_idiv0
                0x200014e4                __aeabi_ldiv0
 .text.__stub   0x200014e8      0x1a0 linker stubs
                0x20001688                . = ALIGN (0x4)
 *(.rodata*)
                0x20001688                . = ALIGN (0x4)
 *(.data*)
 .data.hspeed   0x20001688        0x8 scanvideo/demo2/CMakeFiles/demo2.dir/demo2.c.obj
                0x20001688                hspeed
 .data.render_scanline
                0x20001690        0x4 scanvideo/demo2/CMakeFiles/demo2.dir/demo2.c.obj
                0x20001690                render_scanline
 .data.vspeed   0x20001694        0x8 scanvideo/demo2/CMakeFiles/demo2.dir/demo2.c.obj
                0x20001694                vspeed
 .data.striped_spin_lock_num
                0x2000169c        0x1 scanvideo/demo2/CMakeFiles/demo2.dir/C_/pico/pico-sdk/src/rp2_common/hardware_sync/sync.c.obj
 *fill*         0x2000169d        0x3 
 .data          0x200016a0       0x48 scanvideo/demo2/CMakeFiles/demo2.dir/C_/pico/pico-sdk/src/rp2_common/hardware_irq/irq_handler_chain.S.obj
                0x200016a0                irq_handler_chain_slots
                0x200016d0                irq_handler_chain_first_slot
                0x200016da                irq_handler_chain_remove_tail
 .data.default_alarm_pool
                0x200016e8       0x18 scanvideo/demo2/CMakeFiles/demo2.dir/C_/pico/pico-sdk/src/common/pico_time/time.c.obj
 .data.stdio_uart
                0x20001700       0x18 scanvideo/demo2/CMakeFiles/demo2.dir/C_/pico/pico-sdk/src/rp2_common/pico_stdio_uart/stdio_uart.c.obj
                0x20001700                stdio_uart
 .data._missing_scanline_data
                0x20001718        0xc scanvideo/demo2/CMakeFiles/demo2.dir/C_/pico/pico-extras/src/rp2_common/pico_scanvideo_dpi/scanvideo.c.obj
 .data._impure_ptr
                0x20001724        0x4 c:/progra~2/gnuarm~1/102021~1.10/bin/../lib/gcc/arm-none-eabi/10.3.1/../../../../arm-none-eabi/lib/thumb/v8-m.main+fp/softfp\libg.a(lib_a-impure.o)
                0x20001724                _impure_ptr
 .data.impure_data
                0x20001728      0x428 c:/progra~2/gnuarm~1/102021~1.10/bin/../lib/gcc/arm-none-eabi/10.3.1/../../../../arm-none-eabi/lib/thumb/v8-m.main+fp/softfp\libg.a(lib_a-impure.o)
 .data.__malloc_av_
                0x20001b50      0x408 c:/progra~2/gnuarm~1/102021~1.10/bin/../lib/gcc/arm-none-eabi/10.3.1/../../../../arm-none-eabi/lib/thumb/v8-m.main+fp/softfp\libg.a(lib_a-mallocr.o)
                0x20001b50                __malloc_av_
 .data.__malloc_sbrk_base
                0x20001f58        0x4 c:/progra~2/gnuarm~1/102021~1.10/bin/../lib/gcc/arm-none-eabi/10.3.1/../../../../arm-none-eabi/lib/thumb/v8-m.main+fp/softfp\libg.a(lib_a-mallocr.o)
                0x20001f58                __malloc_sbrk_base
 .data.__malloc_trim_threshold
                0x20001f5c        0x4 c:/progra~2/gnuarm~1/102021~1.10/bin/../lib/gcc/arm-none-eabi/10.3.1/../../../../arm-none-eabi/lib/thumb/v8-m.main+fp/softfp\libg.a(lib_a-mallocr.o)
                0x20001f5c                __malloc_trim_threshold
 *(.sdata*)
                0x20001f60                . = ALIGN (0x4)
 *(.after_data.*)
                0x20001f60                . = ALIGN (0x4)
                0x20001f60                PROVIDE (__mutex_array_start = .)
 *(SORT_BY_NAME(.mutex_array.*))
 *(.mutex_array)
 .mutex_array   0x20001f60        0x8 scanvideo/demo2/CMakeFiles/demo2.dir/C_/pico/pico-sdk/src/rp2_common/pico_malloc/malloc.c.obj
 .mutex_array   0x20001f68        0x8 scanvideo/demo2/CMakeFiles/demo2.dir/C_/pico/pico-sdk/src/rp2_common/pico_stdio/stdio.c.obj
                0x20001f70                PROVIDE (__mutex_array_end = .)
 *(.jcr)
                0x20001f70                . = ALIGN (0x4)

.igot.plt       0x20001f70        0x0 load address 0x1000bbf4
 .igot.plt      0x20001f70        0x0 c:/progra~2/gnuarm~1/102021~1.10/bin/../lib/gcc/arm-none-eabi/10.3.1/thumb/v8-m.main+fp/softfp/crtbegin.o

.tdata          0x20001f70        0x0 load address 0x1000bbf4
                0x20001f70                . = ALIGN (0x4)
 *(.tdata .tdata.* .gnu.linkonce.td.*)
                0x20001f70                __tdata_end = .
                0x20001f70                PROVIDE (__data_end__ = .)
                0x10009d94                __etext = LOADADDR (.data)

.tbss           0x20001f70        0x0 load address 0x1000bbf4
                0x20001f70                . = ALIGN (0x4)
                0x20001f70                __bss_start__ = .
                0x20001f70                __tls_base = .
 *(.tbss .tbss.* .gnu.linkonce.tb.*)
 *(.tcommon)
                0x20001f70                __tls_end = .

.bss            0x20001f70    0x3d76c load address 0x1000bbf4
                0x20001f70                . = ALIGN (0x4)
                0x20001f70                __tbss_end = .
 *(SORT_BY_ALIGNMENT(SORT_BY_NAME(.bss*)))
 .bss.default_alarm_pool_entries
                0x20001f70      0x180 scanvideo/demo2/CMakeFiles/demo2.dir/C_/pico/pico-sdk/src/common/pico_time/time.c.obj
 .bss           0x200020f0       0x1c c:/progra~2/gnuarm~1/102021~1.10/bin/../lib/gcc/arm-none-eabi/10.3.1/thumb/v8-m.main+fp/softfp/crtbegin.o
 .bss.__lock___malloc_recursive_mutex
                0x2000210c        0x1 c:/progra~2/gnuarm~1/102021~1.10/bin/../lib/gcc/arm-none-eabi/10.3.1/../../../../arm-none-eabi/lib/thumb/v8-m.main+fp/softfp\libg.a(lib_a-lock.o)
                0x2000210c                __lock___malloc_recursive_mutex
 *fill*         0x2000210d        0x3 
 .bss.__malloc_current_mallinfo
                0x20002110       0x28 c:/progra~2/gnuarm~1/102021~1.10/bin/../lib/gcc/arm-none-eabi/10.3.1/../../../../arm-none-eabi/lib/thumb/v8-m.main+fp/softfp\libg.a(lib_a-mallocr.o)
                0x20002110                __malloc_current_mallinfo
 .bss.__malloc_max_sbrked_mem
                0x20002138        0x4 c:/progra~2/gnuarm~1/102021~1.10/bin/../lib/gcc/arm-none-eabi/10.3.1/../../../../arm-none-eabi/lib/thumb/v8-m.main+fp/softfp\libg.a(lib_a-mallocr.o)
                0x20002138                __malloc_max_sbrked_mem
 .bss.__malloc_max_total_mem
                0x2000213c        0x4 c:/progra~2/gnuarm~1/102021~1.10/bin/../lib/gcc/arm-none-eabi/10.3.1/../../../../arm-none-eabi/lib/thumb/v8-m.main+fp/softfp\libg.a(lib_a-mallocr.o)
                0x2000213c                __malloc_max_total_mem
 .bss.__malloc_top_pad
                0x20002140        0x4 c:/progra~2/gnuarm~1/102021~1.10/bin/../lib/gcc/arm-none-eabi/10.3.1/../../../../arm-none-eabi/lib/thumb/v8-m.main+fp/softfp\libg.a(lib_a-mallocr.o)
                0x20002140                __malloc_top_pad
 .bss._missing_scanline_buffer
                0x20002144       0x18 scanvideo/demo2/CMakeFiles/demo2.dir/C_/pico/pico-extras/src/rp2_common/pico_scanvideo_dpi/scanvideo.c.obj
 .bss._scanline_repeat_count_fn
                0x2000215c        0x4 scanvideo/demo2/CMakeFiles/demo2.dir/C_/pico/pico-extras/src/rp2_common/pico_scanvideo_dpi/scanvideo.c.obj
 .bss._used_instruction_space
                0x20002160        0xc scanvideo/demo2/CMakeFiles/demo2.dir/C_/pico/pico-sdk/src/rp2_common/hardware_pio/pio.c.obj
 .bss.chars_available_callback
                0x2000216c        0x4 scanvideo/demo2/CMakeFiles/demo2.dir/C_/pico/pico-sdk/src/rp2_common/pico_stdio_uart/stdio_uart.c.obj
 .bss.chars_available_param
                0x20002170        0x4 scanvideo/demo2/CMakeFiles/demo2.dir/C_/pico/pico-sdk/src/rp2_common/pico_stdio_uart/stdio_uart.c.obj
 .bss.claimed   0x20002174        0x2 scanvideo/demo2/CMakeFiles/demo2.dir/C_/pico/pico-sdk/src/rp2_common/hardware_timer/timer.c.obj
 *fill*         0x20002176        0x2 
 .bss.claimed   0x20002178        0x2 scanvideo/demo2/CMakeFiles/demo2.dir/C_/pico/pico-sdk/src/rp2_common/hardware_pio/pio.c.obj
 *fill*         0x2000217a        0x2 
 .bss.configured_freq
                0x2000217c       0x28 scanvideo/demo2/CMakeFiles/demo2.dir/C_/pico/pico-sdk/src/rp2_common/hardware_clocks/clocks.c.obj
 .bss.dma_states
                0x200021a4       0x10 scanvideo/demo2/CMakeFiles/demo2.dir/C_/pico/pico-extras/src/rp2_common/pico_scanvideo_dpi/scanvideo.c.obj
 .bss.drivers   0x200021b4        0x4 scanvideo/demo2/CMakeFiles/demo2.dir/C_/pico/pico-sdk/src/rp2_common/pico_stdio/stdio.c.obj
 .bss.errno     0x200021b8        0x4 c:/progra~2/gnuarm~1/102021~1.10/bin/../lib/gcc/arm-none-eabi/10.3.1/../../../../arm-none-eabi/lib/thumb/v8-m.main+fp/softfp\libg.a(lib_a-reent.o)
                0x200021b8                errno
 .bss.filter    0x200021bc        0x4 scanvideo/demo2/CMakeFiles/demo2.dir/C_/pico/pico-sdk/src/rp2_common/pico_stdio/stdio.c.obj
 .bss.frame_logic_mutex
                0x200021c0        0x8 scanvideo/demo2/CMakeFiles/demo2.dir/demo2.c.obj
 .bss.heap_eater
                0x200021c8    0x3d090 scanvideo/demo2/CMakeFiles/demo2.dir/demo2.c.obj
 .bss.heap_end.0
                0x2003f258        0x4 scanvideo/demo2/CMakeFiles/demo2.dir/C_/pico/pico-sdk/src/rp2_common/pico_clib_interface/newlib_interface.c.obj
 .bss.last_frame_num.4
                0x2003f25c        0x4 scanvideo/demo2/CMakeFiles/demo2.dir/demo2.c.obj
 .bss.left      0x2003f260        0x8 scanvideo/demo2/CMakeFiles/demo2.dir/demo2.c.obj
 .bss.opaque_palettes
                0x2003f268        0x8 scanvideo/demo2/CMakeFiles/demo2.dir/demo2.c.obj
                0x2003f268                opaque_palettes
 .bss.pal2      0x2003f270      0x200 scanvideo/demo2/CMakeFiles/demo2.dir/demo2.c.obj
                0x2003f270                pal2
 .bss.pools     0x2003f470       0x20 scanvideo/demo2/CMakeFiles/demo2.dir/C_/pico/pico-sdk/src/common/pico_time/time.c.obj
 .bss.scanline_buffers
                0x2003f490      0x180 scanvideo/demo2/CMakeFiles/demo2.dir/C_/pico/pico-extras/src/rp2_common/pico_scanvideo_dpi/scanvideo.c.obj
                0x2003f490                scanline_buffers
 .bss.selecto   0x2003f610        0x4 scanvideo/demo2/CMakeFiles/demo2.dir/demo2.c.obj
 .bss.shared_state
                0x2003f614       0x44 scanvideo/demo2/CMakeFiles/demo2.dir/C_/pico/pico-extras/src/rp2_common/pico_scanvideo_dpi/scanvideo.c.obj
 .bss.sleep_notifier
                0x2003f658        0x4 scanvideo/demo2/CMakeFiles/demo2.dir/C_/pico/pico-sdk/src/common/pico_time/time.c.obj
 .bss.timing_state
                0x2003f65c       0x3c scanvideo/demo2/CMakeFiles/demo2.dir/C_/pico/pico-extras/src/rp2_common/pico_scanvideo_dpi/scanvideo.c.obj
 .bss.top       0x2003f698        0x8 scanvideo/demo2/CMakeFiles/demo2.dir/demo2.c.obj
 .bss.uart_char_to_line_feed
                0x2003f6a0        0x4 scanvideo/demo2/CMakeFiles/demo2.dir/C_/pico/pico-sdk/src/rp2_common/hardware_uart/uart.c.obj
                0x2003f6a0                uart_char_to_line_feed
 .bss.uart_instance
                0x2003f6a4        0x4 scanvideo/demo2/CMakeFiles/demo2.dir/C_/pico/pico-sdk/src/rp2_common/pico_stdio_uart/stdio_uart.c.obj
 .bss.vblank_begin
                0x2003f6a8        0x8 scanvideo/demo2/CMakeFiles/demo2.dir/C_/pico/pico-extras/src/rp2_common/pico_scanvideo_dpi/scanvideo.c.obj
                0x2003f6a8                vblank_begin
 .bss.video_mode
                0x2003f6b0       0x14 scanvideo/demo2/CMakeFiles/demo2.dir/C_/pico/pico-extras/src/rp2_common/pico_scanvideo_dpi/scanvideo.c.obj
 .bss.video_setup_complete
                0x2003f6c4        0x8 scanvideo/demo2/CMakeFiles/demo2.dir/demo2.c.obj
                0x2003f6c4                video_setup_complete
 .bss.which.2   0x2003f6cc        0x4 scanvideo/demo2/CMakeFiles/demo2.dir/demo2.c.obj
 .bss._claimed  0x2003f6d0        0x2 scanvideo/demo2/CMakeFiles/demo2.dir/C_/pico/pico-sdk/src/rp2_common/hardware_dma/dma.c.obj
 .bss.video_clock_down_times_2
                0x2003f6d2        0x2 scanvideo/demo2/CMakeFiles/demo2.dir/C_/pico/pico-extras/src/rp2_common/pico_scanvideo_dpi/scanvideo.c.obj
 .bss.irq_handler_chain_free_slot_head
                0x2003f6d4        0x1 scanvideo/demo2/CMakeFiles/demo2.dir/C_/pico/pico-sdk/src/rp2_common/hardware_irq/irq.c.obj
 .bss.last_input.3
                0x2003f6d5        0x1 scanvideo/demo2/CMakeFiles/demo2.dir/demo2.c.obj
 .bss.video_htiming_load_offset
                0x2003f6d6        0x1 scanvideo/demo2/CMakeFiles/demo2.dir/C_/pico/pico-extras/src/rp2_common/pico_scanvideo_dpi/scanvideo.c.obj
 .bss.video_program_load_offset
                0x2003f6d7        0x1 scanvideo/demo2/CMakeFiles/demo2.dir/C_/pico/pico-extras/src/rp2_common/pico_scanvideo_dpi/scanvideo.c.obj
 .bss.video_timing_enabled
                0x2003f6d8        0x1 scanvideo/demo2/CMakeFiles/demo2.dir/C_/pico/pico-extras/src/rp2_common/pico_scanvideo_dpi/scanvideo.c.obj
 *(COMMON)
                [!provide]                PROVIDE (__global_pointer$ = (. + 0x800))
 *(.sbss*)
                0x2003f6dc                . = ALIGN (0x4)
 *fill*         0x2003f6d9        0x3 
                0x2003f6dc                __bss_end__ = .

.heap           0x2003f6dc      0x800 load address 0x1000bbf4
                0x2003f6dc                __end__ = .
                0x2003f6dc                end = __end__
 *(.heap*)
 .heap          0x2003f6dc      0x800 scanvideo/demo2/CMakeFiles/demo2.dir/C_/pico/pico-sdk/src/rp2_common/pico_crt0/crt0.S.obj
                0x20080000                __HeapLimit = (ORIGIN (RAM) + LENGTH (RAM))

.scratch_x      0x20080000        0x0 load address 0x1000bbf4
                0x20080000                __scratch_x_start__ = .
 *(.scratch_x.*)
                0x20080000                . = ALIGN (0x4)
                0x20080000                __scratch_x_end__ = .
                0x1000bbf4                __scratch_x_source__ = LOADADDR (.scratch_x)

.scratch_y      0x20081000        0x0 load address 0x1000bbf4
                0x20081000                __scratch_y_start__ = .
 *(.scratch_y.*)
                0x20081000                . = ALIGN (0x4)
                0x20081000                __scratch_y_end__ = .
                0x1000bbf4                __scratch_y_source__ = LOADADDR (.scratch_y)

.stack1_dummy   0x20080000      0x800
 *(.stack1*)
 .stack1        0x20080000      0x800 scanvideo/demo2/CMakeFiles/demo2.dir/C_/pico/pico-sdk/src/rp2_common/pico_multicore/multicore.c.obj

.stack_dummy    0x20081000      0x800
 *(.stack*)
 .stack         0x20081000      0x800 scanvideo/demo2/CMakeFiles/demo2.dir/C_/pico/pico-sdk/src/rp2_common/pico_crt0/crt0.S.obj

.flash_end      0x1000bbf4       0x14
 *(.embedded_end_block*)
 .embedded_end_block
                0x1000bbf4       0x14 scanvideo/demo2/CMakeFiles/demo2.dir/C_/pico/pico-sdk/src/rp2_common/pico_crt0/crt0.S.obj
                0x1000bc08                PROVIDE (__flash_binary_end = .)
                0x20080000                __StackLimit = (ORIGIN (RAM) + LENGTH (RAM))
                0x20081000                __StackOneTop = (ORIGIN (SCRATCH_X) + LENGTH (SCRATCH_X))
                0x20082000                __StackTop = (ORIGIN (SCRATCH_Y) + LENGTH (SCRATCH_Y))
                0x20080800                __StackOneBottom = (__StackOneTop - SIZEOF (.stack1_dummy))
                0x20081800                __StackBottom = (__StackTop - SIZEOF (.stack_dummy))
                0x20082000                PROVIDE (__stack = __StackTop)
                [!provide]                PROVIDE (__heap_start = __end__)