Archive member included to satisfy reference by file (symbol)

c:/progra~2/gnuarm~1/102021~1.10/bin/../lib/gcc/arm-none-eabi/10.3.1/../../../../arm-none-eabi/lib/thumb/v8-m.main+fp/softfp\libm.a(lib_a-wf_sqrt.o)
                              audio/sine_wave/CMakeFiles/sine_wave_i2s.dir/C_/pico/pico-sdk/src/rp2_common/pico_float/float_math.c.obj (sqrtf)
c:/progra~2/gnuarm~1/102021~1.10/bin/../lib/gcc/arm-none-eabi/10.3.1/../../../../arm-none-eabi/lib/thumb/v8-m.main+fp/softfp\libm.a(lib_a-ef_sqrt.o)
                              c:/progra~2/gnuarm~1/102021~1.10/bin/../lib/gcc/arm-none-eabi/10.3.1/../../../../arm-none-eabi/lib/thumb/v8-m.main+fp/softfp\libm.a(lib_a-wf_sqrt.o) (__ieee754_sqrtf)
c:/progra~2/gnuarm~1/102021~1.10/bin/../lib/gcc/arm-none-eabi/10.3.1/thumb/v8-m.main+fp/softfp\libgcc.a(_arm_addsubdf3.o)
                              audio/sine_wave/CMakeFiles/sine_wave_i2s.dir/C_/pico/pico-sdk/src/rp2_common/pico_float/float_math.c.obj (__aeabi_f2d)
c:/progra~2/gnuarm~1/102021~1.10/bin/../lib/gcc/arm-none-eabi/10.3.1/thumb/v8-m.main+fp/softfp\libgcc.a(_aeabi_ldivmod.o)
                              audio/sine_wave/CMakeFiles/sine_wave_i2s.dir/C_/pico/pico-sdk/src/common/pico_time/time.c.obj (__aeabi_ldivmod)
c:/progra~2/gnuarm~1/102021~1.10/bin/../lib/gcc/arm-none-eabi/10.3.1/thumb/v8-m.main+fp/softfp\libgcc.a(_aeabi_uldivmod.o)
                              audio/sine_wave/CMakeFiles/sine_wave_i2s.dir/C_/pico/pico-sdk/src/rp2_common/hardware_clocks/clocks.c.obj (__aeabi_uldivmod)
c:/progra~2/gnuarm~1/102021~1.10/bin/../lib/gcc/arm-none-eabi/10.3.1/thumb/v8-m.main+fp/softfp\libgcc.a(_udivmoddi4.o)
                              c:/progra~2/gnuarm~1/102021~1.10/bin/../lib/gcc/arm-none-eabi/10.3.1/thumb/v8-m.main+fp/softfp\libgcc.a(_aeabi_ldivmod.o) (__udivmoddi4)
c:/progra~2/gnuarm~1/102021~1.10/bin/../lib/gcc/arm-none-eabi/10.3.1/thumb/v8-m.main+fp/softfp\libgcc.a(_dvmd_tls.o)
                              c:/progra~2/gnuarm~1/102021~1.10/bin/../lib/gcc/arm-none-eabi/10.3.1/thumb/v8-m.main+fp/softfp\libgcc.a(_aeabi_ldivmod.o) (__aeabi_ldiv0)
c:/progra~2/gnuarm~1/102021~1.10/bin/../lib/gcc/arm-none-eabi/10.3.1/../../../../arm-none-eabi/lib/thumb/v8-m.main+fp/softfp\libg.a(lib_a-calloc.o)
                              audio/sine_wave/CMakeFiles/sine_wave_i2s.dir/C_/pico/pico-sdk/src/rp2_common/pico_malloc/malloc.c.obj (calloc)
c:/progra~2/gnuarm~1/102021~1.10/bin/../lib/gcc/arm-none-eabi/10.3.1/../../../../arm-none-eabi/lib/thumb/v8-m.main+fp/softfp\libg.a(lib_a-callocr.o)
                              c:/progra~2/gnuarm~1/102021~1.10/bin/../lib/gcc/arm-none-eabi/10.3.1/../../../../arm-none-eabi/lib/thumb/v8-m.main+fp/softfp\libg.a(lib_a-calloc.o) (_calloc_r)
c:/progra~2/gnuarm~1/102021~1.10/bin/../lib/gcc/arm-none-eabi/10.3.1/../../../../arm-none-eabi/lib/thumb/v8-m.main+fp/softfp\libg.a(lib_a-errno.o)
                              c:/progra~2/gnuarm~1/102021~1.10/bin/../lib/gcc/arm-none-eabi/10.3.1/../../../../arm-none-eabi/lib/thumb/v8-m.main+fp/softfp\libm.a(lib_a-wf_sqrt.o) (__errno)
c:/progra~2/gnuarm~1/102021~1.10/bin/../lib/gcc/arm-none-eabi/10.3.1/../../../../arm-none-eabi/lib/thumb/v8-m.main+fp/softfp\libg.a(lib_a-impure.o)
                              c:/progra~2/gnuarm~1/102021~1.10/bin/../lib/gcc/arm-none-eabi/10.3.1/../../../../arm-none-eabi/lib/thumb/v8-m.main+fp/softfp\libg.a(lib_a-calloc.o) (_impure_ptr)
c:/progra~2/gnuarm~1/102021~1.10/bin/../lib/gcc/arm-none-eabi/10.3.1/../../../../arm-none-eabi/lib/thumb/v8-m.main+fp/softfp\libg.a(lib_a-init.o)
                              c:/progra~2/gnuarm~1/102021~1.10/bin/../lib/gcc/arm-none-eabi/10.3.1/../../../../arm-none-eabi/lib/thumb/v8-m.main+fp/softfp/crt0.o (__libc_init_array)
c:/progra~2/gnuarm~1/102021~1.10/bin/../lib/gcc/arm-none-eabi/10.3.1/../../../../arm-none-eabi/lib/thumb/v8-m.main+fp/softfp\libg.a(lib_a-lcltime_r.o)
                              audio/sine_wave/CMakeFiles/sine_wave_i2s.dir/C_/pico/pico-sdk/src/common/pico_util/datetime.c.obj (localtime_r)
c:/progra~2/gnuarm~1/102021~1.10/bin/../lib/gcc/arm-none-eabi/10.3.1/../../../../arm-none-eabi/lib/thumb/v8-m.main+fp/softfp\libg.a(lib_a-malloc.o)
                              audio/sine_wave/CMakeFiles/sine_wave_i2s.dir/C_/pico/pico-sdk/src/rp2_common/pico_malloc/malloc.c.obj (malloc)
c:/progra~2/gnuarm~1/102021~1.10/bin/../lib/gcc/arm-none-eabi/10.3.1/../../../../arm-none-eabi/lib/thumb/v8-m.main+fp/softfp\libg.a(lib_a-mallocr.o)
                              c:/progra~2/gnuarm~1/102021~1.10/bin/../lib/gcc/arm-none-eabi/10.3.1/../../../../arm-none-eabi/lib/thumb/v8-m.main+fp/softfp\libg.a(lib_a-callocr.o) (_malloc_r)
c:/progra~2/gnuarm~1/102021~1.10/bin/../lib/gcc/arm-none-eabi/10.3.1/../../../../arm-none-eabi/lib/thumb/v8-m.main+fp/softfp\libg.a(lib_a-memcmp.o)
                              audio/sine_wave/CMakeFiles/sine_wave_i2s.dir/C_/pico/pico-sdk/src/rp2_common/pico_atomic/atomic.c.obj (memcmp)
[...]
Memory Configuration

Name             Origin             Length             Attributes
FLASH            0x10000000         0x00400000         xr
RAM              0x20000000         0x00080000         xrw
SCRATCH_X        0x20080000         0x00001000         xrw
SCRATCH_Y        0x20081000         0x00001000         xrw
*default*        0x00000000         0xffffffff

Linker script and memory map

LOAD c:/progra~2/gnuarm~1/102021~1.10/bin/../lib/gcc/arm-none-eabi/10.3.1/thumb/v8-m.main+fp/softfp/crti.o
LOAD c:/progra~2/gnuarm~1/102021~1.10/bin/../lib/gcc/arm-none-eabi/10.3.1/thumb/v8-m.main+fp/softfp/crtbegin.o
LOAD c:/progra~2/gnuarm~1/102021~1.10/bin/../lib/gcc/arm-none-eabi/10.3.1/../../../../arm-none-eabi/lib/thumb/v8-m.main+fp/softfp/crt0.o

.flash_begin    0x10000000        0x0
                0x10000000                __flash_binary_start = .

.text           0x10000000     0x5174
                0x10000000                __logical_binary_start = .
 *(.vectors)
 .vectors       0x10000000      0x124 audio/sine_wave/CMakeFiles/sine_wave_i2s.dir/C_/pico/pico-sdk/src/rp2_common/pico_crt0/crt0.S.obj
                0x10000000                __VECTOR_TABLE
                0x10000000                __vectors
                0x10000110                __unhandled_user_irq
                0x10000110                isr_irq49
                0x10000110                isr_irq13
                0x10000110                isr_irq43
                0x10000110                isr_irq45
                0x10000110                isr_irq27
                0x10000110                isr_irq32
                0x10000110                isr_irq31
                0x10000110                isr_irq12
                0x10000110                isr_irq5
                0x10000110                isr_irq11
                0x10000110                isr_irq3
                0x10000110                isr_irq23
                0x10000110                isr_usagefault
                0x10000110                isr_irq48
                0x10000110                isr_irq30
                0x10000110                isr_irq18
                0x10000110                isr_irq50
                0x10000110                isr_irq33
                0x10000110                isr_irq40
                0x10000110                isr_irq28
                0x10000110                isr_irq19
                0x10000110                isr_irq36
                0x10000110                isr_irq41
                0x10000110                isr_irq0
                0x10000110                isr_irq6
                0x10000110                isr_irq26
                0x10000110                isr_irq29
                0x10000110                isr_memmanage
                0x10000110                isr_irq37
                0x10000110                isr_irq42
                0x10000110                isr_irq22
                0x10000110                isr_irq35
                0x10000110                isr_irq17
                0x10000110                isr_irq38
                0x10000110                isr_irq14
                0x10000110                __vectors_end
                0x10000110                __default_isrs_start
                0x10000110                isr_irq2
                0x10000110                isr_irq10
                0x10000110                isr_irq8
                0x10000110                isr_debugmonitor
                0x10000110                isr_irq24
                0x10000110                isr_irq46
                0x10000110                isr_irq1
                0x10000110                isr_irq47
                0x10000110                isr_irq51
                0x10000110                isr_irq7
                0x10000110                isr_irq21
                0x10000110                isr_irq39
                0x10000110                isr_irq20
                0x10000110                isr_irq15
                0x10000110                isr_irq25
                0x10000110                isr_irq34
                0x10000110                isr_irq44
                0x10000110                isr_securefault
                0x10000110                isr_irq4
                0x10000110                isr_busfault
                0x10000110                isr_irq16
                0x10000110                isr_irq9
                0x10000116                unhandled_user_irq_num_in_r0
                0x10000118                isr_invalid
                0x1000011a                isr_nmi
                0x1000011c                isr_hardfault
                0x1000011e                isr_svcall
                0x10000120                isr_pendsv
                0x10000122                isr_systick
                0x10000124                __default_isrs_end
 *(.binary_info_header)
 .binary_info_header
                0x10000124       0x14 audio/sine_wave/CMakeFiles/sine_wave_i2s.dir/C_/pico/pico-sdk/src/rp2_common/pico_crt0/crt0.S.obj
                0x10000138                __binary_info_header_end = .
 *(.embedded_block)
 .embedded_block
                0x10000138       0x14 audio/sine_wave/CMakeFiles/sine_wave_i2s.dir/C_/pico/pico-sdk/src/rp2_common/pico_crt0/crt0.S.obj
                0x1000014c                __embedded_block_end = .
 *(.reset)
 .reset         0x1000014c       0x98 audio/sine_wave/CMakeFiles/sine_wave_i2s.dir/C_/pico/pico-sdk/src/rp2_common/pico_crt0/crt0.S.obj
                0x1000014c                _entry_point
 *(.init)
 .init          0x100001e4        0x4 c:/progra~2/gnuarm~1/102021~1.10/bin/../lib/gcc/arm-none-eabi/10.3.1/thumb/v8-m.main+fp/softfp/crti.o
                0x100001e4                _init
 *libgcc.a:cmse_nonsecure_call.o()
 *(EXCLUDE_FILE(*libm.a: *libc.a:*lib_a-mem*.o *libgcc.a:) .text*)
 .text          0x100001e8       0x40 c:/progra~2/gnuarm~1/102021~1.10/bin/../lib/gcc/arm-none-eabi/10.3.1/thumb/v8-m.main+fp/softfp/crtbegin.o
 .text.init_audio
                0x10000228       0x64 audio/sine_wave/CMakeFiles/sine_wave_i2s.dir/sine_wave.c.obj
                0x10000228                init_audio
 .text.main     0x1000028c      0x10c audio/sine_wave/CMakeFiles/sine_wave_i2s.dir/sine_wave.c.obj
                0x1000028c                main
 .text.gpio_set_function
                0x10000398       0x38 audio/sine_wave/CMakeFiles/sine_wave_i2s.dir/C_/pico/pico-sdk/src/rp2_common/hardware_gpio/gpio.c.obj
                0x10000398                gpio_set_function
 .text.panic    0x100003d0       0x30 audio/sine_wave/CMakeFiles/sine_wave_i2s.dir/C_/pico/pico-sdk/src/rp2_common/pico_platform_panic/panic.c.obj
                0x100003d0                panic
 .text.hw_claim_lock
                0x10000400       0x24 audio/sine_wave/CMakeFiles/sine_wave_i2s.dir/C_/pico/pico-sdk/src/common/hardware_claim/claim.c.obj
                0x10000400                hw_claim_lock
 .text.hw_claim_unlock
                0x10000424       0x14 audio/sine_wave/CMakeFiles/sine_wave_i2s.dir/C_/pico/pico-sdk/src/common/hardware_claim/claim.c.obj
                0x10000424                hw_claim_unlock
 .text.hw_claim_or_assert
                0x10000438       0x32 audio/sine_wave/CMakeFiles/sine_wave_i2s.dir/C_/pico/pico-sdk/src/common/hardware_claim/claim.c.obj
                0x10000438                hw_claim_or_assert
 *fill*         0x1000046a        0x2 
 .text.next_striped_spin_lock_num
                0x1000046c       0x1c audio/sine_wave/CMakeFiles/sine_wave_i2s.dir/C_/pico/pico-sdk/src/rp2_common/hardware_sync/sync.c.obj
                0x1000046c                next_striped_spin_lock_num
 .text.spinlock_set_extexclall
                0x10000488        0xe audio/sine_wave/CMakeFiles/sine_wave_i2s.dir/C_/pico/pico-sdk/src/rp2_common/hardware_sync_spin_lock/sync_spin_lock.c.obj
 *fill*         0x10000496        0x2 
 .text.spin_locks_reset
                0x10000498       0x1c audio/sine_wave/CMakeFiles/sine_wave_i2s.dir/C_/pico/pico-sdk/src/rp2_common/hardware_sync_spin_lock/sync_spin_lock.c.obj
                0x10000498                spin_locks_reset
 .text.spin_lock_init
                0x100004b4       0x30 audio/sine_wave/CMakeFiles/sine_wave_i2s.dir/C_/pico/pico-sdk/src/rp2_common/hardware_sync_spin_lock/sync_spin_lock.c.obj
                0x100004b4                spin_lock_init
 .text.set_raw_irq_handler_and_unlock
                0x100004e4       0x24 audio/sine_wave/CMakeFiles/sine_wave_i2s.dir/C_/pico/pico-sdk/src/rp2_common/hardware_irq/irq.c.obj
 .text.nvic_ipr0
                0x10000508        0x8 audio/sine_wave/CMakeFiles/sine_wave_i2s.dir/C_/pico/pico-sdk/src/rp2_common/hardware_irq/irq.c.obj
 .text.runtime_init_per_core_irq_priorities
                0x10000510       0x1c audio/sine_wave/CMakeFiles/sine_wave_i2s.dir/C_/pico/pico-sdk/src/rp2_common/hardware_irq/irq.c.obj
                0x10000510                runtime_init_per_core_irq_priorities
 .text.make_j_16
                0x1000052c       0x3c audio/sine_wave/CMakeFiles/sine_wave_i2s.dir/C_/pico/pico-sdk/src/rp2_common/hardware_irq/irq.c.obj
 .text.insert_bl_32
                0x10000568       0x3c audio/sine_wave/CMakeFiles/sine_wave_i2s.dir/C_/pico/pico-sdk/src/rp2_common/hardware_irq/irq.c.obj
 .text.irq_is_enabled
                0x100005a4       0x20 audio/sine_wave/CMakeFiles/sine_wave_i2s.dir/C_/pico/pico-sdk/src/rp2_common/hardware_irq/irq.c.obj
                0x100005a4                irq_is_enabled
 .text.irq_set_mask_n_enabled
                0x100005c4       0x20 audio/sine_wave/CMakeFiles/sine_wave_i2s.dir/C_/pico/pico-sdk/src/rp2_common/hardware_irq/irq.c.obj
                0x100005c4                irq_set_mask_n_enabled
 .text.irq_set_enabled
                0x100005e4       0x14 audio/sine_wave/CMakeFiles/sine_wave_i2s.dir/C_/pico/pico-sdk/src/rp2_common/hardware_irq/irq.c.obj
                0x100005e4                irq_set_enabled
 .text.irq_get_vtable_handler
                0x100005f8       0x10 audio/sine_wave/CMakeFiles/sine_wave_i2s.dir/C_/pico/pico-sdk/src/rp2_common/hardware_irq/irq.c.obj
                0x100005f8                irq_get_vtable_handler
 .text.irq_set_exclusive_handler
                0x10000608       0x60 audio/sine_wave/CMakeFiles/sine_wave_i2s.dir/C_/pico/pico-sdk/src/rp2_common/hardware_irq/irq.c.obj
                0x10000608                irq_set_exclusive_handler
 .text.irq_add_shared_handler
                0x10000668      0x264 audio/sine_wave/CMakeFiles/sine_wave_i2s.dir/C_/pico/pico-sdk/src/rp2_common/hardware_irq/irq.c.obj
                0x10000668                irq_add_shared_handler
 .text.irq_remove_handler
                0x100008cc      0x1ac audio/sine_wave/CMakeFiles/sine_wave_i2s.dir/C_/pico/pico-sdk/src/rp2_common/hardware_irq/irq.c.obj
                0x100008cc                irq_remove_handler
 .text.irq_add_tail_to_free_list
                0x10000a78      0x100 audio/sine_wave/CMakeFiles/sine_wave_i2s.dir/C_/pico/pico-sdk/src/rp2_common/hardware_irq/irq.c.obj
                0x10000a78                irq_add_tail_to_free_list
 .text.lock_init
                0x10000b78        0xc audio/sine_wave/CMakeFiles/sine_wave_i2s.dir/C_/pico/pico-sdk/src/common/pico_sync/lock_core.c.obj
                0x10000b78                lock_init
 .text.mutex_init
                0x10000b84       0x1a audio/sine_wave/CMakeFiles/sine_wave_i2s.dir/C_/pico/pico-sdk/src/common/pico_sync/mutex.c.obj
                0x10000b84                mutex_init
 .text.recursive_mutex_init
                0x10000b9e       0x1e audio/sine_wave/CMakeFiles/sine_wave_i2s.dir/C_/pico/pico-sdk/src/common/pico_sync/mutex.c.obj
                0x10000b9e                recursive_mutex_init
 .text.runtime_init_mutex
                0x10000bbc       0x4c audio/sine_wave/CMakeFiles/sine_wave_i2s.dir/C_/pico/pico-sdk/src/common/pico_sync/mutex.c.obj
                0x10000bbc                runtime_init_mutex
 .text.make_alarm_id
                0x10000c08        0x6 audio/sine_wave/CMakeFiles/sine_wave_i2s.dir/C_/pico/pico-sdk/src/common/pico_time/time.c.obj
 *fill*         0x10000c0e        0x2 
 .text.sleep_until_callback
                0x10000c10       0x3c audio/sine_wave/CMakeFiles/sine_wave_i2s.dir/C_/pico/pico-sdk/src/common/pico_time/time.c.obj
 .text.alarm_pool_irq_handler
                0x10000c4c      0x30c audio/sine_wave/CMakeFiles/sine_wave_i2s.dir/C_/pico/pico-sdk/src/common/pico_time/time.c.obj
 .text.alarm_pool_post_alloc_init
                0x10000f58       0xa4 audio/sine_wave/CMakeFiles/sine_wave_i2s.dir/C_/pico/pico-sdk/src/common/pico_time/time.c.obj
 .text.alarm_pool_get_default
                0x10000ffc       0x28 audio/sine_wave/CMakeFiles/sine_wave_i2s.dir/C_/pico/pico-sdk/src/common/pico_time/time.c.obj
                0x10000ffc                alarm_pool_get_default
 .text.alarm_pool_add_alarm_at_force_in_context
                0x10001024       0xba audio/sine_wave/CMakeFiles/sine_wave_i2s.dir/C_/pico/pico-sdk/src/common/pico_time/time.c.obj
                0x10001024                alarm_pool_add_alarm_at_force_in_context
 .text.alarm_pool_add_alarm_at
                0x100010de       0x38 audio/sine_wave/CMakeFiles/sine_wave_i2s.dir/C_/pico/pico-sdk/src/common/pico_time/time.c.obj
                0x100010de                alarm_pool_add_alarm_at
 .text.alarm_pool_cancel_alarm
                0x10001116       0x72 audio/sine_wave/CMakeFiles/sine_wave_i2s.dir/C_/pico/pico-sdk/src/common/pico_time/time.c.obj
                0x10001116                alarm_pool_cancel_alarm
 .text.best_effort_wfe_or_timeout
                0x10001188      0x11c audio/sine_wave/CMakeFiles/sine_wave_i2s.dir/C_/pico/pico-sdk/src/common/pico_time/time.c.obj
                0x10001188                best_effort_wfe_or_timeout
 .text.alarm_pool_get_default_timer
                0x100012a4        0x8 audio/sine_wave/CMakeFiles/sine_wave_i2s.dir/C_/pico/pico-sdk/src/common/pico_time/time.c.obj
                0x100012a4                alarm_pool_get_default_timer
 .text.runtime_init_default_alarm_pool
                0x100012ac       0x34 audio/sine_wave/CMakeFiles/sine_wave_i2s.dir/C_/pico/pico-sdk/src/common/pico_time/time.c.obj
                0x100012ac                runtime_init_default_alarm_pool
 .text.timer_hardware_alarm_claim
                0x100012e0       0x24 audio/sine_wave/CMakeFiles/sine_wave_i2s.dir/C_/pico/pico-sdk/src/rp2_common/hardware_timer/timer.c.obj
                0x100012e0                timer_hardware_alarm_claim
 .text.timer_time_us_64
                0x10001304       0x10 audio/sine_wave/CMakeFiles/sine_wave_i2s.dir/C_/pico/pico-sdk/src/rp2_common/hardware_timer/timer.c.obj
                0x10001304                timer_time_us_64
 .text.timer_busy_wait_until
                0x10001314       0x1a audio/sine_wave/CMakeFiles/sine_wave_i2s.dir/C_/pico/pico-sdk/src/rp2_common/hardware_timer/timer.c.obj
                0x10001314                timer_busy_wait_until
 .text.timer_busy_wait_us
                0x1000132e       0x28 audio/sine_wave/CMakeFiles/sine_wave_i2s.dir/C_/pico/pico-sdk/src/rp2_common/hardware_timer/timer.c.obj
                0x1000132e                timer_busy_wait_us
 *fill*         0x10001356        0x2 
 .text.time_us_64
                0x10001358       0x10 audio/sine_wave/CMakeFiles/sine_wave_i2s.dir/C_/pico/pico-sdk/src/rp2_common/hardware_timer/timer.c.obj
                0x10001358                time_us_64
 .text.busy_wait_us
                0x10001368       0x14 audio/sine_wave/CMakeFiles/sine_wave_i2s.dir/C_/pico/pico-sdk/src/rp2_common/hardware_timer/timer.c.obj
                0x10001368                busy_wait_us
 .text.uart_disable_before_lcr_write
                0x1000137c       0x40 audio/sine_wave/CMakeFiles/sine_wave_i2s.dir/C_/pico/pico-sdk/src/rp2_common/hardware_uart/uart.c.obj
 .text.uart_write_lcr_bits_masked
                0x100013bc       0x1c audio/sine_wave/CMakeFiles/sine_wave_i2s.dir/C_/pico/pico-sdk/src/rp2_common/hardware_uart/uart.c.obj
 .text.uart_set_baudrate
                0x100013d8       0x52 audio/sine_wave/CMakeFiles/sine_wave_i2s.dir/C_/pico/pico-sdk/src/rp2_common/hardware_uart/uart.c.obj
                0x100013d8                uart_set_baudrate
 *fill*         0x1000142a        0x2 
 .text.uart_set_translate_crlf
                0x1000142c       0x24 audio/sine_wave/CMakeFiles/sine_wave_i2s.dir/C_/pico/pico-sdk/src/rp2_common/hardware_uart/uart.c.obj
                0x1000142c                uart_set_translate_crlf
 .text.uart_init
                0x10001450       0x7c audio/sine_wave/CMakeFiles/sine_wave_i2s.dir/C_/pico/pico-sdk/src/rp2_common/hardware_uart/uart.c.obj
                0x10001450                uart_init
 .text.clock_configure_internal
                0x100014cc       0xb4 audio/sine_wave/CMakeFiles/sine_wave_i2s.dir/C_/pico/pico-sdk/src/rp2_common/hardware_clocks/clocks.c.obj
 .text.clock_configure_undivided
                0x10001580       0x12 audio/sine_wave/CMakeFiles/sine_wave_i2s.dir/C_/pico/pico-sdk/src/rp2_common/hardware_clocks/clocks.c.obj
                0x10001580                clock_configure_undivided
 *fill*         0x10001592        0x2 
 .text.clock_get_hz
                0x10001594        0xc audio/sine_wave/CMakeFiles/sine_wave_i2s.dir/C_/pico/pico-sdk/src/rp2_common/hardware_clocks/clocks.c.obj
                0x10001594                clock_get_hz
 .text.pll_init
                0x100015a0      0x108 audio/sine_wave/CMakeFiles/sine_wave_i2s.dir/C_/pico/pico-sdk/src/rp2_common/hardware_pll/pll.c.obj
                0x100015a0                pll_init
 .text.tick_start
                0x100016a8       0x1c audio/sine_wave/CMakeFiles/sine_wave_i2s.dir/C_/pico/pico-sdk/src/rp2_common/hardware_ticks/ticks.c.obj
                0x100016a8                tick_start
 .text.rom_func_lookup
                0x100016c4       0x1e audio/sine_wave/CMakeFiles/sine_wave_i2s.dir/C_/pico/pico-sdk/src/rp2_common/pico_bootrom/bootrom.c.obj
                0x100016c4                rom_func_lookup
 *fill*         0x100016e2        0x2 
 .text.runtime_init_bootrom_locking_enable
                0x100016e4       0x14 audio/sine_wave/CMakeFiles/sine_wave_i2s.dir/C_/pico/pico-sdk/src/rp2_common/pico_bootrom/bootrom_lock.c.obj
                0x100016e4                runtime_init_bootrom_locking_enable
 .text.boot_locks_reset
                0x100016f8       0x20 audio/sine_wave/CMakeFiles/sine_wave_i2s.dir/C_/pico/pico-sdk/src/rp2_common/hardware_boot_lock/boot_lock.c.obj
                0x100016f8                boot_locks_reset
 .text.runtime_init_boot_locks_reset
                0x10001718        0x8 audio/sine_wave/CMakeFiles/sine_wave_i2s.dir/C_/pico/pico-sdk/src/rp2_common/hardware_boot_lock/boot_lock.c.obj
                0x10001718                runtime_init_boot_locks_reset
 .text.xosc_init
                0x10001720       0x28 audio/sine_wave/CMakeFiles/sine_wave_i2s.dir/C_/pico/pico-sdk/src/rp2_common/hardware_xosc/xosc.c.obj
                0x10001720                xosc_init
 .text.runtime_run_initializers_from
                0x10001748       0x18 audio/sine_wave/CMakeFiles/sine_wave_i2s.dir/C_/pico/pico-sdk/src/rp2_common/pico_runtime/runtime.c.obj
 .text.first_per_core_initializer
                0x10001760        0x2 audio/sine_wave/CMakeFiles/sine_wave_i2s.dir/C_/pico/pico-sdk/src/rp2_common/pico_runtime/runtime.c.obj
 *fill*         0x10001762        0x2 
 .text.runtime_run_initializers
                0x10001764       0x10 audio/sine_wave/CMakeFiles/sine_wave_i2s.dir/C_/pico/pico-sdk/src/rp2_common/pico_runtime/runtime.c.obj
                0x10001764                runtime_run_initializers
 .text.runtime_init_early_resets
                0x10001774       0x2c audio/sine_wave/CMakeFiles/sine_wave_i2s.dir/C_/pico/pico-sdk/src/rp2_common/pico_runtime_init/runtime_init.c.obj
                0x10001774                runtime_init_early_resets
 .text.runtime_init_usb_power_down
                0x100017a0       0x20 audio/sine_wave/CMakeFiles/sine_wave_i2s.dir/C_/pico/pico-sdk/src/rp2_common/pico_runtime_init/runtime_init.c.obj
                0x100017a0                runtime_init_usb_power_down
 .text.runtime_init_per_core_enable_coprocessors
                0x100017c0       0x1c audio/sine_wave/CMakeFiles/sine_wave_i2s.dir/C_/pico/pico-sdk/src/rp2_common/pico_runtime_init/runtime_init.c.obj
                0x100017c0                runtime_init_per_core_enable_coprocessors
 .text.runtime_init_post_clock_resets
                0x100017dc       0x20 audio/sine_wave/CMakeFiles/sine_wave_i2s.dir/C_/pico/pico-sdk/src/rp2_common/pico_runtime_init/runtime_init.c.obj
                0x100017dc                runtime_init_post_clock_resets
 .text.runtime_init_bootrom_reset
                0x100017fc       0x12 audio/sine_wave/CMakeFiles/sine_wave_i2s.dir/C_/pico/pico-sdk/src/rp2_common/pico_runtime_init/runtime_init.c.obj
                0x100017fc                runtime_init_bootrom_reset
 .text.runtime_init_per_core_bootrom_reset
                0x1000180e       0x12 audio/sine_wave/CMakeFiles/sine_wave_i2s.dir/C_/pico/pico-sdk/src/rp2_common/pico_runtime_init/runtime_init.c.obj
                0x1000180e                runtime_init_per_core_bootrom_reset
 .text.runtime_init_spin_locks_reset
                0x10001820        0x8 audio/sine_wave/CMakeFiles/sine_wave_i2s.dir/C_/pico/pico-sdk/src/rp2_common/pico_runtime_init/runtime_init.c.obj
                0x10001820                runtime_init_spin_locks_reset
 .text.runtime_init_install_ram_vector_table
                0x10001828       0x48 audio/sine_wave/CMakeFiles/sine_wave_i2s.dir/C_/pico/pico-sdk/src/rp2_common/pico_runtime_init/runtime_init.c.obj
                0x10001828                runtime_init_install_ram_vector_table
 .text.start_all_ticks
                0x10001870       0x28 audio/sine_wave/CMakeFiles/sine_wave_i2s.dir/C_/pico/pico-sdk/src/rp2_common/pico_runtime_init/runtime_init_clocks.c.obj
 .text.runtime_init_clocks
                0x10001898       0xc4 audio/sine_wave/CMakeFiles/sine_wave_i2s.dir/C_/pico/pico-sdk/src/rp2_common/pico_runtime_init/runtime_init_clocks.c.obj
                0x10001898                runtime_init_clocks
 .text.__rp2350_dcp_engaged_state_save_restore
                0x1000195c       0x3a audio/sine_wave/CMakeFiles/sine_wave_i2s.dir/C_/pico/pico-sdk/src/rp2_common/pico_double/double_aeabi_dcp.S.obj
 *fill*         0x10001996        0x2 
 .text.__wrap___aeabi_dadd
                0x10001998       0x28 audio/sine_wave/CMakeFiles/sine_wave_i2s.dir/C_/pico/pico-sdk/src/rp2_common/pico_double/double_aeabi_dcp.S.obj
                0x100019a0                __wrap___aeabi_dadd
 .text.__wrap___aeabi_dsub
                0x100019c0       0x28 audio/sine_wave/CMakeFiles/sine_wave_i2s.dir/C_/pico/pico-sdk/src/rp2_common/pico_double/double_aeabi_dcp.S.obj
                0x100019c8                __wrap___aeabi_dsub
 .text.__wrap___aeabi_dmul
                0x100019e8       0x4c audio/sine_wave/CMakeFiles/sine_wave_i2s.dir/C_/pico/pico-sdk/src/rp2_common/pico_double/double_aeabi_dcp.S.obj
                0x100019f0                __wrap___aeabi_dmul
 .text.__wrap___aeabi_ddiv
                0x10001a34       0x9c audio/sine_wave/CMakeFiles/sine_wave_i2s.dir/C_/pico/pico-sdk/src/rp2_common/pico_double/double_aeabi_dcp.S.obj
                0x10001a3c                __wrap___aeabi_ddiv
 .text.__wrap___aeabi_i2d
                0x10001ad0       0x24 audio/sine_wave/CMakeFiles/sine_wave_i2s.dir/C_/pico/pico-sdk/src/rp2_common/pico_double/double_aeabi_dcp.S.obj
                0x10001ad8                int2double
                0x10001ad8                __wrap___aeabi_i2d
 .text.__wrap___aeabi_ui2d
                0x10001af4       0x24 audio/sine_wave/CMakeFiles/sine_wave_i2s.dir/C_/pico/pico-sdk/src/rp2_common/pico_double/double_aeabi_dcp.S.obj
                0x10001afc                uint2double
                0x10001afc                __wrap___aeabi_ui2d
 .text.__wrap___aeabi_d2iz
                0x10001b18       0x24 audio/sine_wave/CMakeFiles/sine_wave_i2s.dir/C_/pico/pico-sdk/src/rp2_common/pico_double/double_aeabi_dcp.S.obj
                0x10001b20                double2int_z
                0x10001b20                __wrap___aeabi_d2iz
 .text.__wrap___aeabi_d2uiz
                0x10001b3c       0x24 audio/sine_wave/CMakeFiles/sine_wave_i2s.dir/C_/pico/pico-sdk/src/rp2_common/pico_double/double_aeabi_dcp.S.obj
                0x10001b44                double2uint
                0x10001b44                __wrap___aeabi_d2uiz
                0x10001b44                double2uint_z
 .text.__wrap___aeabi_dcmpun
                0x10001b60       0x24 audio/sine_wave/CMakeFiles/sine_wave_i2s.dir/C_/pico/pico-sdk/src/rp2_common/pico_double/double_aeabi_dcp.S.obj
                0x10001b68                __wrap___aeabi_dcmpun
 .text.__wrap___aeabi_dcmplt
                0x10001b84       0x28 audio/sine_wave/CMakeFiles/sine_wave_i2s.dir/C_/pico/pico-sdk/src/rp2_common/pico_double/double_aeabi_dcp.S.obj
                0x10001b8c                __wrap___aeabi_dcmplt
 .text.__wrap___aeabi_dcmple
                0x10001bac       0x28 audio/sine_wave/CMakeFiles/sine_wave_i2s.dir/C_/pico/pico-sdk/src/rp2_common/pico_double/double_aeabi_dcp.S.obj
                0x10001bb4                __wrap___aeabi_dcmple
 .text.__wrap___aeabi_dcmpge
                0x10001bd4       0x28 audio/sine_wave/CMakeFiles/sine_wave_i2s.dir/C_/pico/pico-sdk/src/rp2_common/pico_double/double_aeabi_dcp.S.obj
                0x10001bdc                __wrap___aeabi_dcmpge
 .text.__wrap___aeabi_dcmpgt
                0x10001bfc       0x28 audio/sine_wave/CMakeFiles/sine_wave_i2s.dir/C_/pico/pico-sdk/src/rp2_common/pico_double/double_aeabi_dcp.S.obj
                0x10001c04                __wrap___aeabi_dcmpgt
 .text.frrcore_v
                0x10001c24       0x54 audio/sine_wave/CMakeFiles/sine_wave_i2s.dir/C_/pico/pico-sdk/src/rp2_common/pico_float/float_sci_m33_vfp.S.obj
 .text.__wrap_fsin_fcos
                0x10001c78      0x388 audio/sine_wave/CMakeFiles/sine_wave_i2s.dir/C_/pico/pico-sdk/src/rp2_common/pico_float/float_sci_m33_vfp.S.obj
                0x10001d54                __wrap_sincosf
                0x10001dc0                __wrap_sinf
                0x10001dc6                __wrap_cosf
 .text.__wrap_malloc
                0x10002000       0x24 audio/sine_wave/CMakeFiles/sine_wave_i2s.dir/C_/pico/pico-sdk/src/rp2_common/pico_malloc/malloc.c.obj
                0x10002000                __wrap_malloc
 .text.__wrap_calloc
                0x10002024       0x28 audio/sine_wave/CMakeFiles/sine_wave_i2s.dir/C_/pico/pico-sdk/src/rp2_common/pico_malloc/malloc.c.obj
                0x10002024                __wrap_calloc
 .text.__wrap_free
                0x1000204c        0x8 audio/sine_wave/CMakeFiles/sine_wave_i2s.dir/C_/pico/pico-sdk/src/rp2_common/pico_malloc/malloc.c.obj
                0x1000204c                __wrap_free
 .text._out_null
                0x10002054        0x2 audio/sine_wave/CMakeFiles/sine_wave_i2s.dir/C_/pico/pico-sdk/src/rp2_common/pico_printf/printf.c.obj
 .text._out_fct
                0x10002056        0xe audio/sine_wave/CMakeFiles/sine_wave_i2s.dir/C_/pico/pico-sdk/src/rp2_common/pico_printf/printf.c.obj
 .text._atoi    0x10002064       0x24 audio/sine_wave/CMakeFiles/sine_wave_i2s.dir/C_/pico/pico-sdk/src/rp2_common/pico_printf/printf.c.obj
 .text._out_rev
                0x10002088       0x7e audio/sine_wave/CMakeFiles/sine_wave_i2s.dir/C_/pico/pico-sdk/src/rp2_common/pico_printf/printf.c.obj
 .text._ntoa_format
                0x10002106      0x138 audio/sine_wave/CMakeFiles/sine_wave_i2s.dir/C_/pico/pico-sdk/src/rp2_common/pico_printf/printf.c.obj
 .text._ntoa_long
                0x1000223e       0x94 audio/sine_wave/CMakeFiles/sine_wave_i2s.dir/C_/pico/pico-sdk/src/rp2_common/pico_printf/printf.c.obj
 .text._ntoa_long_long
                0x100022d2       0xc6 audio/sine_wave/CMakeFiles/sine_wave_i2s.dir/C_/pico/pico-sdk/src/rp2_common/pico_printf/printf.c.obj
 .text._etoa    0x10002398      0x41c audio/sine_wave/CMakeFiles/sine_wave_i2s.dir/C_/pico/pico-sdk/src/rp2_common/pico_printf/printf.c.obj
 *fill*         0x100027b4        0x4 
 .text._ftoa    0x100027b8      0x398 audio/sine_wave/CMakeFiles/sine_wave_i2s.dir/C_/pico/pico-sdk/src/rp2_common/pico_printf/printf.c.obj
 .text._vsnprintf
                0x10002b50      0x680 audio/sine_wave/CMakeFiles/sine_wave_i2s.dir/C_/pico/pico-sdk/src/rp2_common/pico_printf/printf.c.obj
 .text.vfctprintf
                0x100031d0       0x24 audio/sine_wave/CMakeFiles/sine_wave_i2s.dir/C_/pico/pico-sdk/src/rp2_common/pico_printf/printf.c.obj
                0x100031d0                vfctprintf
 .text._exit    0x100031f4        0x4 audio/sine_wave/CMakeFiles/sine_wave_i2s.dir/C_/pico/pico-sdk/src/rp2_common/pico_clib_interface/newlib_interface.c.obj
                0x100031f4                _exit
 .text._sbrk    0x100031f8       0x34 audio/sine_wave/CMakeFiles/sine_wave_i2s.dir/C_/pico/pico-sdk/src/rp2_common/pico_clib_interface/newlib_interface.c.obj
                0x100031f8                _sbrk
 .text.exit     0x1000322c        0x6 audio/sine_wave/CMakeFiles/sine_wave_i2s.dir/C_/pico/pico-sdk/src/rp2_common/pico_clib_interface/newlib_interface.c.obj
                0x1000322c                exit
 *fill*         0x10003232        0x2 
 .text.__assert_func
                0x10003234       0x38 audio/sine_wave/CMakeFiles/sine_wave_i2s.dir/C_/pico/pico-sdk/src/rp2_common/pico_clib_interface/newlib_interface.c.obj
                0x10003234                __assert_func
 .text.runtime_init
                0x1000326c       0x2c audio/sine_wave/CMakeFiles/sine_wave_i2s.dir/C_/pico/pico-sdk/src/rp2_common/pico_clib_interface/newlib_interface.c.obj
                0x1000326c                runtime_init
 .text.stdio_out_chars_no_crlf
                0x10003298        0xe audio/sine_wave/CMakeFiles/sine_wave_i2s.dir/C_/pico/pico-sdk/src/rp2_common/pico_stdio/stdio.c.obj
 *fill*         0x100032a6        0x2 
 .text.stdio_out_chars_crlf
                0x100032a8       0x80 audio/sine_wave/CMakeFiles/sine_wave_i2s.dir/C_/pico/pico-sdk/src/rp2_common/pico_stdio/stdio.c.obj
 .text.stdio_stack_buffer_flush
                0x10003328       0x40 audio/sine_wave/CMakeFiles/sine_wave_i2s.dir/C_/pico/pico-sdk/src/rp2_common/pico_stdio/stdio.c.obj
 .text.stdio_buffered_printer
                0x10003368       0x20 audio/sine_wave/CMakeFiles/sine_wave_i2s.dir/C_/pico/pico-sdk/src/rp2_common/pico_stdio/stdio.c.obj
 .text.stdout_serialize_begin
                0x10003388       0x2c audio/sine_wave/CMakeFiles/sine_wave_i2s.dir/C_/pico/pico-sdk/src/rp2_common/pico_stdio/stdio.c.obj
                0x10003388                stdout_serialize_begin
 .text.stdout_serialize_end
                0x100033b4       0x10 audio/sine_wave/CMakeFiles/sine_wave_i2s.dir/C_/pico/pico-sdk/src/rp2_common/pico_stdio/stdio.c.obj
                0x100033b4                stdout_serialize_end
 .text.stdio_put_string
                0x100033c4       0x8c audio/sine_wave/CMakeFiles/sine_wave_i2s.dir/C_/pico/pico-sdk/src/rp2_common/pico_stdio/stdio.c.obj
                0x100033c4                stdio_put_string
 .text.stdio_get_until
                0x10003450       0x74 audio/sine_wave/CMakeFiles/sine_wave_i2s.dir/C_/pico/pico-sdk/src/rp2_common/pico_stdio/stdio.c.obj
                0x10003450                stdio_get_until
 .text.stdio_set_driver_enabled
                0x100034c4       0x28 audio/sine_wave/CMakeFiles/sine_wave_i2s.dir/C_/pico/pico-sdk/src/rp2_common/pico_stdio/stdio.c.obj
                0x100034c4                stdio_set_driver_enabled
 .text.stdio_flush
                0x100034ec       0x1c audio/sine_wave/CMakeFiles/sine_wave_i2s.dir/C_/pico/pico-sdk/src/rp2_common/pico_stdio/stdio.c.obj
                0x100034ec                stdio_flush
 .text.stdio_init_all
                0x10003508        0xa audio/sine_wave/CMakeFiles/sine_wave_i2s.dir/C_/pico/pico-sdk/src/rp2_common/pico_stdio/stdio.c.obj
                0x10003508                stdio_init_all
 *fill*         0x10003512        0x2 
 .text.stdio_getchar_timeout_us
                0x10003514       0x50 audio/sine_wave/CMakeFiles/sine_wave_i2s.dir/C_/pico/pico-sdk/src/rp2_common/pico_stdio/stdio.c.obj
                0x10003514                stdio_getchar_timeout_us
 .text.__wrap_puts
                0x10003564       0x1e audio/sine_wave/CMakeFiles/sine_wave_i2s.dir/C_/pico/pico-sdk/src/rp2_common/pico_stdio/stdio.c.obj
                0x10003564                stdio_puts
                0x10003564                __wrap_puts
 *fill*         0x10003582        0x2 
 .text.__wrap_vprintf
                0x10003584       0x3c audio/sine_wave/CMakeFiles/sine_wave_i2s.dir/C_/pico/pico-sdk/src/rp2_common/pico_stdio/stdio.c.obj
                0x10003584                stdio_vprintf
                0x10003584                __wrap_vprintf
 .text.__wrap_printf
                0x100035c0       0x1c audio/sine_wave/CMakeFiles/sine_wave_i2s.dir/C_/pico/pico-sdk/src/rp2_common/pico_stdio/stdio.c.obj
                0x100035c0                __wrap_printf
                0x100035c0                stdio_printf
 .text.stdio_uart_out_chars
                0x100035dc       0x8c audio/sine_wave/CMakeFiles/sine_wave_i2s.dir/C_/pico/pico-sdk/src/rp2_common/pico_stdio_uart/stdio_uart.c.obj
 .text.stdio_uart_in_chars
                0x10003668       0x7c audio/sine_wave/CMakeFiles/sine_wave_i2s.dir/C_/pico/pico-sdk/src/rp2_common/pico_stdio_uart/stdio_uart.c.obj
                0x10003668                stdio_uart_in_chars
 .text.on_uart_rx
                0x100036e4       0x24 audio/sine_wave/CMakeFiles/sine_wave_i2s.dir/C_/pico/pico-sdk/src/rp2_common/pico_stdio_uart/stdio_uart.c.obj
 .text.stdio_uart_out_flush
                0x10003708       0x14 audio/sine_wave/CMakeFiles/sine_wave_i2s.dir/C_/pico/pico-sdk/src/rp2_common/pico_stdio_uart/stdio_uart.c.obj
 .text.stdio_uart_set_chars_available_callback
                0x1000371c       0x88 audio/sine_wave/CMakeFiles/sine_wave_i2s.dir/C_/pico/pico-sdk/src/rp2_common/pico_stdio_uart/stdio_uart.c.obj
 .text.stdio_uart_init_full
                0x100037a4       0x50 audio/sine_wave/CMakeFiles/sine_wave_i2s.dir/C_/pico/pico-sdk/src/rp2_common/pico_stdio_uart/stdio_uart.c.obj
                0x100037a4                stdio_uart_init_full
 .text.stdio_uart_init
                0x100037f4       0x30 audio/sine_wave/CMakeFiles/sine_wave_i2s.dir/C_/pico/pico-sdk/src/rp2_common/pico_stdio_uart/stdio_uart.c.obj
                0x100037f4                stdio_uart_init
 .text.audio_start_dma_transfer
                0x10003824       0xe0 audio/sine_wave/CMakeFiles/sine_wave_i2s.dir/C_/pico/pico-extras/src/rp2_common/pico_audio_i2s/audio_i2s.c.obj
 .text.audio_i2s_program_init
                0x10003904       0xf4 audio/sine_wave/CMakeFiles/sine_wave_i2s.dir/C_/pico/pico-extras/src/rp2_common/pico_audio_i2s/audio_i2s.c.obj
 .text.pass_thru_consumer_give
                0x100039f8        0xa audio/sine_wave/CMakeFiles/sine_wave_i2s.dir/C_/pico/pico-extras/src/rp2_common/pico_audio_i2s/audio_i2s.c.obj
 .text.pass_thru_producer_give
                0x10003a02        0xa audio/sine_wave/CMakeFiles/sine_wave_i2s.dir/C_/pico/pico-extras/src/rp2_common/pico_audio_i2s/audio_i2s.c.obj
 .text.update_pio_frequency
                0x10003a0c       0x70 audio/sine_wave/CMakeFiles/sine_wave_i2s.dir/C_/pico/pico-extras/src/rp2_common/pico_audio_i2s/audio_i2s.c.obj
 .text.wrap_consumer_take
                0x10003a7c       0x28 audio/sine_wave/CMakeFiles/sine_wave_i2s.dir/C_/pico/pico-extras/src/rp2_common/pico_audio_i2s/audio_i2s.c.obj
 .text.wrap_producer_give
                0x10003aa4       0x34 audio/sine_wave/CMakeFiles/sine_wave_i2s.dir/C_/pico/pico-extras/src/rp2_common/pico_audio_i2s/audio_i2s.c.obj
 .text.audio_i2s_setup
                0x10003ad8      0x120 audio/sine_wave/CMakeFiles/sine_wave_i2s.dir/C_/pico/pico-extras/src/rp2_common/pico_audio_i2s/audio_i2s.c.obj
                0x10003ad8                audio_i2s_setup
 .text.audio_i2s_connect_extra
                0x10003bf8       0xc4 audio/sine_wave/CMakeFiles/sine_wave_i2s.dir/C_/pico/pico-extras/src/rp2_common/pico_audio_i2s/audio_i2s.c.obj
                0x10003bf8                audio_i2s_connect_extra
 .text.audio_i2s_connect_thru
                0x10003cbc       0x18 audio/sine_wave/CMakeFiles/sine_wave_i2s.dir/C_/pico/pico-extras/src/rp2_common/pico_audio_i2s/audio_i2s.c.obj
                0x10003cbc                audio_i2s_connect_thru
 .text.audio_i2s_connect
                0x10003cd4        0xa audio/sine_wave/CMakeFiles/sine_wave_i2s.dir/C_/pico/pico-extras/src/rp2_common/pico_audio_i2s/audio_i2s.c.obj
                0x10003cd4                audio_i2s_connect
 *fill*         0x10003cde        0x2 
 .text.audio_i2s_set_enabled
                0x10003ce0       0x80 audio/sine_wave/CMakeFiles/sine_wave_i2s.dir/C_/pico/pico-extras/src/rp2_common/pico_audio_i2s/audio_i2s.c.obj
                0x10003ce0                audio_i2s_set_enabled
 .text.dma_channel_claim
                0x10003d60       0x18 audio/sine_wave/CMakeFiles/sine_wave_i2s.dir/C_/pico/pico-sdk/src/rp2_common/hardware_dma/dma.c.obj
                0x10003d60                dma_channel_claim
 .text.is_gpio_compatible
                0x10003d78       0x24 audio/sine_wave/CMakeFiles/sine_wave_i2s.dir/C_/pico/pico-sdk/src/rp2_common/hardware_pio/pio.c.obj
 .text.is_program_gpio_compatible
                0x10003d9c        0xa audio/sine_wave/CMakeFiles/sine_wave_i2s.dir/C_/pico/pico-sdk/src/rp2_common/hardware_pio/pio.c.obj
 *fill*         0x10003da6        0x2 
 .text.add_program_at_offset_check
                0x10003da8       0x54 audio/sine_wave/CMakeFiles/sine_wave_i2s.dir/C_/pico/pico-sdk/src/rp2_common/hardware_pio/pio.c.obj
 .text.add_program_at_offset
                0x10003dfc       0x60 audio/sine_wave/CMakeFiles/sine_wave_i2s.dir/C_/pico/pico-sdk/src/rp2_common/hardware_pio/pio.c.obj
 .text.find_offset_for_program
                0x10003e5c       0x78 audio/sine_wave/CMakeFiles/sine_wave_i2s.dir/C_/pico/pico-sdk/src/rp2_common/hardware_pio/pio.c.obj
 .text.pio_sm_claim
                0x10003ed4       0x3c audio/sine_wave/CMakeFiles/sine_wave_i2s.dir/C_/pico/pico-sdk/src/rp2_common/hardware_pio/pio.c.obj
                0x10003ed4                pio_sm_claim
 .text.pio_add_program
                0x10003f10       0x30 audio/sine_wave/CMakeFiles/sine_wave_i2s.dir/C_/pico/pico-sdk/src/rp2_common/hardware_pio/pio.c.obj
                0x10003f10                pio_add_program
 .text.pio_sm_set_pins
                0x10003f40       0x76 audio/sine_wave/CMakeFiles/sine_wave_i2s.dir/C_/pico/pico-sdk/src/rp2_common/hardware_pio/pio.c.obj
                0x10003f40                pio_sm_set_pins
 .text.pio_sm_set_pindirs_with_mask
                0x10003fb6       0x72 audio/sine_wave/CMakeFiles/sine_wave_i2s.dir/C_/pico/pico-sdk/src/rp2_common/hardware_pio/pio.c.obj
                0x10003fb6                pio_sm_set_pindirs_with_mask
 .text.pio_sm_init
                0x10004028       0xda audio/sine_wave/CMakeFiles/sine_wave_i2s.dir/C_/pico/pico-sdk/src/rp2_common/hardware_pio/pio.c.obj
                0x10004028                pio_sm_init
 .text.get_free_audio_buffer
                0x10004102       0x4c audio/sine_wave/CMakeFiles/sine_wave_i2s.dir/C_/pico/pico-extras/src/common/pico_audio/audio.cpp.obj
                0x10004102                get_free_audio_buffer
 .text.producer_pool_take_buffer_default
                0x1000414e        0xa audio/sine_wave/CMakeFiles/sine_wave_i2s.dir/C_/pico/pico-extras/src/common/pico_audio/audio.cpp.obj
                0x1000414e                producer_pool_take_buffer_default
 .text.queue_free_audio_buffer
                0x10004158       0x84 audio/sine_wave/CMakeFiles/sine_wave_i2s.dir/C_/pico/pico-extras/src/common/pico_audio/audio.cpp.obj
                0x10004158                queue_free_audio_buffer
 .text.consumer_pool_give_buffer_default
                0x100041dc        0xa audio/sine_wave/CMakeFiles/sine_wave_i2s.dir/C_/pico/pico-extras/src/common/pico_audio/audio.cpp.obj
                0x100041dc                consumer_pool_give_buffer_default
 *fill*         0x100041e6        0x2 
 .text.get_full_audio_buffer
                0x100041e8       0x74 audio/sine_wave/CMakeFiles/sine_wave_i2s.dir/C_/pico/pico-extras/src/common/pico_audio/audio.cpp.obj
                0x100041e8                get_full_audio_buffer
 .text.consumer_pool_take_buffer_default
                0x1000425c        0xa audio/sine_wave/CMakeFiles/sine_wave_i2s.dir/C_/pico/pico-extras/src/common/pico_audio/audio.cpp.obj
                0x1000425c                consumer_pool_take_buffer_default
 *fill*         0x10004266        0x2 
 .text.queue_full_audio_buffer
                0x10004268       0xdc audio/sine_wave/CMakeFiles/sine_wave_i2s.dir/C_/pico/pico-extras/src/common/pico_audio/audio.cpp.obj
                0x10004268                queue_full_audio_buffer
 .text.producer_pool_give_buffer_default
                0x10004344        0xa audio/sine_wave/CMakeFiles/sine_wave_i2s.dir/C_/pico/pico-extras/src/common/pico_audio/audio.cpp.obj
                0x10004344                producer_pool_give_buffer_default
 .text.audio_init_buffer
                0x1000434e       0x44 audio/sine_wave/CMakeFiles/sine_wave_i2s.dir/C_/pico/pico-extras/src/common/pico_audio/audio.cpp.obj
                0x1000434e                audio_init_buffer
 *fill*         0x10004392        0x2 
 .text._Z21audio_new_buffer_poolP19audio_buffer_formatii
                0x10004394       0x90 audio/sine_wave/CMakeFiles/sine_wave_i2s.dir/C_/pico/pico-extras/src/common/pico_audio/audio.cpp.obj
                0x10004394                audio_new_buffer_pool(audio_buffer_format*, int, int)
 .text.audio_new_producer_pool
                0x10004424        0xc audio/sine_wave/CMakeFiles/sine_wave_i2s.dir/C_/pico/pico-extras/src/common/pico_audio/audio.cpp.obj
                0x10004424                audio_new_producer_pool
 .text.audio_new_consumer_pool
                0x10004430        0xc audio/sine_wave/CMakeFiles/sine_wave_i2s.dir/C_/pico/pico-extras/src/common/pico_audio/audio.cpp.obj
                0x10004430                audio_new_consumer_pool
 .text.audio_complete_connection
                0x1000443c       0x40 audio/sine_wave/CMakeFiles/sine_wave_i2s.dir/C_/pico/pico-extras/src/common/pico_audio/audio.cpp.obj
                0x1000443c                audio_complete_connection
 .text.give_audio_buffer
                0x1000447c       0x34 audio/sine_wave/CMakeFiles/sine_wave_i2s.dir/C_/pico/pico-extras/src/common/pico_audio/audio.cpp.obj
                0x1000447c                give_audio_buffer
 .text.take_audio_buffer
                0x100044b0       0x30 audio/sine_wave/CMakeFiles/sine_wave_i2s.dir/C_/pico/pico-extras/src/common/pico_audio/audio.cpp.obj
                0x100044b0                take_audio_buffer
 .text._Z18consumer_pool_takeI15MultiChannelFmtI6FmtS16Lj2EES0_IS1_Lj1EEEP12audio_bufferP16audio_connectionb
                0x100044e0      0x118 audio/sine_wave/CMakeFiles/sine_wave_i2s.dir/C_/pico/pico-extras/src/common/pico_audio/audio.cpp.obj
                0x100044e0                audio_buffer* consumer_pool_take<MultiChannelFmt<FmtS16, 2u>, MultiChannelFmt<FmtS16, 1u> >(audio_connection*, bool)
 .text.mono_to_stereo_consumer_take
                0x100045f8        0x8 audio/sine_wave/CMakeFiles/sine_wave_i2s.dir/C_/pico/pico-extras/src/common/pico_audio/audio.cpp.obj
                0x100045f8                mono_to_stereo_consumer_take
 .text.calloc   0x10004600       0x10 c:/progra~2/gnuarm~1/102021~1.10/bin/../lib/gcc/arm-none-eabi/10.3.1/../../../../arm-none-eabi/lib/thumb/v8-m.main+fp/softfp\libg.a(lib_a-calloc.o)
                0x10004600                calloc
 .text._calloc_r
                0x10004610       0x6c c:/progra~2/gnuarm~1/102021~1.10/bin/../lib/gcc/arm-none-eabi/10.3.1/../../../../arm-none-eabi/lib/thumb/v8-m.main+fp/softfp\libg.a(lib_a-callocr.o)
                0x10004610                _calloc_r
 .text.__errno  0x1000467c        0xc c:/progra~2/gnuarm~1/102021~1.10/bin/../lib/gcc/arm-none-eabi/10.3.1/../../../../arm-none-eabi/lib/thumb/v8-m.main+fp/softfp\libg.a(lib_a-errno.o)
                0x1000467c                __errno
 .text.malloc   0x10004688       0x10 c:/progra~2/gnuarm~1/102021~1.10/bin/../lib/gcc/arm-none-eabi/10.3.1/../../../../arm-none-eabi/lib/thumb/v8-m.main+fp/softfp\libg.a(lib_a-malloc.o)
                0x10004688                malloc
 .text.free     0x10004698       0x10 c:/progra~2/gnuarm~1/102021~1.10/bin/../lib/gcc/arm-none-eabi/10.3.1/../../../../arm-none-eabi/lib/thumb/v8-m.main+fp/softfp\libg.a(lib_a-malloc.o)
                0x10004698                free
 .text._malloc_r
                0x100046a8      0x574 c:/progra~2/gnuarm~1/102021~1.10/bin/../lib/gcc/arm-none-eabi/10.3.1/../../../../arm-none-eabi/lib/thumb/v8-m.main+fp/softfp\libg.a(lib_a-mallocr.o)
                0x100046a8                _malloc_r
 .text          0x10004c1c       0xec c:/progra~2/gnuarm~1/102021~1.10/bin/../lib/gcc/arm-none-eabi/10.3.1/../../../../arm-none-eabi/lib/thumb/v8-m.main+fp/softfp\libg.a(lib_a-memcpy.o)
                0x10004c1c                memcpy
 .text.memset   0x10004d08       0xa4 c:/progra~2/gnuarm~1/102021~1.10/bin/../lib/gcc/arm-none-eabi/10.3.1/../../../../arm-none-eabi/lib/thumb/v8-m.main+fp/softfp\libg.a(lib_a-memset.o)
                0x10004d08                memset
 .text.__malloc_lock
                0x10004dac        0xc c:/progra~2/gnuarm~1/102021~1.10/bin/../lib/gcc/arm-none-eabi/10.3.1/../../../../arm-none-eabi/lib/thumb/v8-m.main+fp/softfp\libg.a(lib_a-mlock.o)
                0x10004dac                __malloc_lock
 .text.__malloc_unlock
                0x10004db8        0xc c:/progra~2/gnuarm~1/102021~1.10/bin/../lib/gcc/arm-none-eabi/10.3.1/../../../../arm-none-eabi/lib/thumb/v8-m.main+fp/softfp\libg.a(lib_a-mlock.o)
                0x10004db8                __malloc_unlock
 .text._sbrk_r  0x10004dc4       0x24 c:/progra~2/gnuarm~1/102021~1.10/bin/../lib/gcc/arm-none-eabi/10.3.1/../../../../arm-none-eabi/lib/thumb/v8-m.main+fp/softfp\libg.a(lib_a-sbrkr.o)
                0x10004dc4                _sbrk_r
 .text.strlen   0x10004de8       0x5c c:/progra~2/gnuarm~1/102021~1.10/bin/../lib/gcc/arm-none-eabi/10.3.1/../../../../arm-none-eabi/lib/thumb/v8-m.main+fp/softfp\libg.a(lib_a-strlen-stub.o)
                0x10004de8                strlen
 .text._malloc_trim_r
                0x10004e44       0xa0 c:/progra~2/gnuarm~1/102021~1.10/bin/../lib/gcc/arm-none-eabi/10.3.1/../../../../arm-none-eabi/lib/thumb/v8-m.main+fp/softfp\libg.a(lib_a-freer.o)
                0x10004e44                _malloc_trim_r
 .text._free_r  0x10004ee4      0x20c c:/progra~2/gnuarm~1/102021~1.10/bin/../lib/gcc/arm-none-eabi/10.3.1/../../../../arm-none-eabi/lib/thumb/v8-m.main+fp/softfp\libg.a(lib_a-freer.o)
                0x10004ee4                _free_r
 .text.__retarget_lock_acquire_recursive
                0x100050f0        0x4 c:/progra~2/gnuarm~1/102021~1.10/bin/../lib/gcc/arm-none-eabi/10.3.1/../../../../arm-none-eabi/lib/thumb/v8-m.main+fp/softfp\libg.a(lib_a-lock.o)
                0x100050f0                __retarget_lock_acquire_recursive
 .text.__retarget_lock_release_recursive
                0x100050f4        0x4 c:/progra~2/gnuarm~1/102021~1.10/bin/../lib/gcc/arm-none-eabi/10.3.1/../../../../arm-none-eabi/lib/thumb/v8-m.main+fp/softfp\libg.a(lib_a-lock.o)
                0x100050f4                __retarget_lock_release_recursive
 *(.fini)
 .fini          0x100050f8        0x4 c:/progra~2/gnuarm~1/102021~1.10/bin/../lib/gcc/arm-none-eabi/10.3.1/thumb/v8-m.main+fp/softfp/crti.o
                0x100050f8                _fini
 *fill*         0x100050fc        0x4 
 .fini.__stub   0x10005100       0x30 linker stubs
 *crtbegin.o(.ctors)
 *crtbegin?.o(.ctors)
 *(EXCLUDE_FILE(*crtend.o *crtend?.o) .ctors)
 *(SORT_BY_NAME(.ctors.*))
 *(.ctors)
 *crtbegin.o(.dtors)
 *crtbegin?.o(.dtors)
 *(EXCLUDE_FILE(*crtend.o *crtend?.o) .dtors)
 *(SORT_BY_NAME(.dtors.*))
 *(.dtors)
                0x10005130                . = ALIGN (0x4)
                0x10005130                PROVIDE (__preinit_array_start = .)
 *(SORT_BY_NAME(.preinit_array.*))
 .preinit_array.00050
                0x10005130        0x4 audio/sine_wave/CMakeFiles/sine_wave_i2s.dir/C_/pico/pico-sdk/src/rp2_common/pico_runtime_init/runtime_init.c.obj
                0x10005130                __pre_init_runtime_init_bootrom_reset
 .preinit_array.00100
                0x10005134        0x4 audio/sine_wave/CMakeFiles/sine_wave_i2s.dir/C_/pico/pico-sdk/src/rp2_common/pico_runtime_init/runtime_init.c.obj
                0x10005134                __pre_init_runtime_init_early_resets
 .preinit_array.00101
                0x10005138        0x4 audio/sine_wave/CMakeFiles/sine_wave_i2s.dir/C_/pico/pico-sdk/src/rp2_common/pico_runtime_init/runtime_init.c.obj
                0x10005138                __pre_init_runtime_init_usb_power_down
 .preinit_array.00500
                0x1000513c        0x4 audio/sine_wave/CMakeFiles/sine_wave_i2s.dir/C_/pico/pico-sdk/src/rp2_common/pico_runtime_init/runtime_init.c.obj
                0x1000513c                __pre_init_runtime_init_clocks
 .preinit_array.00600
                0x10005140        0x4 audio/sine_wave/CMakeFiles/sine_wave_i2s.dir/C_/pico/pico-sdk/src/rp2_common/pico_runtime_init/runtime_init.c.obj
                0x10005140                __pre_init_runtime_init_post_clock_resets
 .preinit_array.01000
                0x10005144        0x4 audio/sine_wave/CMakeFiles/sine_wave_i2s.dir/C_/pico/pico-sdk/src/rp2_common/hardware_boot_lock/boot_lock.c.obj
                0x10005144                __pre_init_runtime_init_boot_locks_reset
 .preinit_array.01000
                0x10005148        0x4 audio/sine_wave/CMakeFiles/sine_wave_i2s.dir/C_/pico/pico-sdk/src/rp2_common/pico_runtime_init/runtime_init.c.obj
                0x10005148                __pre_init_runtime_init_spin_locks_reset
 .preinit_array.01010
                0x1000514c        0x4 audio/sine_wave/CMakeFiles/sine_wave_i2s.dir/C_/pico/pico-sdk/src/rp2_common/pico_bootrom/bootrom_lock.c.obj
                0x1000514c                __pre_init_runtime_init_bootrom_locking_enable
 .preinit_array.01100
                0x10005150        0x4 audio/sine_wave/CMakeFiles/sine_wave_i2s.dir/C_/pico/pico-sdk/src/common/pico_sync/mutex.c.obj
                0x10005150                __pre_init_runtime_init_mutex
 .preinit_array.10080
                0x10005154        0x4 audio/sine_wave/CMakeFiles/sine_wave_i2s.dir/C_/pico/pico-sdk/src/rp2_common/pico_runtime_init/runtime_init.c.obj
                0x10005154                __pre_init_runtime_init_install_ram_vector_table
 .preinit_array.11000
                0x10005158        0x4 audio/sine_wave/CMakeFiles/sine_wave_i2s.dir/C_/pico/pico-sdk/src/common/pico_time/time.c.obj
                0x10005158                __pre_init_runtime_init_default_alarm_pool
 .preinit_array.YYYYY
                0x1000515c        0x4 audio/sine_wave/CMakeFiles/sine_wave_i2s.dir/C_/pico/pico-sdk/src/rp2_common/pico_runtime/runtime.c.obj
                0x1000515c                __pre_init_first_per_core_initializer
 .preinit_array.ZZZZZ.00051
                0x10005160        0x4 audio/sine_wave/CMakeFiles/sine_wave_i2s.dir/C_/pico/pico-sdk/src/rp2_common/pico_runtime_init/runtime_init.c.obj
                0x10005160                __pre_init_runtime_init_per_core_bootrom_reset
 .preinit_array.ZZZZZ.00200
                0x10005164        0x4 audio/sine_wave/CMakeFiles/sine_wave_i2s.dir/C_/pico/pico-sdk/src/rp2_common/pico_runtime_init/runtime_init.c.obj
                0x10005164                __pre_init_runtime_init_per_core_enable_coprocessors
 .preinit_array.ZZZZZ.01000
                0x10005168        0x4 audio/sine_wave/CMakeFiles/sine_wave_i2s.dir/C_/pico/pico-sdk/src/rp2_common/hardware_sync_spin_lock/sync_spin_lock.c.obj
                0x10005168                __pre_init_spinlock_set_extexclall
 .preinit_array.ZZZZZ.01200
                0x1000516c        0x4 audio/sine_wave/CMakeFiles/sine_wave_i2s.dir/C_/pico/pico-sdk/src/rp2_common/hardware_irq/irq.c.obj
                0x1000516c                __pre_init_runtime_init_per_core_irq_priorities
 *(.preinit_array)
                0x10005170                PROVIDE (__preinit_array_end = .)
                0x10005170                . = ALIGN (0x4)
                0x10005170                PROVIDE (__init_array_start = .)
 *(SORT_BY_NAME(.init_array.*))
 *(.init_array)
 .init_array    0x10005170        0x4 c:/progra~2/gnuarm~1/102021~1.10/bin/../lib/gcc/arm-none-eabi/10.3.1/thumb/v8-m.main+fp/softfp/crtbegin.o
                0x10005174                PROVIDE (__init_array_end = .)
                0x10005174                . = ALIGN (0x4)
                [!provide]                PROVIDE (__fini_array_start = .)
 *(SORT_BY_NAME(.fini_array.*))
 *(.fini_array)
                [!provide]                PROVIDE (__fini_array_end = .)
 *(.eh_frame*)
 .eh_frame      0x10005174        0x0 c:/progra~2/gnuarm~1/102021~1.10/bin/../lib/gcc/arm-none-eabi/10.3.1/thumb/v8-m.main+fp/softfp/crtbegin.o
                0x10005174                . = ALIGN (0x4)

.glue_7         0x10005174        0x0
 .glue_7        0x10005174        0x0 linker stubs

.glue_7t        0x10005174        0x0
 .glue_7t       0x10005174        0x0 linker stubs

.vfp11_veneer   0x10005174        0x0
 .vfp11_veneer  0x10005174        0x0 linker stubs

.v4_bx          0x10005174        0x0
 .v4_bx         0x10005174        0x0 linker stubs

.iplt           0x10005174        0x0
 .iplt          0x10005174        0x0 c:/progra~2/gnuarm~1/102021~1.10/bin/../lib/gcc/arm-none-eabi/10.3.1/thumb/v8-m.main+fp/softfp/crtbegin.o

.boot2          0x10005174        0x0
                0x10005174                __boot2_start__ = .
 *(.boot2)
                0x10005174                __boot2_end__ = .
                0x00000001                ASSERT (((__boot2_end__ - __boot2_start__) <= 0x100), ERROR: Pico second stage bootloader must be no more than 256 bytes in size)

.rodata         0x10005178     0x12d0
 *(EXCLUDE_FILE(*libm.a: *libc.a:*lib_a-mem*.o *libgcc.a:) .rodata*)
 .rodata.init_audio.str1.4
                0x10005178       0x64 audio/sine_wave/CMakeFiles/sine_wave_i2s.dir/sine_wave.c.obj
 .rodata.main.str1.4
                0x100051dc       0x1e audio/sine_wave/CMakeFiles/sine_wave_i2s.dir/sine_wave.c.obj
 *fill*         0x100051fa        0x2 
 .rodata.str1.4
                0x100051fc       0x19 audio/sine_wave/CMakeFiles/sine_wave_i2s.dir/sine_wave.c.obj
 *fill*         0x10005215        0x3 
 .rodata        0x10005218        0x4 audio/sine_wave/CMakeFiles/sine_wave_i2s.dir/sine_wave.c.obj
 .rodata.__bi_25
                0x1000521c        0xc audio/sine_wave/CMakeFiles/sine_wave_i2s.dir/sine_wave.c.obj
 .rodata.__func__.0
                0x10005228        0xb audio/sine_wave/CMakeFiles/sine_wave_i2s.dir/sine_wave.c.obj
 *fill*         0x10005233        0x1 
 .rodata.panic.str1.4
                0x10005234       0x10 audio/sine_wave/CMakeFiles/sine_wave_i2s.dir/C_/pico/pico-sdk/src/rp2_common/pico_platform_panic/panic.c.obj
                                 0x12 (size before relaxing)
 .rodata.spin_lock_init.str1.4
                0x10005244       0x65 audio/sine_wave/CMakeFiles/sine_wave_i2s.dir/C_/pico/pico-sdk/src/rp2_common/hardware_sync_spin_lock/sync_spin_lock.c.obj
 *fill*         0x100052a9        0x3 
 .rodata.__func__.0
                0x100052ac        0xf audio/sine_wave/CMakeFiles/sine_wave_i2s.dir/C_/pico/pico-sdk/src/rp2_common/hardware_sync_spin_lock/sync_spin_lock.c.obj
 *fill*         0x100052bb        0x1 
 .rodata.make_j_16.str1.4
                0x100052bc       0x63 audio/sine_wave/CMakeFiles/sine_wave_i2s.dir/C_/pico/pico-sdk/src/rp2_common/hardware_irq/irq.c.obj
 *fill*         0x1000531f        0x1 
 .rodata.insert_bl_32.str1.4
                0x10005320       0x10 audio/sine_wave/CMakeFiles/sine_wave_i2s.dir/C_/pico/pico-sdk/src/rp2_common/hardware_irq/irq.c.obj
 .rodata.irq_set_exclusive_handler.str1.4
                0x10005330       0x36 audio/sine_wave/CMakeFiles/sine_wave_i2s.dir/C_/pico/pico-sdk/src/rp2_common/hardware_irq/irq.c.obj
 *fill*         0x10005366        0x2 
 .rodata.irq_add_shared_handler.str1.4
                0x10005368       0xe9 audio/sine_wave/CMakeFiles/sine_wave_i2s.dir/C_/pico/pico-sdk/src/rp2_common/hardware_irq/irq.c.obj
 *fill*         0x10005451        0x3 
 .rodata.irq_remove_handler.str1.4
                0x10005454       0x3a audio/sine_wave/CMakeFiles/sine_wave_i2s.dir/C_/pico/pico-sdk/src/rp2_common/hardware_irq/irq.c.obj
 *fill*         0x1000548e        0x2 
 .rodata.irq_add_tail_to_free_list.str1.4
                0x10005490       0x3a audio/sine_wave/CMakeFiles/sine_wave_i2s.dir/C_/pico/pico-sdk/src/rp2_common/hardware_irq/irq.c.obj
 *fill*         0x100054ca        0x2 
 .rodata.__func__.0
                0x100054cc       0x1a audio/sine_wave/CMakeFiles/sine_wave_i2s.dir/C_/pico/pico-sdk/src/rp2_common/hardware_irq/irq.c.obj
 *fill*         0x100054e6        0x2 
 .rodata.__func__.1
                0x100054e8        0xd audio/sine_wave/CMakeFiles/sine_wave_i2s.dir/C_/pico/pico-sdk/src/rp2_common/hardware_irq/irq.c.obj
 *fill*         0x100054f5        0x3 
 .rodata.__func__.2
                0x100054f8       0x13 audio/sine_wave/CMakeFiles/sine_wave_i2s.dir/C_/pico/pico-sdk/src/rp2_common/hardware_irq/irq.c.obj
 *fill*         0x1000550b        0x1 
 .rodata.__func__.3
                0x1000550c        0xa audio/sine_wave/CMakeFiles/sine_wave_i2s.dir/C_/pico/pico-sdk/src/rp2_common/hardware_irq/irq.c.obj
 *fill*         0x10005516        0x2 
 .rodata.__func__.4
                0x10005518        0xd audio/sine_wave/CMakeFiles/sine_wave_i2s.dir/C_/pico/pico-sdk/src/rp2_common/hardware_irq/irq.c.obj
 *fill*         0x10005525        0x3 
 .rodata.__func__.5
                0x10005528       0x17 audio/sine_wave/CMakeFiles/sine_wave_i2s.dir/C_/pico/pico-sdk/src/rp2_common/hardware_irq/irq.c.obj
 *fill*         0x1000553f        0x1 
 .rodata.__func__.6
                0x10005540       0x1a audio/sine_wave/CMakeFiles/sine_wave_i2s.dir/C_/pico/pico-sdk/src/rp2_common/hardware_irq/irq.c.obj
 *fill*         0x1000555a        0x2 
 .rodata.runtime_init_mutex.str1.4
                0x1000555c       0x4e audio/sine_wave/CMakeFiles/sine_wave_i2s.dir/C_/pico/pico-sdk/src/common/pico_sync/mutex.c.obj
 *fill*         0x100055aa        0x2 
 .rodata.str1.4
                0x100055ac       0x51 audio/sine_wave/CMakeFiles/sine_wave_i2s.dir/C_/pico/pico-sdk/src/common/pico_sync/mutex.c.obj
 *fill*         0x100055fd        0x3 
 .rodata.__func__.1
                0x10005600        0xb audio/sine_wave/CMakeFiles/sine_wave_i2s.dir/C_/pico/pico-sdk/src/common/pico_sync/mutex.c.obj
 *fill*         0x1000560b        0x1 
 .rodata.__func__.3
                0x1000560c       0x18 audio/sine_wave/CMakeFiles/sine_wave_i2s.dir/C_/pico/pico-sdk/src/common/pico_sync/mutex.c.obj
 .rodata.__func__.6
                0x10005624       0x13 audio/sine_wave/CMakeFiles/sine_wave_i2s.dir/C_/pico/pico-sdk/src/common/pico_sync/mutex.c.obj
 *fill*         0x10005637        0x1 
 .rodata.alarm_pool_irq_handler.str1.4
                0x10005638       0x59 audio/sine_wave/CMakeFiles/sine_wave_i2s.dir/C_/pico/pico-sdk/src/common/pico_time/time.c.obj
 *fill*         0x10005691        0x3 
 .rodata.alarm_pool_get_default.str1.4
                0x10005694       0x21 audio/sine_wave/CMakeFiles/sine_wave_i2s.dir/C_/pico/pico-sdk/src/common/pico_time/time.c.obj
 *fill*         0x100056b5        0x3 
 .rodata.__func__.1
                0x100056b8       0x17 audio/sine_wave/CMakeFiles/sine_wave_i2s.dir/C_/pico/pico-sdk/src/common/pico_time/time.c.obj
 *fill*         0x100056cf        0x1 
 .rodata.__func__.2
                0x100056d0       0x17 audio/sine_wave/CMakeFiles/sine_wave_i2s.dir/C_/pico/pico-sdk/src/common/pico_time/time.c.obj
 *fill*         0x100056e7        0x1 
 .rodata.timer_hardware_alarm_claim.str1.4
                0x100056e8       0x22 audio/sine_wave/CMakeFiles/sine_wave_i2s.dir/C_/pico/pico-sdk/src/rp2_common/hardware_timer/timer.c.obj
 *fill*         0x1000570a        0x2 
 .rodata.pll_init.str1.4
                0x1000570c      0x108 audio/sine_wave/CMakeFiles/sine_wave_i2s.dir/C_/pico/pico-sdk/src/rp2_common/hardware_pll/pll.c.obj
 .rodata.__func__.0
                0x10005814        0x9 audio/sine_wave/CMakeFiles/sine_wave_i2s.dir/C_/pico/pico-sdk/src/rp2_common/hardware_pll/pll.c.obj
 *fill*         0x1000581d        0x3 
 .rodata.__wrap_malloc.str1.4
                0x10005820        0xe audio/sine_wave/CMakeFiles/sine_wave_i2s.dir/C_/pico/pico-sdk/src/rp2_common/pico_malloc/malloc.c.obj
 *fill*         0x1000582e        0x2 
 .rodata.str1.4
                0x10005830       0x44 audio/sine_wave/CMakeFiles/sine_wave_i2s.dir/C_/pico/pico-sdk/src/rp2_common/pico_standard_binary_info/standard_binary_info.c.obj
 .rodata.__bi_26
                0x10005874        0xc audio/sine_wave/CMakeFiles/sine_wave_i2s.dir/C_/pico/pico-sdk/src/rp2_common/pico_standard_binary_info/standard_binary_info.c.obj
 .rodata.__bi_34
                0x10005880        0xc audio/sine_wave/CMakeFiles/sine_wave_i2s.dir/C_/pico/pico-sdk/src/rp2_common/pico_standard_binary_info/standard_binary_info.c.obj
 .rodata.__bi_42
                0x1000588c        0xc audio/sine_wave/CMakeFiles/sine_wave_i2s.dir/C_/pico/pico-sdk/src/rp2_common/pico_standard_binary_info/standard_binary_info.c.obj
 .rodata.__bi_48
                0x10005898        0xc audio/sine_wave/CMakeFiles/sine_wave_i2s.dir/C_/pico/pico-sdk/src/rp2_common/pico_standard_binary_info/standard_binary_info.c.obj
 .rodata.__bi_54
                0x100058a4        0xc audio/sine_wave/CMakeFiles/sine_wave_i2s.dir/C_/pico/pico-sdk/src/rp2_common/pico_standard_binary_info/standard_binary_info.c.obj
 .rodata.__bi_78
                0x100058b0        0xc audio/sine_wave/CMakeFiles/sine_wave_i2s.dir/C_/pico/pico-sdk/src/rp2_common/pico_standard_binary_info/standard_binary_info.c.obj
 .rodata.__bi_84
                0x100058bc        0xc audio/sine_wave/CMakeFiles/sine_wave_i2s.dir/C_/pico/pico-sdk/src/rp2_common/pico_standard_binary_info/standard_binary_info.c.obj
 .rodata._ftoa.str1.4
                0x100058c8       0x15 audio/sine_wave/CMakeFiles/sine_wave_i2s.dir/C_/pico/pico-sdk/src/rp2_common/pico_printf/printf.c.obj
 *fill*         0x100058dd        0x3 
 .rodata.pow10.0
                0x100058e0       0x50 audio/sine_wave/CMakeFiles/sine_wave_i2s.dir/C_/pico/pico-sdk/src/rp2_common/pico_printf/printf.c.obj
 .rodata.__assert_func.str1.4
                0x10005930       0x3f audio/sine_wave/CMakeFiles/sine_wave_i2s.dir/C_/pico/pico-sdk/src/rp2_common/pico_clib_interface/newlib_interface.c.obj
                                 0x43 (size before relaxing)
 *fill*         0x1000596f        0x1 
 .rodata.stdio_getchar_timeout_us.str1.4
                0x10005970       0x37 audio/sine_wave/CMakeFiles/sine_wave_i2s.dir/C_/pico/pico-sdk/src/rp2_common/pico_stdio/stdio.c.obj
 *fill*         0x100059a7        0x1 
 .rodata.__func__.1
                0x100059a8       0x19 audio/sine_wave/CMakeFiles/sine_wave_i2s.dir/C_/pico/pico-sdk/src/rp2_common/pico_stdio/stdio.c.obj
 *fill*         0x100059c1        0x3 
 .rodata.crlf_str.0
                0x100059c4        0x2 audio/sine_wave/CMakeFiles/sine_wave_i2s.dir/C_/pico/pico-sdk/src/rp2_common/pico_stdio/stdio.c.obj
 *fill*         0x100059c6        0x2 
 .rodata.str1.4
                0x100059c8       0x2c audio/sine_wave/CMakeFiles/sine_wave_i2s.dir/C_/pico/pico-sdk/src/rp2_common/pico_stdio_uart/stdio_uart.c.obj
 .rodata.__bi_45.4
                0x100059f4        0xc audio/sine_wave/CMakeFiles/sine_wave_i2s.dir/C_/pico/pico-sdk/src/rp2_common/pico_stdio_uart/stdio_uart.c.obj
 .rodata.__bi_49.5
                0x10005a00        0x8 audio/sine_wave/CMakeFiles/sine_wave_i2s.dir/C_/pico/pico-sdk/src/rp2_common/pico_stdio_uart/stdio_uart.c.obj
 .rodata.__bi_50.6
                0x10005a08        0x8 audio/sine_wave/CMakeFiles/sine_wave_i2s.dir/C_/pico/pico-sdk/src/rp2_common/pico_stdio_uart/stdio_uart.c.obj
 .rodata.audio_start_dma_transfer.str1.4
                0x10005a10       0xf7 audio/sine_wave/CMakeFiles/sine_wave_i2s.dir/C_/pico/pico-extras/src/rp2_common/pico_audio_i2s/audio_i2s.c.obj
 *fill*         0x10005b07        0x1 
 .rodata.update_pio_frequency.str1.4
                0x10005b08       0x38 audio/sine_wave/CMakeFiles/sine_wave_i2s.dir/C_/pico/pico-extras/src/rp2_common/pico_audio_i2s/audio_i2s.c.obj
 .rodata.wrap_producer_give.str1.4
                0x10005b40        0x6 audio/sine_wave/CMakeFiles/sine_wave_i2s.dir/C_/pico/pico-extras/src/rp2_common/pico_audio_i2s/audio_i2s.c.obj
 .rodata.audio_i2s_setup.str1.4
                0x10005b40       0x77 audio/sine_wave/CMakeFiles/sine_wave_i2s.dir/C_/pico/pico-extras/src/rp2_common/pico_audio_i2s/audio_i2s.c.obj
 *fill*         0x10005bb7        0x1 
 .rodata.audio_i2s_connect_extra.str1.4
                0x10005bb8       0x98 audio/sine_wave/CMakeFiles/sine_wave_i2s.dir/C_/pico/pico-extras/src/rp2_common/pico_audio_i2s/audio_i2s.c.obj
 .rodata.audio_i2s_set_enabled.str1.4
                0x10005c50       0x25 audio/sine_wave/CMakeFiles/sine_wave_i2s.dir/C_/pico/pico-extras/src/rp2_common/pico_audio_i2s/audio_i2s.c.obj
 *fill*         0x10005c75        0x3 
 .rodata.__func__.1
                0x10005c78       0x15 audio/sine_wave/CMakeFiles/sine_wave_i2s.dir/C_/pico/pico-extras/src/rp2_common/pico_audio_i2s/audio_i2s.c.obj
 *fill*         0x10005c8d        0x3 
 .rodata.__func__.2
                0x10005c90       0x13 audio/sine_wave/CMakeFiles/sine_wave_i2s.dir/C_/pico/pico-extras/src/rp2_common/pico_audio_i2s/audio_i2s.c.obj
 *fill*         0x10005ca3        0x1 
 .rodata.__func__.3
                0x10005ca4       0x18 audio/sine_wave/CMakeFiles/sine_wave_i2s.dir/C_/pico/pico-extras/src/rp2_common/pico_audio_i2s/audio_i2s.c.obj
 .rodata.__func__.5
                0x10005cbc       0x18 audio/sine_wave/CMakeFiles/sine_wave_i2s.dir/C_/pico/pico-extras/src/rp2_common/pico_audio_i2s/audio_i2s.c.obj
 .rodata.__func__.7
                0x10005cd4       0x1c audio/sine_wave/CMakeFiles/sine_wave_i2s.dir/C_/pico/pico-extras/src/rp2_common/pico_audio_i2s/audio_i2s.c.obj
 .rodata.__func__.9
                0x10005cf0       0x19 audio/sine_wave/CMakeFiles/sine_wave_i2s.dir/C_/pico/pico-extras/src/rp2_common/pico_audio_i2s/audio_i2s.c.obj
 *fill*         0x10005d09        0x3 
 .rodata.audio_i2s_program
                0x10005d0c        0x8 audio/sine_wave/CMakeFiles/sine_wave_i2s.dir/C_/pico/pico-extras/src/rp2_common/pico_audio_i2s/audio_i2s.c.obj
 .rodata.audio_i2s_program_instructions
                0x10005d14       0x10 audio/sine_wave/CMakeFiles/sine_wave_i2s.dir/C_/pico/pico-extras/src/rp2_common/pico_audio_i2s/audio_i2s.c.obj
 .rodata.dma_channel_claim.str1.4
                0x10005d24       0x22 audio/sine_wave/CMakeFiles/sine_wave_i2s.dir/C_/pico/pico-sdk/src/rp2_common/hardware_dma/dma.c.obj
 *fill*         0x10005d46        0x2 
 .rodata.find_offset_for_program.str1.4
                0x10005d48       0x5f audio/sine_wave/CMakeFiles/sine_wave_i2s.dir/C_/pico/pico-sdk/src/rp2_common/hardware_pio/pio.c.obj
 *fill*         0x10005da7        0x1 
 .rodata.pio_sm_claim.str1.4
                0x10005da8       0x62 audio/sine_wave/CMakeFiles/sine_wave_i2s.dir/C_/pico/pico-sdk/src/rp2_common/hardware_pio/pio.c.obj
 *fill*         0x10005e0a        0x2 
 .rodata.__func__.1
                0x10005e0c       0x18 audio/sine_wave/CMakeFiles/sine_wave_i2s.dir/C_/pico/pico-sdk/src/rp2_common/hardware_pio/pio.c.obj
 .rodata.queue_free_audio_buffer.str1.4
                0x10005e24       0xdd audio/sine_wave/CMakeFiles/sine_wave_i2s.dir/C_/pico/pico-extras/src/common/pico_audio/audio.cpp.obj
 *fill*         0x10005f01        0x3 
 .rodata.get_full_audio_buffer.str1.4
                0x10005f04       0x5f audio/sine_wave/CMakeFiles/sine_wave_i2s.dir/C_/pico/pico-extras/src/common/pico_audio/audio.cpp.obj
 *fill*         0x10005f63        0x1 
 .rodata.queue_full_audio_buffer.str1.4
                0x10005f64       0xac audio/sine_wave/CMakeFiles/sine_wave_i2s.dir/C_/pico/pico-extras/src/common/pico_audio/audio.cpp.obj
 .rodata.audio_complete_connection.str1.4
                0x10006010       0xce audio/sine_wave/CMakeFiles/sine_wave_i2s.dir/C_/pico/pico-extras/src/common/pico_audio/audio.cpp.obj
 *fill*         0x100060de        0x2 
 .rodata.give_audio_buffer.str1.4
                0x100060e0       0x4e audio/sine_wave/CMakeFiles/sine_wave_i2s.dir/C_/pico/pico-extras/src/common/pico_audio/audio.cpp.obj
 *fill*         0x1000612e        0x2 
 .rodata.take_audio_buffer.str1.4
                0x10006130       0x3e audio/sine_wave/CMakeFiles/sine_wave_i2s.dir/C_/pico/pico-extras/src/common/pico_audio/audio.cpp.obj
 *fill*         0x1000616e        0x2 
 .rodata._Z18consumer_pool_takeI15MultiChannelFmtI6FmtS16Lj1EES2_EP12audio_bufferP16audio_connectionb.str1.4
                0x10006170      0x204 audio/sine_wave/CMakeFiles/sine_wave_i2s.dir/C_/pico/pico-extras/src/common/pico_audio/audio.cpp.obj
 .rodata._Z18consumer_pool_takeI15MultiChannelFmtI6FmtS16Lj2EES0_IS1_Lj1EEEP12audio_bufferP16audio_connectionb.str1.4
                0x10006374       0xd4 audio/sine_wave/CMakeFiles/sine_wave_i2s.dir/C_/pico/pico-extras/src/common/pico_audio/audio.cpp.obj
 *(.srodata*)
                0x10006448                . = ALIGN (0x4)
 *(SORT_BY_ALIGNMENT(SORT_BY_NAME(.flashdata*)))
                0x10006448                . = ALIGN (0x4)

.ARM.extab
 *(.ARM.extab* .gnu.linkonce.armextab.*)
                0x10006448                __exidx_start = .

.ARM.exidx      0x10006448        0x8
 *(.ARM.exidx* .gnu.linkonce.armexidx.*)
 .ARM.exidx     0x10006448        0x8 c:/progra~2/gnuarm~1/102021~1.10/bin/../lib/gcc/arm-none-eabi/10.3.1/thumb/v8-m.main+fp/softfp\libgcc.a(_udivmoddi4.o)
                0x10006450                __exidx_end = .
                0x10006450                . = ALIGN (0x4)
                0x10006450                __binary_info_start = .

.binary_info    0x10006450       0x2c
 *(.binary_info.keep.*)
 .binary_info.keep.__bi_ptr25
                0x10006450        0x4 audio/sine_wave/CMakeFiles/sine_wave_i2s.dir/sine_wave.c.obj
 .binary_info.keep.__bi_ptr26
                0x10006454        0x4 audio/sine_wave/CMakeFiles/sine_wave_i2s.dir/C_/pico/pico-sdk/src/rp2_common/pico_standard_binary_info/standard_binary_info.c.obj
 .binary_info.keep.__bi_ptr34
                0x10006458        0x4 audio/sine_wave/CMakeFiles/sine_wave_i2s.dir/C_/pico/pico-sdk/src/rp2_common/pico_standard_binary_info/standard_binary_info.c.obj
 .binary_info.keep.__bi_ptr42
                0x1000645c        0x4 audio/sine_wave/CMakeFiles/sine_wave_i2s.dir/C_/pico/pico-sdk/src/rp2_common/pico_standard_binary_info/standard_binary_info.c.obj
 .binary_info.keep.__bi_ptr48
                0x10006460        0x4 audio/sine_wave/CMakeFiles/sine_wave_i2s.dir/C_/pico/pico-sdk/src/rp2_common/pico_standard_binary_info/standard_binary_info.c.obj
 .binary_info.keep.__bi_ptr54
                0x10006464        0x4 audio/sine_wave/CMakeFiles/sine_wave_i2s.dir/C_/pico/pico-sdk/src/rp2_common/pico_standard_binary_info/standard_binary_info.c.obj
 .binary_info.keep.__bi_ptr78
                0x10006468        0x4 audio/sine_wave/CMakeFiles/sine_wave_i2s.dir/C_/pico/pico-sdk/src/rp2_common/pico_standard_binary_info/standard_binary_info.c.obj
 .binary_info.keep.__bi_ptr84
                0x1000646c        0x4 audio/sine_wave/CMakeFiles/sine_wave_i2s.dir/C_/pico/pico-sdk/src/rp2_common/pico_standard_binary_info/standard_binary_info.c.obj
 *(.binary_info.*)
 .binary_info.__bi_ptr45
                0x10006470        0x4 audio/sine_wave/CMakeFiles/sine_wave_i2s.dir/C_/pico/pico-sdk/src/rp2_common/pico_stdio_uart/stdio_uart.c.obj
 .binary_info.__bi_ptr49
                0x10006474        0x4 audio/sine_wave/CMakeFiles/sine_wave_i2s.dir/C_/pico/pico-sdk/src/rp2_common/pico_stdio_uart/stdio_uart.c.obj
 .binary_info.__bi_ptr50
                0x10006478        0x4 audio/sine_wave/CMakeFiles/sine_wave_i2s.dir/C_/pico/pico-sdk/src/rp2_common/pico_stdio_uart/stdio_uart.c.obj
                0x1000647c                __binary_info_end = .
                0x1000647c                . = ALIGN (0x4)

.ram_vector_table
                0x20000000      0x110
 *(.ram_vector_table)
 .ram_vector_table
                0x20000000      0x110 audio/sine_wave/CMakeFiles/sine_wave_i2s.dir/C_/pico/pico-sdk/src/rp2_common/pico_runtime_init/runtime_init.c.obj
                0x20000000                ram_vector_table

.uninitialized_data
                0x20000110        0x0
                0x20000110                . = ALIGN (0x4)
 *(.uninitialized_data*)

.data           0x20000110      0xe58 load address 0x1000647c
                0x20000110                __data_start__ = .
 *(vtable)
 *(.time_critical*)
 .time_critical.mutex_try_enter
                0x20000110       0x56 audio/sine_wave/CMakeFiles/sine_wave_i2s.dir/C_/pico/pico-sdk/src/common/pico_sync/mutex.c.obj
                0x20000110                mutex_try_enter
 *fill*         0x20000166        0x2 
 .time_critical.mutex_enter_block_until
                0x20000168       0x84 audio/sine_wave/CMakeFiles/sine_wave_i2s.dir/C_/pico/pico-sdk/src/common/pico_sync/mutex.c.obj
                0x20000168                mutex_enter_block_until
 .time_critical.mutex_try_enter_block_until
                0x200001ec       0x32 audio/sine_wave/CMakeFiles/sine_wave_i2s.dir/C_/pico/pico-sdk/src/common/pico_sync/mutex.c.obj
                0x200001ec                mutex_try_enter_block_until
 *fill*         0x2000021e        0x2 
 .time_critical.mutex_exit
                0x20000220       0x58 audio/sine_wave/CMakeFiles/sine_wave_i2s.dir/C_/pico/pico-sdk/src/common/pico_sync/mutex.c.obj
                0x20000220                mutex_exit
 .time_critical.audio_i2s_dma_irq_handler
                0x20000278       0x40 audio/sine_wave/CMakeFiles/sine_wave_i2s.dir/C_/pico/pico-extras/src/rp2_common/pico_audio_i2s/audio_i2s.c.obj
 *(.text*)
 .text          0x200002b8       0x30 c:/progra~2/gnuarm~1/102021~1.10/bin/../lib/gcc/arm-none-eabi/10.3.1/thumb/v8-m.main+fp/softfp\libgcc.a(_aeabi_uldivmod.o)
                0x200002b8                __aeabi_uldivmod
 .text          0x200002e8      0x2ec c:/progra~2/gnuarm~1/102021~1.10/bin/../lib/gcc/arm-none-eabi/10.3.1/thumb/v8-m.main+fp/softfp\libgcc.a(_udivmoddi4.o)
                0x200002e8                __udivmoddi4
 .text          0x200005d4        0x4 c:/progra~2/gnuarm~1/102021~1.10/bin/../lib/gcc/arm-none-eabi/10.3.1/thumb/v8-m.main+fp/softfp\libgcc.a(_dvmd_tls.o)
                0x200005d4                __aeabi_idiv0
                0x200005d4                __aeabi_ldiv0
 .text.__stub   0x200005d8       0x40 linker stubs
                0x20000618                . = ALIGN (0x4)
 *(.rodata*)
                0x20000618                . = ALIGN (0x4)
 *(.data*)
 .data.audio_format.1
                0x20000618        0x8 audio/sine_wave/CMakeFiles/sine_wave_i2s.dir/sine_wave.c.obj
 .data.producer_format.2
                0x20000620        0x8 audio/sine_wave/CMakeFiles/sine_wave_i2s.dir/sine_wave.c.obj
 .data.striped_spin_lock_num
                0x20000628        0x1 audio/sine_wave/CMakeFiles/sine_wave_i2s.dir/C_/pico/pico-sdk/src/rp2_common/hardware_sync/sync.c.obj
 *fill*         0x20000629        0x3 
 .data          0x2000062c       0x48 audio/sine_wave/CMakeFiles/sine_wave_i2s.dir/C_/pico/pico-sdk/src/rp2_common/hardware_irq/irq_handler_chain.S.obj
                0x2000062c                irq_handler_chain_slots
                0x2000065c                irq_handler_chain_first_slot
                0x20000666                irq_handler_chain_remove_tail
 .data.default_alarm_pool
                0x20000674       0x18 audio/sine_wave/CMakeFiles/sine_wave_i2s.dir/C_/pico/pico-sdk/src/common/pico_time/time.c.obj
 .data.stdio_uart
                0x2000068c       0x18 audio/sine_wave/CMakeFiles/sine_wave_i2s.dir/C_/pico/pico-sdk/src/rp2_common/pico_stdio_uart/stdio_uart.c.obj
                0x2000068c                stdio_uart
 .data.audio_i2s_pass_thru_connection
                0x200006a4       0x20 audio/sine_wave/CMakeFiles/sine_wave_i2s.dir/C_/pico/pico-extras/src/rp2_common/pico_audio_i2s/audio_i2s.c.obj
 .data.m2s_audio_i2s_ct_connection
                0x200006c4       0x20 audio/sine_wave/CMakeFiles/sine_wave_i2s.dir/C_/pico/pico-extras/src/rp2_common/pico_audio_i2s/audio_i2s.c.obj
 .data.m2s_audio_i2s_pg_connection
                0x200006e4       0x20 audio/sine_wave/CMakeFiles/sine_wave_i2s.dir/C_/pico/pico-extras/src/rp2_common/pico_audio_i2s/audio_i2s.c.obj
 .data.pio_i2s_consumer_buffer_format
                0x20000704        0x8 audio/sine_wave/CMakeFiles/sine_wave_i2s.dir/C_/pico/pico-extras/src/rp2_common/pico_audio_i2s/audio_i2s.c.obj
                0x20000704                pio_i2s_consumer_buffer_format
 .data._ZL18connection_default
                0x2000070c       0x18 audio/sine_wave/CMakeFiles/sine_wave_i2s.dir/C_/pico/pico-extras/src/common/pico_audio/audio.cpp.obj
 .data._impure_ptr
                0x20000724        0x4 c:/progra~2/gnuarm~1/102021~1.10/bin/../lib/gcc/arm-none-eabi/10.3.1/../../../../arm-none-eabi/lib/thumb/v8-m.main+fp/softfp\libg.a(lib_a-impure.o)
                0x20000724                _impure_ptr
 .data.impure_data
                0x20000728      0x428 c:/progra~2/gnuarm~1/102021~1.10/bin/../lib/gcc/arm-none-eabi/10.3.1/../../../../arm-none-eabi/lib/thumb/v8-m.main+fp/softfp\libg.a(lib_a-impure.o)
 .data.__malloc_av_
                0x20000b50      0x408 c:/progra~2/gnuarm~1/102021~1.10/bin/../lib/gcc/arm-none-eabi/10.3.1/../../../../arm-none-eabi/lib/thumb/v8-m.main+fp/softfp\libg.a(lib_a-mallocr.o)
                0x20000b50                __malloc_av_
 .data.__malloc_sbrk_base
                0x20000f58        0x4 c:/progra~2/gnuarm~1/102021~1.10/bin/../lib/gcc/arm-none-eabi/10.3.1/../../../../arm-none-eabi/lib/thumb/v8-m.main+fp/softfp\libg.a(lib_a-mallocr.o)
                0x20000f58                __malloc_sbrk_base
 .data.__malloc_trim_threshold
                0x20000f5c        0x4 c:/progra~2/gnuarm~1/102021~1.10/bin/../lib/gcc/arm-none-eabi/10.3.1/../../../../arm-none-eabi/lib/thumb/v8-m.main+fp/softfp\libg.a(lib_a-mallocr.o)
                0x20000f5c                __malloc_trim_threshold
 *(.sdata*)
                0x20000f60                . = ALIGN (0x4)
 *(.after_data.*)
                0x20000f60                . = ALIGN (0x4)
                0x20000f60                PROVIDE (__mutex_array_start = .)
 *(SORT_BY_NAME(.mutex_array.*))
 *(.mutex_array)
 .mutex_array   0x20000f60        0x8 audio/sine_wave/CMakeFiles/sine_wave_i2s.dir/C_/pico/pico-sdk/src/rp2_common/pico_stdio/stdio.c.obj
                0x20000f68                PROVIDE (__mutex_array_end = .)
 *(.jcr)
                0x20000f68                . = ALIGN (0x4)

.igot.plt       0x20000f68        0x0 load address 0x100072d4
 .igot.plt      0x20000f68        0x0 c:/progra~2/gnuarm~1/102021~1.10/bin/../lib/gcc/arm-none-eabi/10.3.1/thumb/v8-m.main+fp/softfp/crtbegin.o

.tdata          0x20000f68        0x0 load address 0x100072d4
                0x20000f68                . = ALIGN (0x4)
 *(.tdata .tdata.* .gnu.linkonce.td.*)
                0x20000f68                __tdata_end = .
                0x20000f68                PROVIDE (__data_end__ = .)
                0x1000647c                __etext = LOADADDR (.data)

.tbss           0x20000f68        0x0 load address 0x100072d4
                0x20000f68                . = ALIGN (0x4)
                0x20000f68                __bss_start__ = .
                0x20000f68                __tls_base = .
 *(.tbss .tbss.* .gnu.linkonce.tb.*)
 *(.tcommon)
                0x20000f68                __tls_end = .

.bss            0x20000f68     0x1294 load address 0x100072d4
                0x20000f68                . = ALIGN (0x4)
                0x20000f68                __tbss_end = .
 *(SORT_BY_ALIGNMENT(SORT_BY_NAME(.bss*)))
 .bss.default_alarm_pool_entries
                0x20000f68      0x180 audio/sine_wave/CMakeFiles/sine_wave_i2s.dir/C_/pico/pico-sdk/src/common/pico_time/time.c.obj
 .bss           0x200010e8       0x1c c:/progra~2/gnuarm~1/102021~1.10/bin/../lib/gcc/arm-none-eabi/10.3.1/thumb/v8-m.main+fp/softfp/crtbegin.o
 .bss.__lock___malloc_recursive_mutex
                0x20001104        0x1 c:/progra~2/gnuarm~1/102021~1.10/bin/../lib/gcc/arm-none-eabi/10.3.1/../../../../arm-none-eabi/lib/thumb/v8-m.main+fp/softfp\libg.a(lib_a-lock.o)
                0x20001104                __lock___malloc_recursive_mutex
 *fill*         0x20001105        0x3 
 .bss.__malloc_current_mallinfo
                0x20001108       0x28 c:/progra~2/gnuarm~1/102021~1.10/bin/../lib/gcc/arm-none-eabi/10.3.1/../../../../arm-none-eabi/lib/thumb/v8-m.main+fp/softfp\libg.a(lib_a-mallocr.o)
                0x20001108                __malloc_current_mallinfo
 .bss.__malloc_max_sbrked_mem
                0x20001130        0x4 c:/progra~2/gnuarm~1/102021~1.10/bin/../lib/gcc/arm-none-eabi/10.3.1/../../../../arm-none-eabi/lib/thumb/v8-m.main+fp/softfp\libg.a(lib_a-mallocr.o)
                0x20001130                __malloc_max_sbrked_mem
 .bss.__malloc_max_total_mem
                0x20001134        0x4 c:/progra~2/gnuarm~1/102021~1.10/bin/../lib/gcc/arm-none-eabi/10.3.1/../../../../arm-none-eabi/lib/thumb/v8-m.main+fp/softfp\libg.a(lib_a-mallocr.o)
                0x20001134                __malloc_max_total_mem
 .bss.__malloc_top_pad
                0x20001138        0x4 c:/progra~2/gnuarm~1/102021~1.10/bin/../lib/gcc/arm-none-eabi/10.3.1/../../../../arm-none-eabi/lib/thumb/v8-m.main+fp/softfp\libg.a(lib_a-mallocr.o)
                0x20001138                __malloc_top_pad
 .bss._sw_spin_locks
                0x2000113c       0x20 audio/sine_wave/CMakeFiles/sine_wave_i2s.dir/C_/pico/pico-sdk/src/rp2_common/hardware_sync_spin_lock/sync_spin_lock.c.obj
                0x2000113c                _sw_spin_locks
 .bss._used_instruction_space
                0x2000115c        0xc audio/sine_wave/CMakeFiles/sine_wave_i2s.dir/C_/pico/pico-sdk/src/rp2_common/hardware_pio/pio.c.obj
 .bss.audio_i2s_consumer
                0x20001168        0x4 audio/sine_wave/CMakeFiles/sine_wave_i2s.dir/C_/pico/pico-extras/src/rp2_common/pico_audio_i2s/audio_i2s.c.obj
 .bss.chars_available_callback
                0x2000116c        0x4 audio/sine_wave/CMakeFiles/sine_wave_i2s.dir/C_/pico/pico-sdk/src/rp2_common/pico_stdio_uart/stdio_uart.c.obj
 .bss.chars_available_param
                0x20001170        0x4 audio/sine_wave/CMakeFiles/sine_wave_i2s.dir/C_/pico/pico-sdk/src/rp2_common/pico_stdio_uart/stdio_uart.c.obj
 .bss.claimed   0x20001174        0x2 audio/sine_wave/CMakeFiles/sine_wave_i2s.dir/C_/pico/pico-sdk/src/rp2_common/hardware_timer/timer.c.obj
 *fill*         0x20001176        0x2 
 .bss.claimed   0x20001178        0x2 audio/sine_wave/CMakeFiles/sine_wave_i2s.dir/C_/pico/pico-sdk/src/rp2_common/hardware_pio/pio.c.obj
 *fill*         0x2000117a        0x2 
 .bss.configured_freq
                0x2000117c       0x28 audio/sine_wave/CMakeFiles/sine_wave_i2s.dir/C_/pico/pico-sdk/src/rp2_common/hardware_clocks/clocks.c.obj
 .bss.drivers   0x200011a4        0x4 audio/sine_wave/CMakeFiles/sine_wave_i2s.dir/C_/pico/pico-sdk/src/rp2_common/pico_stdio/stdio.c.obj
 .bss.errno     0x200011a8        0x4 c:/progra~2/gnuarm~1/102021~1.10/bin/../lib/gcc/arm-none-eabi/10.3.1/../../../../arm-none-eabi/lib/thumb/v8-m.main+fp/softfp\libg.a(lib_a-reent.o)
                0x200011a8                errno
 .bss.filter    0x200011ac        0x4 audio/sine_wave/CMakeFiles/sine_wave_i2s.dir/C_/pico/pico-sdk/src/rp2_common/pico_stdio/stdio.c.obj
 .bss.heap_end.0
                0x200011b0        0x4 audio/sine_wave/CMakeFiles/sine_wave_i2s.dir/C_/pico/pico-sdk/src/rp2_common/pico_clib_interface/newlib_interface.c.obj
 .bss.pio_i2s_consumer_format
                0x200011b4        0x8 audio/sine_wave/CMakeFiles/sine_wave_i2s.dir/C_/pico/pico-extras/src/rp2_common/pico_audio_i2s/audio_i2s.c.obj
                0x200011b4                pio_i2s_consumer_format
 .bss.pools     0x200011bc       0x20 audio/sine_wave/CMakeFiles/sine_wave_i2s.dir/C_/pico/pico-sdk/src/common/pico_time/time.c.obj
 .bss.shared_state
                0x200011dc        0xc audio/sine_wave/CMakeFiles/sine_wave_i2s.dir/C_/pico/pico-extras/src/rp2_common/pico_audio_i2s/audio_i2s.c.obj
                0x200011dc                shared_state
 .bss.sine_wave_table
                0x200011e8     0x1000 audio/sine_wave/CMakeFiles/sine_wave_i2s.dir/sine_wave.c.obj
 .bss.sleep_notifier
                0x200021e8        0x4 audio/sine_wave/CMakeFiles/sine_wave_i2s.dir/C_/pico/pico-sdk/src/common/pico_time/time.c.obj
 .bss.uart_char_to_line_feed
                0x200021ec        0x4 audio/sine_wave/CMakeFiles/sine_wave_i2s.dir/C_/pico/pico-sdk/src/rp2_common/hardware_uart/uart.c.obj
                0x200021ec                uart_char_to_line_feed
 .bss.uart_instance
                0x200021f0        0x4 audio/sine_wave/CMakeFiles/sine_wave_i2s.dir/C_/pico/pico-sdk/src/rp2_common/pico_stdio_uart/stdio_uart.c.obj
 .bss.zero.8    0x200021f4        0x4 audio/sine_wave/CMakeFiles/sine_wave_i2s.dir/C_/pico/pico-extras/src/rp2_common/pico_audio_i2s/audio_i2s.c.obj
 .bss._claimed  0x200021f8        0x2 audio/sine_wave/CMakeFiles/sine_wave_i2s.dir/C_/pico/pico-sdk/src/rp2_common/hardware_dma/dma.c.obj
 .bss.audio_enabled
                0x200021fa        0x1 audio/sine_wave/CMakeFiles/sine_wave_i2s.dir/C_/pico/pico-extras/src/rp2_common/pico_audio_i2s/audio_i2s.c.obj
 .bss.irq_handler_chain_free_slot_head
                0x200021fb        0x1 audio/sine_wave/CMakeFiles/sine_wave_i2s.dir/C_/pico/pico-sdk/src/rp2_common/hardware_irq/irq.c.obj
 *(COMMON)
                [!provide]                PROVIDE (__global_pointer$ = (. + 0x800))
 *(.sbss*)
                0x200021fc                . = ALIGN (0x4)
                0x200021fc                __bss_end__ = .

.heap           0x200021fc      0x800 load address 0x100072d4
                0x200021fc                __end__ = .
                0x200021fc                end = __end__
 *(.heap*)
 .heap          0x200021fc      0x800 audio/sine_wave/CMakeFiles/sine_wave_i2s.dir/C_/pico/pico-sdk/src/rp2_common/pico_crt0/crt0.S.obj
                0x20080000                __HeapLimit = (ORIGIN (RAM) + LENGTH (RAM))

.scratch_x      0x20080000        0x0 load address 0x100072d4
                0x20080000                __scratch_x_start__ = .
 *(.scratch_x.*)
                0x20080000                . = ALIGN (0x4)
                0x20080000                __scratch_x_end__ = .
                0x100072d4                __scratch_x_source__ = LOADADDR (.scratch_x)

.scratch_y      0x20081000        0x0 load address 0x100072d4
                0x20081000                __scratch_y_start__ = .
 *(.scratch_y.*)
                0x20081000                . = ALIGN (0x4)
                0x20081000                __scratch_y_end__ = .
                0x100072d4                __scratch_y_source__ = LOADADDR (.scratch_y)

.stack1_dummy   0x20080000        0x0
 *(.stack1*)

.stack_dummy    0x20081000      0x800
 *(.stack*)
 .stack         0x20081000      0x800 audio/sine_wave/CMakeFiles/sine_wave_i2s.dir/C_/pico/pico-sdk/src/rp2_common/pico_crt0/crt0.S.obj

.flash_end      0x100072d4       0x14
 *(.embedded_end_block*)
 .embedded_end_block
                0x100072d4       0x14 audio/sine_wave/CMakeFiles/sine_wave_i2s.dir/C_/pico/pico-sdk/src/rp2_common/pico_crt0/crt0.S.obj
                0x100072e8                PROVIDE (__flash_binary_end = .)
                0x20080000                __StackLimit = (ORIGIN (RAM) + LENGTH (RAM))
                0x20081000                __StackOneTop = (ORIGIN (SCRATCH_X) + LENGTH (SCRATCH_X))
                0x20082000                __StackTop = (ORIGIN (SCRATCH_Y) + LENGTH (SCRATCH_Y))
                0x20081000                __StackOneBottom = (__StackOneTop - SIZEOF (.stack1_dummy))
                0x20081800                __StackBottom = (__StackTop - SIZEOF (.stack_dummy))
                0x20082000                PROVIDE (__stack = __StackTop)
                [!provide]                PROVIDE (__heap_start = __end__)
                [!provide]                PROVIDE (__heap_end = __HeapLimit)
                [!provide]                PROVIDE (__tls_align = MAX (ALIGNOF (.tdata), ALIGNOF (.tbss)))
                [!provide]                PROVIDE (__tls_size_align = (((__tls_size + __tls_align) - 0x1) & ~ ((__tls_align - 0x1))))
                [!provide]                PROVIDE (__arm32_tls_tcb_offset = MAX (0x8, __tls_align))
                [!provide]                PROVIDE (_end = __end__)
                [!provide]                PROVIDE (__llvm_libc_heap_limit = __HeapLimit)
                0x00000001                ASSERT ((__StackLimit >= __HeapLimit), region RAM overflowed)
                0x00000001                ASSERT (((__binary_info_header_end - __logical_binary_start) <= 0x400), Binary info must be in first 1024 bytes of the binary)
                0x00000001                ASSERT (((__embedded_block_end - __logical_binary_start) <= 0x1000), Embedded block must be in first 4096 bytes of the binary)
LOAD audio/sine_wave/CMakeFiles/sine_wave_i2s.dir/sine_wave.c.obj
LOAD audio/sine_wave/CMakeFiles/sine_wave_i2s.dir/C_/pico/pico-sdk/src/rp2_common/pico_stdlib/stdlib.c.obj
LOAD audio/sine_wave/CMakeFiles/sine_wave_i2s.dir/C_/pico/pico-sdk/src/rp2_common/hardware_gpio/gpio.c.obj
LOAD audio/sine_wave/CMakeFiles/sine_wave_i2s.dir/C_/pico/pico-sdk/src/rp2350/pico_platform/platform.c.obj
LOAD audio/sine_wave/CMakeFiles/sine_wave_i2s.dir/C_/pico/pico-sdk/src/rp2_common/pico_platform_common/common.c.obj
LOAD audio/sine_wave/CMakeFiles/sine_wave_i2s.dir/C_/pico/pico-sdk/src/rp2_common/pico_platform_panic/panic.c.obj
LOAD audio/sine_wave/CMakeFiles/sine_wave_i2s.dir/C_/pico/pico-sdk/src/common/hardware_claim/claim.c.obj
LOAD audio/sine_wave/CMakeFiles/sine_wave_i2s.dir/C_/pico/pico-sdk/src/rp2_common/hardware_sync/sync.c.obj
LOAD audio/sine_wave/CMakeFiles/sine_wave_i2s.dir/C_/pico/pico-sdk/src/rp2_common/hardware_sync_spin_lock/sync_spin_lock.c.obj
LOAD audio/sine_wave/CMakeFiles/sine_wave_i2s.dir/C_/pico/pico-sdk/src/rp2_common/hardware_irq/irq.c.obj
LOAD audio/sine_wave/CMakeFiles/sine_wave_i2s.dir/C_/pico/pico-sdk/src/rp2_common/hardware_irq/irq_handler_chain.S.obj
LOAD audio/sine_wave/CMakeFiles/sine_wave_i2s.dir/C_/pico/pico-sdk/src/common/pico_sync/sem.c.obj
LOAD audio/sine_wave/CMakeFiles/sine_wave_i2s.dir/C_/pico/pico-sdk/src/common/pico_sync/lock_core.c.obj
LOAD audio/sine_wave/CMakeFiles/sine_wave_i2s.dir/C_/pico/pico-sdk/src/common/pico_sync/mutex.c.obj
LOAD audio/sine_wave/CMakeFiles/sine_wave_i2s.dir/C_/pico/pico-sdk/src/common/pico_sync/critical_section.c.obj
LOAD audio/sine_wave/CMakeFiles/sine_wave_i2s.dir/C_/pico/pico-sdk/src/common/pico_time/time.c.obj
LOAD audio/sine_wave/CMakeFiles/sine_wave_i2s.dir/C_/pico/pico-sdk/src/common/pico_time/timeout_helper.c.obj
LOAD audio/sine_wave/CMakeFiles/sine_wave_i2s.dir/C_/pico/pico-sdk/src/rp2_common/hardware_timer/timer.c.obj
LOAD audio/sine_wave/CMakeFiles/sine_wave_i2s.dir/C_/pico/pico-sdk/src/common/pico_util/datetime.c.obj
LOAD audio/sine_wave/CMakeFiles/sine_wave_i2s.dir/C_/pico/pico-sdk/src/common/pico_util/pheap.c.obj
LOAD audio/sine_wave/CMakeFiles/sine_wave_i2s.dir/C_/pico/pico-sdk/src/common/pico_util/queue.c.obj
LOAD audio/sine_wave/CMakeFiles/sine_wave_i2s.dir/C_/pico/pico-sdk/src/rp2_common/hardware_uart/uart.c.obj
LOAD audio/sine_wave/CMakeFiles/sine_wave_i2s.dir/C_/pico/pico-sdk/src/rp2_common/hardware_clocks/clocks.c.obj
LOAD audio/sine_wave/CMakeFiles/sine_wave_i2s.dir/C_/pico/pico-sdk/src/rp2_common/hardware_pll/pll.c.obj
LOAD audio/sine_wave/CMakeFiles/sine_wave_i2s.dir/C_/pico/pico-sdk/src/rp2_common/hardware_vreg/vreg.c.obj
LOAD audio/sine_wave/CMakeFiles/sine_wave_i2s.dir/C_/pico/pico-sdk/src/rp2_common/hardware_watchdog/watchdog.c.obj
LOAD audio/sine_wave/CMakeFiles/sine_wave_i2s.dir/C_/pico/pico-sdk/src/rp2_common/hardware_ticks/ticks.c.obj
LOAD audio/sine_wave/CMakeFiles/sine_wave_i2s.dir/C_/pico/pico-sdk/src/rp2_common/pico_bootrom/bootrom.c.obj
LOAD audio/sine_wave/CMakeFiles/sine_wave_i2s.dir/C_/pico/pico-sdk/src/rp2_common/pico_bootrom/bootrom_lock.c.obj
LOAD audio/sine_wave/CMakeFiles/sine_wave_i2s.dir/C_/pico/pico-sdk/src/rp2_common/hardware_boot_lock/boot_lock.c.obj
LOAD audio/sine_wave/CMakeFiles/sine_wave_i2s.dir/C_/pico/pico-sdk/src/rp2_common/pico_flash/flash.c.obj
LOAD audio/sine_wave/CMakeFiles/sine_wave_i2s.dir/C_/pico/pico-sdk/src/rp2_common/hardware_xosc/xosc.c.obj
LOAD audio/sine_wave/CMakeFiles/sine_wave_i2s.dir/C_/pico/pico-sdk/src/rp2_common/hardware_divider/divider.c.obj
LOAD audio/sine_wave/CMakeFiles/sine_wave_i2s.dir/C_/pico/pico-sdk/src/rp2_common/pico_runtime/runtime.c.obj
LOAD audio/sine_wave/CMakeFiles/sine_wave_i2s.dir/C_/pico/pico-sdk/src/rp2_common/pico_runtime_init/runtime_init.c.obj
LOAD audio/sine_wave/CMakeFiles/sine_wave_i2s.dir/C_/pico/pico-sdk/src/rp2_common/pico_runtime_init/runtime_init_clocks.c.obj
LOAD audio/sine_wave/CMakeFiles/sine_wave_i2s.dir/C_/pico/pico-sdk/src/rp2_common/pico_runtime_init/runtime_init_stack_guard.c.obj
LOAD audio/sine_wave/CMakeFiles/sine_wave_i2s.dir/C_/pico/pico-sdk/src/rp2_common/pico_bit_ops/bit_ops_aeabi.S.obj
LOAD audio/sine_wave/CMakeFiles/sine_wave_i2s.dir/C_/pico/pico-sdk/src/rp2_common/pico_divider/divider_compiler.c.obj
LOAD audio/sine_wave/CMakeFiles/sine_wave_i2s.dir/C_/pico/pico-sdk/src/rp2_common/pico_double/double_math.c.obj
LOAD audio/sine_wave/CMakeFiles/sine_wave_i2s.dir/C_/pico/pico-sdk/src/rp2_common/pico_double/double_aeabi_dcp.S.obj
LOAD audio/sine_wave/CMakeFiles/sine_wave_i2s.dir/C_/pico/pico-sdk/src/rp2_common/pico_double/double_fma_dcp.S.obj
LOAD audio/sine_wave/CMakeFiles/sine_wave_i2s.dir/C_/pico/pico-sdk/src/rp2_common/pico_double/double_sci_m33.S.obj
LOAD audio/sine_wave/CMakeFiles/sine_wave_i2s.dir/C_/pico/pico-sdk/src/rp2_common/pico_double/double_conv_m33.S.obj