Archive member included to satisfy reference by file (symbol)

c:/progra~2/gnuarm~1/102021~1.10/bin/../lib/gcc/arm-none-eabi/10.3.1/../../../../arm-none-eabi/lib/thumb/v8-m.main+fp/softfp\libm.a(lib_a-wf_sqrt.o)
                              audio/sine_wave/CMakeFiles/sine_wave_spdif.dir/C_/pico/pico-sdk/src/rp2_common/pico_float/float_math.c.obj (sqrtf)
c:/progra~2/gnuarm~1/102021~1.10/bin/../lib/gcc/arm-none-eabi/10.3.1/../../../../arm-none-eabi/lib/thumb/v8-m.main+fp/softfp\libm.a(lib_a-ef_sqrt.o)
                              c:/progra~2/gnuarm~1/102021~1.10/bin/../lib/gcc/arm-none-eabi/10.3.1/../../../../arm-none-eabi/lib/thumb/v8-m.main+fp/softfp\libm.a(lib_a-wf_sqrt.o) (__ieee754_sqrtf)
c:/progra~2/gnuarm~1/102021~1.10/bin/../lib/gcc/arm-none-eabi/10.3.1/thumb/v8-m.main+fp/softfp\libgcc.a(_arm_addsubdf3.o)
                              audio/sine_wave/CMakeFiles/sine_wave_spdif.dir/C_/pico/pico-sdk/src/rp2_common/pico_float/float_math.c.obj (__aeabi_f2d)
c:/progra~2/gnuarm~1/102021~1.10/bin/../lib/gcc/arm-none-eabi/10.3.1/thumb/v8-m.main+fp/softfp\libgcc.a(_aeabi_ldivmod.o)
                              audio/sine_wave/CMakeFiles/sine_wave_spdif.dir/C_/pico/pico-sdk/src/common/pico_time/time.c.obj (__aeabi_ldivmod)
c:/progra~2/gnuarm~1/102021~1.10/bin/../lib/gcc/arm-none-eabi/10.3.1/thumb/v8-m.main+fp/softfp\libgcc.a(_aeabi_uldivmod.o)
                              audio/sine_wave/CMakeFiles/sine_wave_spdif.dir/C_/pico/pico-sdk/src/rp2_common/hardware_clocks/clocks.c.obj (__aeabi_uldivmod)
c:/progra~2/gnuarm~1/102021~1.10/bin/../lib/gcc/arm-none-eabi/10.3.1/thumb/v8-m.main+fp/softfp\libgcc.a(_udivmoddi4.o)
                              c:/progra~2/gnuarm~1/102021~1.10/bin/../lib/gcc/arm-none-eabi/10.3.1/thumb/v8-m.main+fp/softfp\libgcc.a(_aeabi_ldivmod.o) (__udivmoddi4)
c:/progra~2/gnuarm~1/102021~1.10/bin/../lib/gcc/arm-none-eabi/10.3.1/thumb/v8-m.main+fp/softfp\libgcc.a(_dvmd_tls.o)
                              c:/progra~2/gnuarm~1/102021~1.10/bin/../lib/gcc/arm-none-eabi/10.3.1/thumb/v8-m.main+fp/softfp\libgcc.a(_aeabi_ldivmod.o) (__aeabi_ldiv0)
c:/progra~2/gnuarm~1/102021~1.10/bin/../lib/gcc/arm-none-eabi/10.3.1/../../../../arm-none-eabi/lib/thumb/v8-m.main+fp/softfp\libg.a(lib_a-calloc.o)
                              audio/sine_wave/CMakeFiles/sine_wave_spdif.dir/C_/pico/pico-sdk/src/rp2_common/pico_malloc/malloc.c.obj (calloc)
c:/progra~2/gnuarm~1/102021~1.10/bin/../lib/gcc/arm-none-eabi/10.3.1/../../../../arm-none-eabi/lib/thumb/v8-m.main+fp/softfp\libg.a(lib_a-callocr.o)
                              c:/progra~2/gnuarm~1/102021~1.10/bin/../lib/gcc/arm-none-eabi/10.3.1/../../../../arm-none-eabi/lib/thumb/v8-m.main+fp/softfp\libg.a(lib_a-calloc.o) (_calloc_r)
c:/progra~2/gnuarm~1/102021~1.10/bin/../lib/gcc/arm-none-eabi/10.3.1/../../../../arm-none-eabi/lib/thumb/v8-m.main+fp/softfp\libg.a(lib_a-errno.o)
                              c:/progra~2/gnuarm~1/102021~1.10/bin/../lib/gcc/arm-none-eabi/10.3.1/../../../../arm-none-eabi/lib/thumb/v8-m.main+fp/softfp\libm.a(lib_a-wf_sqrt.o) (__errno)
c:/progra~2/gnuarm~1/102021~1.10/bin/../lib/gcc/arm-none-eabi/10.3.1/../../../../arm-none-eabi/lib/thumb/v8-m.main+fp/softfp\libg.a(lib_a-impure.o)
                              c:/progra~2/gnuarm~1/102021~1.10/bin/../lib/gcc/arm-none-eabi/10.3.1/../../../../arm-none-eabi/lib/thumb/v8-m.main+fp/softfp\libg.a(lib_a-calloc.o) (_impure_ptr)
c:/progra~2/gnuarm~1/102021~1.10/bin/../lib/gcc/arm-none-eabi/10.3.1/../../../../arm-none-eabi/lib/thumb/v8-m.main+fp/softfp\libg.a(lib_a-init.o)
                              c:/progra~2/gnuarm~1/102021~1.10/bin/../lib/gcc/arm-none-eabi/10.3.1/../../../../arm-none-eabi/lib/thumb/v8-m.main+fp/softfp/crt0.o (__libc_init_array)
c:/progra~2/gnuarm~1/102021~1.10/bin/../lib/gcc/arm-none-eabi/10.3.1/../../../../arm-none-eabi/lib/thumb/v8-m.main+fp/softfp\libg.a(lib_a-lcltime_r.o)
                              audio/sine_wave/CMakeFiles/sine_wave_spdif.dir/C_/pico/pico-sdk/src/common/pico_util/datetime.c.obj (localtime_r)
c:/progra~2/gnuarm~1/102021~1.10/bin/../lib/gcc/arm-none-eabi/10.3.1/../../../../arm-none-eabi/lib/thumb/v8-m.main+fp/softfp\libg.a(lib_a-malloc.o)
                              audio/sine_wave/CMakeFiles/sine_wave_spdif.dir/C_/pico/pico-sdk/src/rp2_common/pico_malloc/malloc.c.obj (malloc)
c:/progra~2/gnuarm~1/102021~1.10/bin/../lib/gcc/arm-none-eabi/10.3.1/../../../../arm-none-eabi/lib/thumb/v8-m.main+fp/softfp\libg.a(lib_a-mallocr.o)
                              c:/progra~2/gnuarm~1/102021~1.10/bin/../lib/gcc/arm-none-eabi/10.3.1/../../../../arm-none-eabi/lib/thumb/v8-m.main+fp/softfp\libg.a(lib_a-callocr.o) (_malloc_r)
c:/progra~2/gnuarm~1/102021~1.10/bin/../lib/gcc/arm-none-eabi/10.3.1/../../../../arm-none-eabi/lib/thumb/v8-m.main+fp/softfp\libg.a(lib_a-memcmp.o)
                              audio/sine_wave/CMakeFiles/sine_wave_spdif.dir/C_/pico/pico-sdk/src/rp2_common/pico_atomic/atomic.c.obj (memcmp)
[...]
Memory Configuration

Name             Origin             Length             Attributes
FLASH            0x10000000         0x00400000         xr
RAM              0x20000000         0x00080000         xrw
SCRATCH_X        0x20080000         0x00001000         xrw
SCRATCH_Y        0x20081000         0x00001000         xrw
*default*        0x00000000         0xffffffff

Linker script and memory map

LOAD c:/progra~2/gnuarm~1/102021~1.10/bin/../lib/gcc/arm-none-eabi/10.3.1/thumb/v8-m.main+fp/softfp/crti.o
LOAD c:/progra~2/gnuarm~1/102021~1.10/bin/../lib/gcc/arm-none-eabi/10.3.1/thumb/v8-m.main+fp/softfp/crtbegin.o
LOAD c:/progra~2/gnuarm~1/102021~1.10/bin/../lib/gcc/arm-none-eabi/10.3.1/../../../../arm-none-eabi/lib/thumb/v8-m.main+fp/softfp/crt0.o

.flash_begin    0x10000000        0x0
                0x10000000                __flash_binary_start = .

.text           0x10000000     0x532c
                0x10000000                __logical_binary_start = .
 *(.vectors)
 .vectors       0x10000000      0x124 audio/sine_wave/CMakeFiles/sine_wave_spdif.dir/C_/pico/pico-sdk/src/rp2_common/pico_crt0/crt0.S.obj
                0x10000000                __VECTOR_TABLE
                0x10000000                __vectors
                0x10000110                __unhandled_user_irq
                0x10000110                isr_irq49
                0x10000110                isr_irq13
                0x10000110                isr_irq43
                0x10000110                isr_irq45
                0x10000110                isr_irq27
                0x10000110                isr_irq32
                0x10000110                isr_irq31
                0x10000110                isr_irq12
                0x10000110                isr_irq5
                0x10000110                isr_irq11
                0x10000110                isr_irq3
                0x10000110                isr_irq23
                0x10000110                isr_usagefault
                0x10000110                isr_irq48
                0x10000110                isr_irq30
                0x10000110                isr_irq18
                0x10000110                isr_irq50
                0x10000110                isr_irq33
                0x10000110                isr_irq40
                0x10000110                isr_irq28
                0x10000110                isr_irq19
                0x10000110                isr_irq36
                0x10000110                isr_irq41
                0x10000110                isr_irq0
                0x10000110                isr_irq6
                0x10000110                isr_irq26
                0x10000110                isr_irq29
                0x10000110                isr_memmanage
                0x10000110                isr_irq37
                0x10000110                isr_irq42
                0x10000110                isr_irq22
                0x10000110                isr_irq35
                0x10000110                isr_irq17
                0x10000110                isr_irq38
                0x10000110                isr_irq14
                0x10000110                __vectors_end
                0x10000110                __default_isrs_start
                0x10000110                isr_irq2
                0x10000110                isr_irq10
                0x10000110                isr_irq8
                0x10000110                isr_debugmonitor
                0x10000110                isr_irq24
                0x10000110                isr_irq46
                0x10000110                isr_irq1
                0x10000110                isr_irq47
                0x10000110                isr_irq51
                0x10000110                isr_irq7
                0x10000110                isr_irq21
                0x10000110                isr_irq39
                0x10000110                isr_irq20
                0x10000110                isr_irq15
                0x10000110                isr_irq25
                0x10000110                isr_irq34
                0x10000110                isr_irq44
                0x10000110                isr_securefault
                0x10000110                isr_irq4
                0x10000110                isr_busfault
                0x10000110                isr_irq16
                0x10000110                isr_irq9
                0x10000116                unhandled_user_irq_num_in_r0
                0x10000118                isr_invalid
                0x1000011a                isr_nmi
                0x1000011c                isr_hardfault
                0x1000011e                isr_svcall
                0x10000120                isr_pendsv
                0x10000122                isr_systick
                0x10000124                __default_isrs_end
 *(.binary_info_header)
 .binary_info_header
                0x10000124       0x14 audio/sine_wave/CMakeFiles/sine_wave_spdif.dir/C_/pico/pico-sdk/src/rp2_common/pico_crt0/crt0.S.obj
                0x10000138                __binary_info_header_end = .
 *(.embedded_block)
 .embedded_block
                0x10000138       0x14 audio/sine_wave/CMakeFiles/sine_wave_spdif.dir/C_/pico/pico-sdk/src/rp2_common/pico_crt0/crt0.S.obj
                0x1000014c                __embedded_block_end = .
 *(.reset)
 .reset         0x1000014c       0x98 audio/sine_wave/CMakeFiles/sine_wave_spdif.dir/C_/pico/pico-sdk/src/rp2_common/pico_crt0/crt0.S.obj
                0x1000014c                _entry_point
 *(.init)
 .init          0x100001e4        0x4 c:/progra~2/gnuarm~1/102021~1.10/bin/../lib/gcc/arm-none-eabi/10.3.1/thumb/v8-m.main+fp/softfp/crti.o
                0x100001e4                _init
 *libgcc.a:cmse_nonsecure_call.o()
 *(EXCLUDE_FILE(*libm.a: *libc.a:*lib_a-mem*.o *libgcc.a:) .text*)
 .text          0x100001e8       0x40 c:/progra~2/gnuarm~1/102021~1.10/bin/../lib/gcc/arm-none-eabi/10.3.1/thumb/v8-m.main+fp/softfp/crtbegin.o
 .text.init_audio
                0x10000228       0x5c audio/sine_wave/CMakeFiles/sine_wave_spdif.dir/sine_wave.c.obj
                0x10000228                init_audio
 .text.main     0x10000284      0x10c audio/sine_wave/CMakeFiles/sine_wave_spdif.dir/sine_wave.c.obj
                0x10000284                main
 .text.gpio_set_function
                0x10000390       0x38 audio/sine_wave/CMakeFiles/sine_wave_spdif.dir/C_/pico/pico-sdk/src/rp2_common/hardware_gpio/gpio.c.obj
                0x10000390                gpio_set_function
 .text.panic    0x100003c8       0x30 audio/sine_wave/CMakeFiles/sine_wave_spdif.dir/C_/pico/pico-sdk/src/rp2_common/pico_platform_panic/panic.c.obj
                0x100003c8                panic
 .text.panic_unsupported
                0x100003f8        0xc audio/sine_wave/CMakeFiles/sine_wave_spdif.dir/C_/pico/pico-sdk/src/rp2_common/pico_platform_panic/panic.c.obj
                0x100003f8                panic_unsupported
 .text.hw_claim_lock
                0x10000404       0x24 audio/sine_wave/CMakeFiles/sine_wave_spdif.dir/C_/pico/pico-sdk/src/common/hardware_claim/claim.c.obj
                0x10000404                hw_claim_lock
 .text.hw_claim_unlock
                0x10000428       0x14 audio/sine_wave/CMakeFiles/sine_wave_spdif.dir/C_/pico/pico-sdk/src/common/hardware_claim/claim.c.obj
                0x10000428                hw_claim_unlock
 .text.hw_claim_or_assert
                0x1000043c       0x32 audio/sine_wave/CMakeFiles/sine_wave_spdif.dir/C_/pico/pico-sdk/src/common/hardware_claim/claim.c.obj
                0x1000043c                hw_claim_or_assert
 *fill*         0x1000046e        0x2 
 .text.next_striped_spin_lock_num
                0x10000470       0x1c audio/sine_wave/CMakeFiles/sine_wave_spdif.dir/C_/pico/pico-sdk/src/rp2_common/hardware_sync/sync.c.obj
                0x10000470                next_striped_spin_lock_num
 .text.spinlock_set_extexclall
                0x1000048c        0xe audio/sine_wave/CMakeFiles/sine_wave_spdif.dir/C_/pico/pico-sdk/src/rp2_common/hardware_sync_spin_lock/sync_spin_lock.c.obj
 *fill*         0x1000049a        0x2 
 .text.spin_locks_reset
                0x1000049c       0x1c audio/sine_wave/CMakeFiles/sine_wave_spdif.dir/C_/pico/pico-sdk/src/rp2_common/hardware_sync_spin_lock/sync_spin_lock.c.obj
                0x1000049c                spin_locks_reset
 .text.spin_lock_init
                0x100004b8       0x30 audio/sine_wave/CMakeFiles/sine_wave_spdif.dir/C_/pico/pico-sdk/src/rp2_common/hardware_sync_spin_lock/sync_spin_lock.c.obj
                0x100004b8                spin_lock_init
 .text.set_raw_irq_handler_and_unlock
                0x100004e8       0x24 audio/sine_wave/CMakeFiles/sine_wave_spdif.dir/C_/pico/pico-sdk/src/rp2_common/hardware_irq/irq.c.obj
 .text.nvic_ipr0
                0x1000050c        0x8 audio/sine_wave/CMakeFiles/sine_wave_spdif.dir/C_/pico/pico-sdk/src/rp2_common/hardware_irq/irq.c.obj
 .text.runtime_init_per_core_irq_priorities
                0x10000514       0x1c audio/sine_wave/CMakeFiles/sine_wave_spdif.dir/C_/pico/pico-sdk/src/rp2_common/hardware_irq/irq.c.obj
                0x10000514                runtime_init_per_core_irq_priorities
 .text.make_j_16
                0x10000530       0x3c audio/sine_wave/CMakeFiles/sine_wave_spdif.dir/C_/pico/pico-sdk/src/rp2_common/hardware_irq/irq.c.obj
 .text.insert_bl_32
                0x1000056c       0x3c audio/sine_wave/CMakeFiles/sine_wave_spdif.dir/C_/pico/pico-sdk/src/rp2_common/hardware_irq/irq.c.obj
 .text.irq_is_enabled
                0x100005a8       0x20 audio/sine_wave/CMakeFiles/sine_wave_spdif.dir/C_/pico/pico-sdk/src/rp2_common/hardware_irq/irq.c.obj
                0x100005a8                irq_is_enabled
 .text.irq_set_mask_n_enabled
                0x100005c8       0x20 audio/sine_wave/CMakeFiles/sine_wave_spdif.dir/C_/pico/pico-sdk/src/rp2_common/hardware_irq/irq.c.obj
                0x100005c8                irq_set_mask_n_enabled
 .text.irq_set_enabled
                0x100005e8       0x14 audio/sine_wave/CMakeFiles/sine_wave_spdif.dir/C_/pico/pico-sdk/src/rp2_common/hardware_irq/irq.c.obj
                0x100005e8                irq_set_enabled
 .text.irq_get_vtable_handler
                0x100005fc       0x10 audio/sine_wave/CMakeFiles/sine_wave_spdif.dir/C_/pico/pico-sdk/src/rp2_common/hardware_irq/irq.c.obj
                0x100005fc                irq_get_vtable_handler
 .text.irq_set_exclusive_handler
                0x1000060c       0x60 audio/sine_wave/CMakeFiles/sine_wave_spdif.dir/C_/pico/pico-sdk/src/rp2_common/hardware_irq/irq.c.obj
                0x1000060c                irq_set_exclusive_handler
 .text.irq_add_shared_handler
                0x1000066c      0x264 audio/sine_wave/CMakeFiles/sine_wave_spdif.dir/C_/pico/pico-sdk/src/rp2_common/hardware_irq/irq.c.obj
                0x1000066c                irq_add_shared_handler
 .text.irq_remove_handler
                0x100008d0      0x1ac audio/sine_wave/CMakeFiles/sine_wave_spdif.dir/C_/pico/pico-sdk/src/rp2_common/hardware_irq/irq.c.obj
                0x100008d0                irq_remove_handler
 .text.irq_add_tail_to_free_list
                0x10000a7c      0x100 audio/sine_wave/CMakeFiles/sine_wave_spdif.dir/C_/pico/pico-sdk/src/rp2_common/hardware_irq/irq.c.obj
                0x10000a7c                irq_add_tail_to_free_list
 .text.lock_init
                0x10000b7c        0xc audio/sine_wave/CMakeFiles/sine_wave_spdif.dir/C_/pico/pico-sdk/src/common/pico_sync/lock_core.c.obj
                0x10000b7c                lock_init
 .text.mutex_init
                0x10000b88       0x1a audio/sine_wave/CMakeFiles/sine_wave_spdif.dir/C_/pico/pico-sdk/src/common/pico_sync/mutex.c.obj
                0x10000b88                mutex_init
 .text.recursive_mutex_init
                0x10000ba2       0x1e audio/sine_wave/CMakeFiles/sine_wave_spdif.dir/C_/pico/pico-sdk/src/common/pico_sync/mutex.c.obj
                0x10000ba2                recursive_mutex_init
 .text.runtime_init_mutex
                0x10000bc0       0x4c audio/sine_wave/CMakeFiles/sine_wave_spdif.dir/C_/pico/pico-sdk/src/common/pico_sync/mutex.c.obj
                0x10000bc0                runtime_init_mutex
 .text.make_alarm_id
                0x10000c0c        0x6 audio/sine_wave/CMakeFiles/sine_wave_spdif.dir/C_/pico/pico-sdk/src/common/pico_time/time.c.obj
 *fill*         0x10000c12        0x2 
 .text.sleep_until_callback
                0x10000c14       0x3c audio/sine_wave/CMakeFiles/sine_wave_spdif.dir/C_/pico/pico-sdk/src/common/pico_time/time.c.obj
 .text.alarm_pool_irq_handler
                0x10000c50      0x30c audio/sine_wave/CMakeFiles/sine_wave_spdif.dir/C_/pico/pico-sdk/src/common/pico_time/time.c.obj
 .text.alarm_pool_post_alloc_init
                0x10000f5c       0xa4 audio/sine_wave/CMakeFiles/sine_wave_spdif.dir/C_/pico/pico-sdk/src/common/pico_time/time.c.obj
 .text.alarm_pool_get_default
                0x10001000       0x28 audio/sine_wave/CMakeFiles/sine_wave_spdif.dir/C_/pico/pico-sdk/src/common/pico_time/time.c.obj
                0x10001000                alarm_pool_get_default
 .text.alarm_pool_add_alarm_at_force_in_context
                0x10001028       0xba audio/sine_wave/CMakeFiles/sine_wave_spdif.dir/C_/pico/pico-sdk/src/common/pico_time/time.c.obj
                0x10001028                alarm_pool_add_alarm_at_force_in_context
 .text.alarm_pool_add_alarm_at
                0x100010e2       0x38 audio/sine_wave/CMakeFiles/sine_wave_spdif.dir/C_/pico/pico-sdk/src/common/pico_time/time.c.obj
                0x100010e2                alarm_pool_add_alarm_at
 .text.alarm_pool_cancel_alarm
                0x1000111a       0x72 audio/sine_wave/CMakeFiles/sine_wave_spdif.dir/C_/pico/pico-sdk/src/common/pico_time/time.c.obj
                0x1000111a                alarm_pool_cancel_alarm
 .text.best_effort_wfe_or_timeout
                0x1000118c      0x11c audio/sine_wave/CMakeFiles/sine_wave_spdif.dir/C_/pico/pico-sdk/src/common/pico_time/time.c.obj
                0x1000118c                best_effort_wfe_or_timeout
 .text.alarm_pool_get_default_timer
                0x100012a8        0x8 audio/sine_wave/CMakeFiles/sine_wave_spdif.dir/C_/pico/pico-sdk/src/common/pico_time/time.c.obj
                0x100012a8                alarm_pool_get_default_timer
 .text.runtime_init_default_alarm_pool
                0x100012b0       0x34 audio/sine_wave/CMakeFiles/sine_wave_spdif.dir/C_/pico/pico-sdk/src/common/pico_time/time.c.obj
                0x100012b0                runtime_init_default_alarm_pool
 .text.timer_hardware_alarm_claim
                0x100012e4       0x24 audio/sine_wave/CMakeFiles/sine_wave_spdif.dir/C_/pico/pico-sdk/src/rp2_common/hardware_timer/timer.c.obj
                0x100012e4                timer_hardware_alarm_claim
 .text.timer_time_us_64
                0x10001308       0x10 audio/sine_wave/CMakeFiles/sine_wave_spdif.dir/C_/pico/pico-sdk/src/rp2_common/hardware_timer/timer.c.obj
                0x10001308                timer_time_us_64
 .text.timer_busy_wait_until
                0x10001318       0x1a audio/sine_wave/CMakeFiles/sine_wave_spdif.dir/C_/pico/pico-sdk/src/rp2_common/hardware_timer/timer.c.obj
                0x10001318                timer_busy_wait_until
 .text.timer_busy_wait_us
                0x10001332       0x28 audio/sine_wave/CMakeFiles/sine_wave_spdif.dir/C_/pico/pico-sdk/src/rp2_common/hardware_timer/timer.c.obj
                0x10001332                timer_busy_wait_us
 *fill*         0x1000135a        0x2 
 .text.time_us_64
                0x1000135c       0x10 audio/sine_wave/CMakeFiles/sine_wave_spdif.dir/C_/pico/pico-sdk/src/rp2_common/hardware_timer/timer.c.obj
                0x1000135c                time_us_64
 .text.busy_wait_us
                0x1000136c       0x14 audio/sine_wave/CMakeFiles/sine_wave_spdif.dir/C_/pico/pico-sdk/src/rp2_common/hardware_timer/timer.c.obj
                0x1000136c                busy_wait_us
 .text.uart_disable_before_lcr_write
                0x10001380       0x40 audio/sine_wave/CMakeFiles/sine_wave_spdif.dir/C_/pico/pico-sdk/src/rp2_common/hardware_uart/uart.c.obj
 .text.uart_write_lcr_bits_masked
                0x100013c0       0x1c audio/sine_wave/CMakeFiles/sine_wave_spdif.dir/C_/pico/pico-sdk/src/rp2_common/hardware_uart/uart.c.obj
 .text.uart_set_baudrate
                0x100013dc       0x52 audio/sine_wave/CMakeFiles/sine_wave_spdif.dir/C_/pico/pico-sdk/src/rp2_common/hardware_uart/uart.c.obj
                0x100013dc                uart_set_baudrate
 *fill*         0x1000142e        0x2 
 .text.uart_set_translate_crlf
                0x10001430       0x24 audio/sine_wave/CMakeFiles/sine_wave_spdif.dir/C_/pico/pico-sdk/src/rp2_common/hardware_uart/uart.c.obj
                0x10001430                uart_set_translate_crlf
 .text.uart_init
                0x10001454       0x7c audio/sine_wave/CMakeFiles/sine_wave_spdif.dir/C_/pico/pico-sdk/src/rp2_common/hardware_uart/uart.c.obj
                0x10001454                uart_init
 .text.clock_configure_internal
                0x100014d0       0xb4 audio/sine_wave/CMakeFiles/sine_wave_spdif.dir/C_/pico/pico-sdk/src/rp2_common/hardware_clocks/clocks.c.obj
 .text.clock_configure_undivided
                0x10001584       0x12 audio/sine_wave/CMakeFiles/sine_wave_spdif.dir/C_/pico/pico-sdk/src/rp2_common/hardware_clocks/clocks.c.obj
                0x10001584                clock_configure_undivided
 *fill*         0x10001596        0x2 
 .text.clock_get_hz
                0x10001598        0xc audio/sine_wave/CMakeFiles/sine_wave_spdif.dir/C_/pico/pico-sdk/src/rp2_common/hardware_clocks/clocks.c.obj
                0x10001598                clock_get_hz
 .text.pll_init
                0x100015a4      0x108 audio/sine_wave/CMakeFiles/sine_wave_spdif.dir/C_/pico/pico-sdk/src/rp2_common/hardware_pll/pll.c.obj
                0x100015a4                pll_init
 .text.tick_start
                0x100016ac       0x1c audio/sine_wave/CMakeFiles/sine_wave_spdif.dir/C_/pico/pico-sdk/src/rp2_common/hardware_ticks/ticks.c.obj
                0x100016ac                tick_start
 .text.rom_func_lookup
                0x100016c8       0x1e audio/sine_wave/CMakeFiles/sine_wave_spdif.dir/C_/pico/pico-sdk/src/rp2_common/pico_bootrom/bootrom.c.obj
                0x100016c8                rom_func_lookup
 *fill*         0x100016e6        0x2 
 .text.runtime_init_bootrom_locking_enable
                0x100016e8       0x14 audio/sine_wave/CMakeFiles/sine_wave_spdif.dir/C_/pico/pico-sdk/src/rp2_common/pico_bootrom/bootrom_lock.c.obj
                0x100016e8                runtime_init_bootrom_locking_enable
 .text.boot_locks_reset
                0x100016fc       0x20 audio/sine_wave/CMakeFiles/sine_wave_spdif.dir/C_/pico/pico-sdk/src/rp2_common/hardware_boot_lock/boot_lock.c.obj
                0x100016fc                boot_locks_reset
 .text.runtime_init_boot_locks_reset
                0x1000171c        0x8 audio/sine_wave/CMakeFiles/sine_wave_spdif.dir/C_/pico/pico-sdk/src/rp2_common/hardware_boot_lock/boot_lock.c.obj
                0x1000171c                runtime_init_boot_locks_reset
 .text.xosc_init
                0x10001724       0x28 audio/sine_wave/CMakeFiles/sine_wave_spdif.dir/C_/pico/pico-sdk/src/rp2_common/hardware_xosc/xosc.c.obj
                0x10001724                xosc_init
 .text.runtime_run_initializers_from
                0x1000174c       0x18 audio/sine_wave/CMakeFiles/sine_wave_spdif.dir/C_/pico/pico-sdk/src/rp2_common/pico_runtime/runtime.c.obj
 .text.first_per_core_initializer
                0x10001764        0x2 audio/sine_wave/CMakeFiles/sine_wave_spdif.dir/C_/pico/pico-sdk/src/rp2_common/pico_runtime/runtime.c.obj
 *fill*         0x10001766        0x2 
 .text.runtime_run_initializers
                0x10001768       0x10 audio/sine_wave/CMakeFiles/sine_wave_spdif.dir/C_/pico/pico-sdk/src/rp2_common/pico_runtime/runtime.c.obj
                0x10001768                runtime_run_initializers
 .text.runtime_init_early_resets
                0x10001778       0x2c audio/sine_wave/CMakeFiles/sine_wave_spdif.dir/C_/pico/pico-sdk/src/rp2_common/pico_runtime_init/runtime_init.c.obj
                0x10001778                runtime_init_early_resets
 .text.runtime_init_usb_power_down
                0x100017a4       0x20 audio/sine_wave/CMakeFiles/sine_wave_spdif.dir/C_/pico/pico-sdk/src/rp2_common/pico_runtime_init/runtime_init.c.obj
                0x100017a4                runtime_init_usb_power_down
 .text.runtime_init_per_core_enable_coprocessors
                0x100017c4       0x1c audio/sine_wave/CMakeFiles/sine_wave_spdif.dir/C_/pico/pico-sdk/src/rp2_common/pico_runtime_init/runtime_init.c.obj
                0x100017c4                runtime_init_per_core_enable_coprocessors
 .text.runtime_init_post_clock_resets
                0x100017e0       0x20 audio/sine_wave/CMakeFiles/sine_wave_spdif.dir/C_/pico/pico-sdk/src/rp2_common/pico_runtime_init/runtime_init.c.obj
                0x100017e0                runtime_init_post_clock_resets
 .text.runtime_init_bootrom_reset
                0x10001800       0x12 audio/sine_wave/CMakeFiles/sine_wave_spdif.dir/C_/pico/pico-sdk/src/rp2_common/pico_runtime_init/runtime_init.c.obj
                0x10001800                runtime_init_bootrom_reset
 .text.runtime_init_per_core_bootrom_reset
                0x10001812       0x12 audio/sine_wave/CMakeFiles/sine_wave_spdif.dir/C_/pico/pico-sdk/src/rp2_common/pico_runtime_init/runtime_init.c.obj
                0x10001812                runtime_init_per_core_bootrom_reset
 .text.runtime_init_spin_locks_reset
                0x10001824        0x8 audio/sine_wave/CMakeFiles/sine_wave_spdif.dir/C_/pico/pico-sdk/src/rp2_common/pico_runtime_init/runtime_init.c.obj
                0x10001824                runtime_init_spin_locks_reset
 .text.runtime_init_install_ram_vector_table
                0x1000182c       0x48 audio/sine_wave/CMakeFiles/sine_wave_spdif.dir/C_/pico/pico-sdk/src/rp2_common/pico_runtime_init/runtime_init.c.obj
                0x1000182c                runtime_init_install_ram_vector_table
 .text.start_all_ticks
                0x10001874       0x28 audio/sine_wave/CMakeFiles/sine_wave_spdif.dir/C_/pico/pico-sdk/src/rp2_common/pico_runtime_init/runtime_init_clocks.c.obj
 .text.runtime_init_clocks
                0x1000189c       0xc4 audio/sine_wave/CMakeFiles/sine_wave_spdif.dir/C_/pico/pico-sdk/src/rp2_common/pico_runtime_init/runtime_init_clocks.c.obj
                0x1000189c                runtime_init_clocks
 .text.__rp2350_dcp_engaged_state_save_restore
                0x10001960       0x3a audio/sine_wave/CMakeFiles/sine_wave_spdif.dir/C_/pico/pico-sdk/src/rp2_common/pico_double/double_aeabi_dcp.S.obj
 *fill*         0x1000199a        0x2 
 .text.__wrap___aeabi_dadd
                0x1000199c       0x28 audio/sine_wave/CMakeFiles/sine_wave_spdif.dir/C_/pico/pico-sdk/src/rp2_common/pico_double/double_aeabi_dcp.S.obj
                0x100019a4                __wrap___aeabi_dadd
 .text.__wrap___aeabi_dsub
                0x100019c4       0x28 audio/sine_wave/CMakeFiles/sine_wave_spdif.dir/C_/pico/pico-sdk/src/rp2_common/pico_double/double_aeabi_dcp.S.obj
                0x100019cc                __wrap___aeabi_dsub
 .text.__wrap___aeabi_dmul
                0x100019ec       0x4c audio/sine_wave/CMakeFiles/sine_wave_spdif.dir/C_/pico/pico-sdk/src/rp2_common/pico_double/double_aeabi_dcp.S.obj
                0x100019f4                __wrap___aeabi_dmul
 .text.__wrap___aeabi_ddiv
                0x10001a38       0x9c audio/sine_wave/CMakeFiles/sine_wave_spdif.dir/C_/pico/pico-sdk/src/rp2_common/pico_double/double_aeabi_dcp.S.obj
                0x10001a40                __wrap___aeabi_ddiv
 .text.__wrap___aeabi_i2d
                0x10001ad4       0x24 audio/sine_wave/CMakeFiles/sine_wave_spdif.dir/C_/pico/pico-sdk/src/rp2_common/pico_double/double_aeabi_dcp.S.obj
                0x10001adc                int2double
                0x10001adc                __wrap___aeabi_i2d
 .text.__wrap___aeabi_ui2d
                0x10001af8       0x24 audio/sine_wave/CMakeFiles/sine_wave_spdif.dir/C_/pico/pico-sdk/src/rp2_common/pico_double/double_aeabi_dcp.S.obj
                0x10001b00                uint2double
                0x10001b00                __wrap___aeabi_ui2d
 .text.__wrap___aeabi_d2iz
                0x10001b1c       0x24 audio/sine_wave/CMakeFiles/sine_wave_spdif.dir/C_/pico/pico-sdk/src/rp2_common/pico_double/double_aeabi_dcp.S.obj
                0x10001b24                double2int_z
                0x10001b24                __wrap___aeabi_d2iz
 .text.__wrap___aeabi_d2uiz
                0x10001b40       0x24 audio/sine_wave/CMakeFiles/sine_wave_spdif.dir/C_/pico/pico-sdk/src/rp2_common/pico_double/double_aeabi_dcp.S.obj
                0x10001b48                double2uint
                0x10001b48                __wrap___aeabi_d2uiz
                0x10001b48                double2uint_z
 .text.__wrap___aeabi_dcmpun
                0x10001b64       0x24 audio/sine_wave/CMakeFiles/sine_wave_spdif.dir/C_/pico/pico-sdk/src/rp2_common/pico_double/double_aeabi_dcp.S.obj
                0x10001b6c                __wrap___aeabi_dcmpun
 .text.__wrap___aeabi_dcmplt
                0x10001b88       0x28 audio/sine_wave/CMakeFiles/sine_wave_spdif.dir/C_/pico/pico-sdk/src/rp2_common/pico_double/double_aeabi_dcp.S.obj
                0x10001b90                __wrap___aeabi_dcmplt
 .text.__wrap___aeabi_dcmple
                0x10001bb0       0x28 audio/sine_wave/CMakeFiles/sine_wave_spdif.dir/C_/pico/pico-sdk/src/rp2_common/pico_double/double_aeabi_dcp.S.obj
                0x10001bb8                __wrap___aeabi_dcmple
 .text.__wrap___aeabi_dcmpge
                0x10001bd8       0x28 audio/sine_wave/CMakeFiles/sine_wave_spdif.dir/C_/pico/pico-sdk/src/rp2_common/pico_double/double_aeabi_dcp.S.obj
                0x10001be0                __wrap___aeabi_dcmpge
 .text.__wrap___aeabi_dcmpgt
                0x10001c00       0x28 audio/sine_wave/CMakeFiles/sine_wave_spdif.dir/C_/pico/pico-sdk/src/rp2_common/pico_double/double_aeabi_dcp.S.obj
                0x10001c08                __wrap___aeabi_dcmpgt
 .text.frrcore_v
                0x10001c28       0x54 audio/sine_wave/CMakeFiles/sine_wave_spdif.dir/C_/pico/pico-sdk/src/rp2_common/pico_float/float_sci_m33_vfp.S.obj
 *fill*         0x10001c7c        0x4 
 .text.__wrap_fsin_fcos
                0x10001c80      0x388 audio/sine_wave/CMakeFiles/sine_wave_spdif.dir/C_/pico/pico-sdk/src/rp2_common/pico_float/float_sci_m33_vfp.S.obj
                0x10001d5c                __wrap_sincosf
                0x10001dc8                __wrap_sinf
                0x10001dce                __wrap_cosf
 .text.__wrap_malloc
                0x10002008       0x24 audio/sine_wave/CMakeFiles/sine_wave_spdif.dir/C_/pico/pico-sdk/src/rp2_common/pico_malloc/malloc.c.obj
                0x10002008                __wrap_malloc
 .text.__wrap_calloc
                0x1000202c       0x28 audio/sine_wave/CMakeFiles/sine_wave_spdif.dir/C_/pico/pico-sdk/src/rp2_common/pico_malloc/malloc.c.obj
                0x1000202c                __wrap_calloc
 .text.__wrap_free
                0x10002054        0x8 audio/sine_wave/CMakeFiles/sine_wave_spdif.dir/C_/pico/pico-sdk/src/rp2_common/pico_malloc/malloc.c.obj
                0x10002054                __wrap_free
 .text._out_null
                0x1000205c        0x2 audio/sine_wave/CMakeFiles/sine_wave_spdif.dir/C_/pico/pico-sdk/src/rp2_common/pico_printf/printf.c.obj
 .text._out_fct
                0x1000205e        0xe audio/sine_wave/CMakeFiles/sine_wave_spdif.dir/C_/pico/pico-sdk/src/rp2_common/pico_printf/printf.c.obj
 .text._atoi    0x1000206c       0x24 audio/sine_wave/CMakeFiles/sine_wave_spdif.dir/C_/pico/pico-sdk/src/rp2_common/pico_printf/printf.c.obj
 .text._out_rev
                0x10002090       0x7e audio/sine_wave/CMakeFiles/sine_wave_spdif.dir/C_/pico/pico-sdk/src/rp2_common/pico_printf/printf.c.obj
 .text._ntoa_format
                0x1000210e      0x138 audio/sine_wave/CMakeFiles/sine_wave_spdif.dir/C_/pico/pico-sdk/src/rp2_common/pico_printf/printf.c.obj
 .text._ntoa_long
                0x10002246       0x94 audio/sine_wave/CMakeFiles/sine_wave_spdif.dir/C_/pico/pico-sdk/src/rp2_common/pico_printf/printf.c.obj
 .text._ntoa_long_long
                0x100022da       0xc6 audio/sine_wave/CMakeFiles/sine_wave_spdif.dir/C_/pico/pico-sdk/src/rp2_common/pico_printf/printf.c.obj
 .text._etoa    0x100023a0      0x41c audio/sine_wave/CMakeFiles/sine_wave_spdif.dir/C_/pico/pico-sdk/src/rp2_common/pico_printf/printf.c.obj
 *fill*         0x100027bc        0x4 
 .text._ftoa    0x100027c0      0x398 audio/sine_wave/CMakeFiles/sine_wave_spdif.dir/C_/pico/pico-sdk/src/rp2_common/pico_printf/printf.c.obj
 .text._vsnprintf
                0x10002b58      0x680 audio/sine_wave/CMakeFiles/sine_wave_spdif.dir/C_/pico/pico-sdk/src/rp2_common/pico_printf/printf.c.obj
 .text.vfctprintf
                0x100031d8       0x24 audio/sine_wave/CMakeFiles/sine_wave_spdif.dir/C_/pico/pico-sdk/src/rp2_common/pico_printf/printf.c.obj
                0x100031d8                vfctprintf
 .text._exit    0x100031fc        0x4 audio/sine_wave/CMakeFiles/sine_wave_spdif.dir/C_/pico/pico-sdk/src/rp2_common/pico_clib_interface/newlib_interface.c.obj
                0x100031fc                _exit
 .text._sbrk    0x10003200       0x34 audio/sine_wave/CMakeFiles/sine_wave_spdif.dir/C_/pico/pico-sdk/src/rp2_common/pico_clib_interface/newlib_interface.c.obj
                0x10003200                _sbrk
 .text.exit     0x10003234        0x6 audio/sine_wave/CMakeFiles/sine_wave_spdif.dir/C_/pico/pico-sdk/src/rp2_common/pico_clib_interface/newlib_interface.c.obj
                0x10003234                exit
 *fill*         0x1000323a        0x2 
 .text.__assert_func
                0x1000323c       0x38 audio/sine_wave/CMakeFiles/sine_wave_spdif.dir/C_/pico/pico-sdk/src/rp2_common/pico_clib_interface/newlib_interface.c.obj
                0x1000323c                __assert_func
 .text.runtime_init
                0x10003274       0x2c audio/sine_wave/CMakeFiles/sine_wave_spdif.dir/C_/pico/pico-sdk/src/rp2_common/pico_clib_interface/newlib_interface.c.obj
                0x10003274                runtime_init
 .text.stdio_out_chars_no_crlf
                0x100032a0        0xe audio/sine_wave/CMakeFiles/sine_wave_spdif.dir/C_/pico/pico-sdk/src/rp2_common/pico_stdio/stdio.c.obj
 *fill*         0x100032ae        0x2 
 .text.stdio_out_chars_crlf
                0x100032b0       0x80 audio/sine_wave/CMakeFiles/sine_wave_spdif.dir/C_/pico/pico-sdk/src/rp2_common/pico_stdio/stdio.c.obj
 .text.stdio_stack_buffer_flush
                0x10003330       0x40 audio/sine_wave/CMakeFiles/sine_wave_spdif.dir/C_/pico/pico-sdk/src/rp2_common/pico_stdio/stdio.c.obj
 .text.stdio_buffered_printer
                0x10003370       0x20 audio/sine_wave/CMakeFiles/sine_wave_spdif.dir/C_/pico/pico-sdk/src/rp2_common/pico_stdio/stdio.c.obj
 .text.stdout_serialize_begin
                0x10003390       0x2c audio/sine_wave/CMakeFiles/sine_wave_spdif.dir/C_/pico/pico-sdk/src/rp2_common/pico_stdio/stdio.c.obj
                0x10003390                stdout_serialize_begin
 .text.stdout_serialize_end
                0x100033bc       0x10 audio/sine_wave/CMakeFiles/sine_wave_spdif.dir/C_/pico/pico-sdk/src/rp2_common/pico_stdio/stdio.c.obj
                0x100033bc                stdout_serialize_end
 .text.stdio_put_string
                0x100033cc       0x8c audio/sine_wave/CMakeFiles/sine_wave_spdif.dir/C_/pico/pico-sdk/src/rp2_common/pico_stdio/stdio.c.obj
                0x100033cc                stdio_put_string
 .text.stdio_get_until
                0x10003458       0x74 audio/sine_wave/CMakeFiles/sine_wave_spdif.dir/C_/pico/pico-sdk/src/rp2_common/pico_stdio/stdio.c.obj
                0x10003458                stdio_get_until
 .text.stdio_set_driver_enabled
                0x100034cc       0x28 audio/sine_wave/CMakeFiles/sine_wave_spdif.dir/C_/pico/pico-sdk/src/rp2_common/pico_stdio/stdio.c.obj
                0x100034cc                stdio_set_driver_enabled
 .text.stdio_flush
                0x100034f4       0x1c audio/sine_wave/CMakeFiles/sine_wave_spdif.dir/C_/pico/pico-sdk/src/rp2_common/pico_stdio/stdio.c.obj
                0x100034f4                stdio_flush
 .text.stdio_init_all
                0x10003510        0xa audio/sine_wave/CMakeFiles/sine_wave_spdif.dir/C_/pico/pico-sdk/src/rp2_common/pico_stdio/stdio.c.obj
                0x10003510                stdio_init_all
 *fill*         0x1000351a        0x2 
 .text.stdio_getchar_timeout_us
                0x1000351c       0x50 audio/sine_wave/CMakeFiles/sine_wave_spdif.dir/C_/pico/pico-sdk/src/rp2_common/pico_stdio/stdio.c.obj
                0x1000351c                stdio_getchar_timeout_us
 .text.__wrap_puts
                0x1000356c       0x1e audio/sine_wave/CMakeFiles/sine_wave_spdif.dir/C_/pico/pico-sdk/src/rp2_common/pico_stdio/stdio.c.obj
                0x1000356c                stdio_puts
                0x1000356c                __wrap_puts
 *fill*         0x1000358a        0x2 
 .text.__wrap_vprintf
                0x1000358c       0x3c audio/sine_wave/CMakeFiles/sine_wave_spdif.dir/C_/pico/pico-sdk/src/rp2_common/pico_stdio/stdio.c.obj
                0x1000358c                stdio_vprintf
                0x1000358c                __wrap_vprintf
 .text.__wrap_printf
                0x100035c8       0x1c audio/sine_wave/CMakeFiles/sine_wave_spdif.dir/C_/pico/pico-sdk/src/rp2_common/pico_stdio/stdio.c.obj
                0x100035c8                __wrap_printf
                0x100035c8                stdio_printf
 .text.stdio_uart_out_chars
                0x100035e4       0x8c audio/sine_wave/CMakeFiles/sine_wave_spdif.dir/C_/pico/pico-sdk/src/rp2_common/pico_stdio_uart/stdio_uart.c.obj
 .text.stdio_uart_in_chars
                0x10003670       0x7c audio/sine_wave/CMakeFiles/sine_wave_spdif.dir/C_/pico/pico-sdk/src/rp2_common/pico_stdio_uart/stdio_uart.c.obj
                0x10003670                stdio_uart_in_chars
 .text.on_uart_rx
                0x100036ec       0x24 audio/sine_wave/CMakeFiles/sine_wave_spdif.dir/C_/pico/pico-sdk/src/rp2_common/pico_stdio_uart/stdio_uart.c.obj
 .text.stdio_uart_out_flush
                0x10003710       0x14 audio/sine_wave/CMakeFiles/sine_wave_spdif.dir/C_/pico/pico-sdk/src/rp2_common/pico_stdio_uart/stdio_uart.c.obj
 .text.stdio_uart_set_chars_available_callback
                0x10003724       0x88 audio/sine_wave/CMakeFiles/sine_wave_spdif.dir/C_/pico/pico-sdk/src/rp2_common/pico_stdio_uart/stdio_uart.c.obj
 .text.stdio_uart_init_full
                0x100037ac       0x50 audio/sine_wave/CMakeFiles/sine_wave_spdif.dir/C_/pico/pico-sdk/src/rp2_common/pico_stdio_uart/stdio_uart.c.obj
                0x100037ac                stdio_uart_init_full
 .text.stdio_uart_init
                0x100037fc       0x30 audio/sine_wave/CMakeFiles/sine_wave_spdif.dir/C_/pico/pico-sdk/src/rp2_common/pico_stdio_uart/stdio_uart.c.obj
                0x100037fc                stdio_uart_init
 .text.init_spdif_buffer
                0x1000382c       0x68 audio/sine_wave/CMakeFiles/sine_wave_spdif.dir/C_/pico/pico-extras/src/rp2_common/pico_audio_spdif/audio_spdif.c.obj
 .text.audio_start_dma_transfer
                0x10003894       0xc0 audio/sine_wave/CMakeFiles/sine_wave_spdif.dir/C_/pico/pico-extras/src/rp2_common/pico_audio_spdif/audio_spdif.c.obj
 .text.wrap_producer_give
                0x10003954       0x16 audio/sine_wave/CMakeFiles/sine_wave_spdif.dir/C_/pico/pico-extras/src/rp2_common/pico_audio_spdif/audio_spdif.c.obj
 *fill*         0x1000396a        0x2 
 .text.update_pio_frequency
                0x1000396c       0x88 audio/sine_wave/CMakeFiles/sine_wave_spdif.dir/C_/pico/pico-extras/src/rp2_common/pico_audio_spdif/audio_spdif.c.obj
 .text.wrap_consumer_take
                0x100039f4       0x28 audio/sine_wave/CMakeFiles/sine_wave_spdif.dir/C_/pico/pico-extras/src/rp2_common/pico_audio_spdif/audio_spdif.c.obj
 .text.spdif_program_init
                0x10003a1c       0xde audio/sine_wave/CMakeFiles/sine_wave_spdif.dir/C_/pico/pico-extras/src/rp2_common/pico_audio_spdif/audio_spdif.c.obj
                0x10003a1c                spdif_program_init
 *fill*         0x10003afa        0x2 
 .text.audio_spdif_setup
                0x10003afc      0x214 audio/sine_wave/CMakeFiles/sine_wave_spdif.dir/C_/pico/pico-extras/src/rp2_common/pico_audio_spdif/audio_spdif.c.obj
                0x10003afc                audio_spdif_setup
 .text.audio_spdif_connect_extra
                0x10003d10       0xb8 audio/sine_wave/CMakeFiles/sine_wave_spdif.dir/C_/pico/pico-extras/src/rp2_common/pico_audio_spdif/audio_spdif.c.obj
                0x10003d10                audio_spdif_connect_extra
 .text.audio_spdif_connect_thru
                0x10003dc8        0xe audio/sine_wave/CMakeFiles/sine_wave_spdif.dir/C_/pico/pico-extras/src/rp2_common/pico_audio_spdif/audio_spdif.c.obj
                0x10003dc8                audio_spdif_connect_thru
 .text.audio_spdif_connect
                0x10003dd6        0xa audio/sine_wave/CMakeFiles/sine_wave_spdif.dir/C_/pico/pico-extras/src/rp2_common/pico_audio_spdif/audio_spdif.c.obj
                0x10003dd6                audio_spdif_connect
 .text.audio_spdif_set_enabled
                0x10003de0       0x68 audio/sine_wave/CMakeFiles/sine_wave_spdif.dir/C_/pico/pico-extras/src/rp2_common/pico_audio_spdif/audio_spdif.c.obj
                0x10003de0                audio_spdif_set_enabled
 .text._Z27producer_pool_blocking_giveI15MultiChannelFmtI8FmtSPDIFLj2EES0_I6FmtS16Lj1EEEvP16audio_connectionP12audio_buffer
                0x10003e48      0x1c0 audio/sine_wave/CMakeFiles/sine_wave_spdif.dir/C_/pico/pico-extras/src/rp2_common/pico_audio_spdif/sample_encoding.cpp.obj
                0x10003e48                void producer_pool_blocking_give<MultiChannelFmt<FmtSPDIF, 2u>, MultiChannelFmt<FmtS16, 1u> >(audio_connection*, audio_buffer*)
 .text.mono_to_spdif_producer_give
                0x10004008        0x8 audio/sine_wave/CMakeFiles/sine_wave_spdif.dir/C_/pico/pico-extras/src/rp2_common/pico_audio_spdif/sample_encoding.cpp.obj
                0x10004008                mono_to_spdif_producer_give
 .text.dma_channel_claim
                0x10004010       0x18 audio/sine_wave/CMakeFiles/sine_wave_spdif.dir/C_/pico/pico-sdk/src/rp2_common/hardware_dma/dma.c.obj
                0x10004010                dma_channel_claim
 .text.is_gpio_compatible
                0x10004028       0x24 audio/sine_wave/CMakeFiles/sine_wave_spdif.dir/C_/pico/pico-sdk/src/rp2_common/hardware_pio/pio.c.obj
 .text.is_program_gpio_compatible
                0x1000404c        0xa audio/sine_wave/CMakeFiles/sine_wave_spdif.dir/C_/pico/pico-sdk/src/rp2_common/hardware_pio/pio.c.obj
 *fill*         0x10004056        0x2 
 .text.add_program_at_offset_check
                0x10004058       0x54 audio/sine_wave/CMakeFiles/sine_wave_spdif.dir/C_/pico/pico-sdk/src/rp2_common/hardware_pio/pio.c.obj
 .text.add_program_at_offset
                0x100040ac       0x60 audio/sine_wave/CMakeFiles/sine_wave_spdif.dir/C_/pico/pico-sdk/src/rp2_common/hardware_pio/pio.c.obj
 .text.find_offset_for_program
                0x1000410c       0x78 audio/sine_wave/CMakeFiles/sine_wave_spdif.dir/C_/pico/pico-sdk/src/rp2_common/hardware_pio/pio.c.obj
 .text.pio_sm_claim
                0x10004184       0x3c audio/sine_wave/CMakeFiles/sine_wave_spdif.dir/C_/pico/pico-sdk/src/rp2_common/hardware_pio/pio.c.obj
                0x10004184                pio_sm_claim
 .text.pio_add_program
                0x100041c0       0x30 audio/sine_wave/CMakeFiles/sine_wave_spdif.dir/C_/pico/pico-sdk/src/rp2_common/hardware_pio/pio.c.obj
                0x100041c0                pio_add_program
 .text.pio_sm_set_pins
                0x100041f0       0x76 audio/sine_wave/CMakeFiles/sine_wave_spdif.dir/C_/pico/pico-sdk/src/rp2_common/hardware_pio/pio.c.obj
                0x100041f0                pio_sm_set_pins
 .text.pio_sm_set_consecutive_pindirs
                0x10004266       0x9e audio/sine_wave/CMakeFiles/sine_wave_spdif.dir/C_/pico/pico-sdk/src/rp2_common/hardware_pio/pio.c.obj
                0x10004266                pio_sm_set_consecutive_pindirs
 .text.pio_sm_init
                0x10004304       0xda audio/sine_wave/CMakeFiles/sine_wave_spdif.dir/C_/pico/pico-sdk/src/rp2_common/hardware_pio/pio.c.obj
                0x10004304                pio_sm_init
 .text.get_free_audio_buffer
                0x100043de       0x4c audio/sine_wave/CMakeFiles/sine_wave_spdif.dir/C_/pico/pico-extras/src/common/pico_audio/audio.cpp.obj
                0x100043de                get_free_audio_buffer
 .text.producer_pool_take_buffer_default
                0x1000442a        0xa audio/sine_wave/CMakeFiles/sine_wave_spdif.dir/C_/pico/pico-extras/src/common/pico_audio/audio.cpp.obj
                0x1000442a                producer_pool_take_buffer_default
 .text.queue_free_audio_buffer
                0x10004434       0x84 audio/sine_wave/CMakeFiles/sine_wave_spdif.dir/C_/pico/pico-extras/src/common/pico_audio/audio.cpp.obj
                0x10004434                queue_free_audio_buffer
 .text.consumer_pool_give_buffer_default
                0x100044b8        0xa audio/sine_wave/CMakeFiles/sine_wave_spdif.dir/C_/pico/pico-extras/src/common/pico_audio/audio.cpp.obj
                0x100044b8                consumer_pool_give_buffer_default
 *fill*         0x100044c2        0x2 
 .text.get_full_audio_buffer
                0x100044c4       0x74 audio/sine_wave/CMakeFiles/sine_wave_spdif.dir/C_/pico/pico-extras/src/common/pico_audio/audio.cpp.obj
                0x100044c4                get_full_audio_buffer
 .text.consumer_pool_take_buffer_default
                0x10004538        0xa audio/sine_wave/CMakeFiles/sine_wave_spdif.dir/C_/pico/pico-extras/src/common/pico_audio/audio.cpp.obj
                0x10004538                consumer_pool_take_buffer_default
 *fill*         0x10004542        0x2 
 .text.queue_full_audio_buffer
                0x10004544       0xdc audio/sine_wave/CMakeFiles/sine_wave_spdif.dir/C_/pico/pico-extras/src/common/pico_audio/audio.cpp.obj
                0x10004544                queue_full_audio_buffer
 .text.producer_pool_give_buffer_default
                0x10004620        0xa audio/sine_wave/CMakeFiles/sine_wave_spdif.dir/C_/pico/pico-extras/src/common/pico_audio/audio.cpp.obj
                0x10004620                producer_pool_give_buffer_default
 .text.audio_init_buffer
                0x1000462a       0x44 audio/sine_wave/CMakeFiles/sine_wave_spdif.dir/C_/pico/pico-extras/src/common/pico_audio/audio.cpp.obj
                0x1000462a                audio_init_buffer
 *fill*         0x1000466e        0x2 
 .text._Z21audio_new_buffer_poolP19audio_buffer_formatii
                0x10004670       0x90 audio/sine_wave/CMakeFiles/sine_wave_spdif.dir/C_/pico/pico-extras/src/common/pico_audio/audio.cpp.obj
                0x10004670                audio_new_buffer_pool(audio_buffer_format*, int, int)
 .text.audio_new_producer_pool
                0x10004700        0xc audio/sine_wave/CMakeFiles/sine_wave_spdif.dir/C_/pico/pico-extras/src/common/pico_audio/audio.cpp.obj
                0x10004700                audio_new_producer_pool
 .text.audio_new_consumer_pool
                0x1000470c        0xc audio/sine_wave/CMakeFiles/sine_wave_spdif.dir/C_/pico/pico-extras/src/common/pico_audio/audio.cpp.obj
                0x1000470c                audio_new_consumer_pool
 .text.audio_complete_connection
                0x10004718       0x40 audio/sine_wave/CMakeFiles/sine_wave_spdif.dir/C_/pico/pico-extras/src/common/pico_audio/audio.cpp.obj
                0x10004718                audio_complete_connection
 .text.give_audio_buffer
                0x10004758       0x34 audio/sine_wave/CMakeFiles/sine_wave_spdif.dir/C_/pico/pico-extras/src/common/pico_audio/audio.cpp.obj
                0x10004758                give_audio_buffer
 .text.take_audio_buffer
                0x1000478c       0x30 audio/sine_wave/CMakeFiles/sine_wave_spdif.dir/C_/pico/pico-extras/src/common/pico_audio/audio.cpp.obj
                0x1000478c                take_audio_buffer
 .text.calloc   0x100047bc       0x10 c:/progra~2/gnuarm~1/102021~1.10/bin/../lib/gcc/arm-none-eabi/10.3.1/../../../../arm-none-eabi/lib/thumb/v8-m.main+fp/softfp\libg.a(lib_a-calloc.o)
                0x100047bc                calloc
 .text._calloc_r
                0x100047cc       0x6c c:/progra~2/gnuarm~1/102021~1.10/bin/../lib/gcc/arm-none-eabi/10.3.1/../../../../arm-none-eabi/lib/thumb/v8-m.main+fp/softfp\libg.a(lib_a-callocr.o)
                0x100047cc                _calloc_r
 .text.__errno  0x10004838        0xc c:/progra~2/gnuarm~1/102021~1.10/bin/../lib/gcc/arm-none-eabi/10.3.1/../../../../arm-none-eabi/lib/thumb/v8-m.main+fp/softfp\libg.a(lib_a-errno.o)
                0x10004838                __errno
 .text.malloc   0x10004844       0x10 c:/progra~2/gnuarm~1/102021~1.10/bin/../lib/gcc/arm-none-eabi/10.3.1/../../../../arm-none-eabi/lib/thumb/v8-m.main+fp/softfp\libg.a(lib_a-malloc.o)
                0x10004844                malloc
 .text.free     0x10004854       0x10 c:/progra~2/gnuarm~1/102021~1.10/bin/../lib/gcc/arm-none-eabi/10.3.1/../../../../arm-none-eabi/lib/thumb/v8-m.main+fp/softfp\libg.a(lib_a-malloc.o)
                0x10004854                free
 .text._malloc_r
                0x10004864      0x574 c:/progra~2/gnuarm~1/102021~1.10/bin/../lib/gcc/arm-none-eabi/10.3.1/../../../../arm-none-eabi/lib/thumb/v8-m.main+fp/softfp\libg.a(lib_a-mallocr.o)
                0x10004864                _malloc_r
 .text          0x10004dd8       0xec c:/progra~2/gnuarm~1/102021~1.10/bin/../lib/gcc/arm-none-eabi/10.3.1/../../../../arm-none-eabi/lib/thumb/v8-m.main+fp/softfp\libg.a(lib_a-memcpy.o)
                0x10004dd8                memcpy
 .text.memset   0x10004ec4       0xa4 c:/progra~2/gnuarm~1/102021~1.10/bin/../lib/gcc/arm-none-eabi/10.3.1/../../../../arm-none-eabi/lib/thumb/v8-m.main+fp/softfp\libg.a(lib_a-memset.o)
                0x10004ec4                memset
 .text.__malloc_lock
                0x10004f68        0xc c:/progra~2/gnuarm~1/102021~1.10/bin/../lib/gcc/arm-none-eabi/10.3.1/../../../../arm-none-eabi/lib/thumb/v8-m.main+fp/softfp\libg.a(lib_a-mlock.o)
                0x10004f68                __malloc_lock
 .text.__malloc_unlock
                0x10004f74        0xc c:/progra~2/gnuarm~1/102021~1.10/bin/../lib/gcc/arm-none-eabi/10.3.1/../../../../arm-none-eabi/lib/thumb/v8-m.main+fp/softfp\libg.a(lib_a-mlock.o)
                0x10004f74                __malloc_unlock
 .text._sbrk_r  0x10004f80       0x24 c:/progra~2/gnuarm~1/102021~1.10/bin/../lib/gcc/arm-none-eabi/10.3.1/../../../../arm-none-eabi/lib/thumb/v8-m.main+fp/softfp\libg.a(lib_a-sbrkr.o)
                0x10004f80                _sbrk_r
 .text.strlen   0x10004fa4       0x5c c:/progra~2/gnuarm~1/102021~1.10/bin/../lib/gcc/arm-none-eabi/10.3.1/../../../../arm-none-eabi/lib/thumb/v8-m.main+fp/softfp\libg.a(lib_a-strlen-stub.o)
                0x10004fa4                strlen
 .text._malloc_trim_r
                0x10005000       0xa0 c:/progra~2/gnuarm~1/102021~1.10/bin/../lib/gcc/arm-none-eabi/10.3.1/../../../../arm-none-eabi/lib/thumb/v8-m.main+fp/softfp\libg.a(lib_a-freer.o)
                0x10005000                _malloc_trim_r
 .text._free_r  0x100050a0      0x20c c:/progra~2/gnuarm~1/102021~1.10/bin/../lib/gcc/arm-none-eabi/10.3.1/../../../../arm-none-eabi/lib/thumb/v8-m.main+fp/softfp\libg.a(lib_a-freer.o)
                0x100050a0                _free_r
 .text.__retarget_lock_acquire_recursive
                0x100052ac        0x4 c:/progra~2/gnuarm~1/102021~1.10/bin/../lib/gcc/arm-none-eabi/10.3.1/../../../../arm-none-eabi/lib/thumb/v8-m.main+fp/softfp\libg.a(lib_a-lock.o)
                0x100052ac                __retarget_lock_acquire_recursive
 .text.__retarget_lock_release_recursive
                0x100052b0        0x4 c:/progra~2/gnuarm~1/102021~1.10/bin/../lib/gcc/arm-none-eabi/10.3.1/../../../../arm-none-eabi/lib/thumb/v8-m.main+fp/softfp\libg.a(lib_a-lock.o)
                0x100052b0                __retarget_lock_release_recursive
 *(.fini)
 .fini          0x100052b4        0x4 c:/progra~2/gnuarm~1/102021~1.10/bin/../lib/gcc/arm-none-eabi/10.3.1/thumb/v8-m.main+fp/softfp/crti.o
                0x100052b4                _fini
 .fini.__stub   0x100052b8       0x30 linker stubs
 *crtbegin.o(.ctors)
 *crtbegin?.o(.ctors)
 *(EXCLUDE_FILE(*crtend.o *crtend?.o) .ctors)
 *(SORT_BY_NAME(.ctors.*))
 *(.ctors)
 *crtbegin.o(.dtors)
 *crtbegin?.o(.dtors)
 *(EXCLUDE_FILE(*crtend.o *crtend?.o) .dtors)
 *(SORT_BY_NAME(.dtors.*))
 *(.dtors)
                0x100052e8                . = ALIGN (0x4)
                0x100052e8                PROVIDE (__preinit_array_start = .)
 *(SORT_BY_NAME(.preinit_array.*))
 .preinit_array.00050
                0x100052e8        0x4 audio/sine_wave/CMakeFiles/sine_wave_spdif.dir/C_/pico/pico-sdk/src/rp2_common/pico_runtime_init/runtime_init.c.obj
                0x100052e8                __pre_init_runtime_init_bootrom_reset
 .preinit_array.00100
                0x100052ec        0x4 audio/sine_wave/CMakeFiles/sine_wave_spdif.dir/C_/pico/pico-sdk/src/rp2_common/pico_runtime_init/runtime_init.c.obj
                0x100052ec                __pre_init_runtime_init_early_resets
 .preinit_array.00101
                0x100052f0        0x4 audio/sine_wave/CMakeFiles/sine_wave_spdif.dir/C_/pico/pico-sdk/src/rp2_common/pico_runtime_init/runtime_init.c.obj
                0x100052f0                __pre_init_runtime_init_usb_power_down
 .preinit_array.00500
                0x100052f4        0x4 audio/sine_wave/CMakeFiles/sine_wave_spdif.dir/C_/pico/pico-sdk/src/rp2_common/pico_runtime_init/runtime_init.c.obj
                0x100052f4                __pre_init_runtime_init_clocks
 .preinit_array.00600
                0x100052f8        0x4 audio/sine_wave/CMakeFiles/sine_wave_spdif.dir/C_/pico/pico-sdk/src/rp2_common/pico_runtime_init/runtime_init.c.obj
                0x100052f8                __pre_init_runtime_init_post_clock_resets
 .preinit_array.01000
                0x100052fc        0x4 audio/sine_wave/CMakeFiles/sine_wave_spdif.dir/C_/pico/pico-sdk/src/rp2_common/hardware_boot_lock/boot_lock.c.obj
                0x100052fc                __pre_init_runtime_init_boot_locks_reset
 .preinit_array.01000
                0x10005300        0x4 audio/sine_wave/CMakeFiles/sine_wave_spdif.dir/C_/pico/pico-sdk/src/rp2_common/pico_runtime_init/runtime_init.c.obj
                0x10005300                __pre_init_runtime_init_spin_locks_reset
 .preinit_array.01010
                0x10005304        0x4 audio/sine_wave/CMakeFiles/sine_wave_spdif.dir/C_/pico/pico-sdk/src/rp2_common/pico_bootrom/bootrom_lock.c.obj
                0x10005304                __pre_init_runtime_init_bootrom_locking_enable
 .preinit_array.01100
                0x10005308        0x4 audio/sine_wave/CMakeFiles/sine_wave_spdif.dir/C_/pico/pico-sdk/src/common/pico_sync/mutex.c.obj
                0x10005308                __pre_init_runtime_init_mutex
 .preinit_array.10080
                0x1000530c        0x4 audio/sine_wave/CMakeFiles/sine_wave_spdif.dir/C_/pico/pico-sdk/src/rp2_common/pico_runtime_init/runtime_init.c.obj
                0x1000530c                __pre_init_runtime_init_install_ram_vector_table
 .preinit_array.11000
                0x10005310        0x4 audio/sine_wave/CMakeFiles/sine_wave_spdif.dir/C_/pico/pico-sdk/src/common/pico_time/time.c.obj
                0x10005310                __pre_init_runtime_init_default_alarm_pool
 .preinit_array.YYYYY
                0x10005314        0x4 audio/sine_wave/CMakeFiles/sine_wave_spdif.dir/C_/pico/pico-sdk/src/rp2_common/pico_runtime/runtime.c.obj
                0x10005314                __pre_init_first_per_core_initializer
 .preinit_array.ZZZZZ.00051
                0x10005318        0x4 audio/sine_wave/CMakeFiles/sine_wave_spdif.dir/C_/pico/pico-sdk/src/rp2_common/pico_runtime_init/runtime_init.c.obj
                0x10005318                __pre_init_runtime_init_per_core_bootrom_reset
 .preinit_array.ZZZZZ.00200
                0x1000531c        0x4 audio/sine_wave/CMakeFiles/sine_wave_spdif.dir/C_/pico/pico-sdk/src/rp2_common/pico_runtime_init/runtime_init.c.obj
                0x1000531c                __pre_init_runtime_init_per_core_enable_coprocessors
 .preinit_array.ZZZZZ.01000
                0x10005320        0x4 audio/sine_wave/CMakeFiles/sine_wave_spdif.dir/C_/pico/pico-sdk/src/rp2_common/hardware_sync_spin_lock/sync_spin_lock.c.obj
                0x10005320                __pre_init_spinlock_set_extexclall
 .preinit_array.ZZZZZ.01200
                0x10005324        0x4 audio/sine_wave/CMakeFiles/sine_wave_spdif.dir/C_/pico/pico-sdk/src/rp2_common/hardware_irq/irq.c.obj
                0x10005324                __pre_init_runtime_init_per_core_irq_priorities
 *(.preinit_array)
                0x10005328                PROVIDE (__preinit_array_end = .)
                0x10005328                . = ALIGN (0x4)
                0x10005328                PROVIDE (__init_array_start = .)
 *(SORT_BY_NAME(.init_array.*))
 *(.init_array)
 .init_array    0x10005328        0x4 c:/progra~2/gnuarm~1/102021~1.10/bin/../lib/gcc/arm-none-eabi/10.3.1/thumb/v8-m.main+fp/softfp/crtbegin.o
                0x1000532c                PROVIDE (__init_array_end = .)
                0x1000532c                . = ALIGN (0x4)
                [!provide]                PROVIDE (__fini_array_start = .)
 *(SORT_BY_NAME(.fini_array.*))
 *(.fini_array)
                [!provide]                PROVIDE (__fini_array_end = .)
 *(.eh_frame*)
 .eh_frame      0x1000532c        0x0 c:/progra~2/gnuarm~1/102021~1.10/bin/../lib/gcc/arm-none-eabi/10.3.1/thumb/v8-m.main+fp/softfp/crtbegin.o
                0x1000532c                . = ALIGN (0x4)

.glue_7         0x1000532c        0x0
 .glue_7        0x1000532c        0x0 linker stubs

.glue_7t        0x1000532c        0x0
 .glue_7t       0x1000532c        0x0 linker stubs

.vfp11_veneer   0x1000532c        0x0
 .vfp11_veneer  0x1000532c        0x0 linker stubs

.v4_bx          0x1000532c        0x0
 .v4_bx         0x1000532c        0x0 linker stubs

.iplt           0x1000532c        0x0
 .iplt          0x1000532c        0x0 c:/progra~2/gnuarm~1/102021~1.10/bin/../lib/gcc/arm-none-eabi/10.3.1/thumb/v8-m.main+fp/softfp/crtbegin.o

.boot2          0x1000532c        0x0
                0x1000532c                __boot2_start__ = .
 *(.boot2)
                0x1000532c                __boot2_end__ = .
                0x00000001                ASSERT (((__boot2_end__ - __boot2_start__) <= 0x100), ERROR: Pico second stage bootloader must be no more than 256 bytes in size)

.rodata         0x10005330     0x1330
 *(EXCLUDE_FILE(*libm.a: *libc.a:*lib_a-mem*.o *libgcc.a:) .rodata*)
 .rodata.init_audio.str1.4
                0x10005330       0x64 audio/sine_wave/CMakeFiles/sine_wave_spdif.dir/sine_wave.c.obj
 .rodata.main.str1.4
                0x10005394       0x1e audio/sine_wave/CMakeFiles/sine_wave_spdif.dir/sine_wave.c.obj
 *fill*         0x100053b2        0x2 
 .rodata.__func__.0
                0x100053b4        0xb audio/sine_wave/CMakeFiles/sine_wave_spdif.dir/sine_wave.c.obj
 *fill*         0x100053bf        0x1 
 .rodata.panic.str1.4
                0x100053c0       0x10 audio/sine_wave/CMakeFiles/sine_wave_spdif.dir/C_/pico/pico-sdk/src/rp2_common/pico_platform_panic/panic.c.obj
                                 0x12 (size before relaxing)
 .rodata.panic_unsupported.str1.4
                0x100053d0        0xe audio/sine_wave/CMakeFiles/sine_wave_spdif.dir/C_/pico/pico-sdk/src/rp2_common/pico_platform_panic/panic.c.obj
 *fill*         0x100053de        0x2 
 .rodata.spin_lock_init.str1.4
                0x100053e0       0x65 audio/sine_wave/CMakeFiles/sine_wave_spdif.dir/C_/pico/pico-sdk/src/rp2_common/hardware_sync_spin_lock/sync_spin_lock.c.obj
 *fill*         0x10005445        0x3 
 .rodata.__func__.0
                0x10005448        0xf audio/sine_wave/CMakeFiles/sine_wave_spdif.dir/C_/pico/pico-sdk/src/rp2_common/hardware_sync_spin_lock/sync_spin_lock.c.obj
 *fill*         0x10005457        0x1 
 .rodata.make_j_16.str1.4
                0x10005458       0x63 audio/sine_wave/CMakeFiles/sine_wave_spdif.dir/C_/pico/pico-sdk/src/rp2_common/hardware_irq/irq.c.obj
 *fill*         0x100054bb        0x1 
 .rodata.insert_bl_32.str1.4
                0x100054bc       0x10 audio/sine_wave/CMakeFiles/sine_wave_spdif.dir/C_/pico/pico-sdk/src/rp2_common/hardware_irq/irq.c.obj
 .rodata.irq_set_exclusive_handler.str1.4
                0x100054cc       0x36 audio/sine_wave/CMakeFiles/sine_wave_spdif.dir/C_/pico/pico-sdk/src/rp2_common/hardware_irq/irq.c.obj
 *fill*         0x10005502        0x2 
 .rodata.irq_add_shared_handler.str1.4
                0x10005504       0xe9 audio/sine_wave/CMakeFiles/sine_wave_spdif.dir/C_/pico/pico-sdk/src/rp2_common/hardware_irq/irq.c.obj
 *fill*         0x100055ed        0x3 
 .rodata.irq_remove_handler.str1.4
                0x100055f0       0x3a audio/sine_wave/CMakeFiles/sine_wave_spdif.dir/C_/pico/pico-sdk/src/rp2_common/hardware_irq/irq.c.obj
 *fill*         0x1000562a        0x2 
 .rodata.irq_add_tail_to_free_list.str1.4
                0x1000562c       0x3a audio/sine_wave/CMakeFiles/sine_wave_spdif.dir/C_/pico/pico-sdk/src/rp2_common/hardware_irq/irq.c.obj
 *fill*         0x10005666        0x2 
 .rodata.__func__.0
                0x10005668       0x1a audio/sine_wave/CMakeFiles/sine_wave_spdif.dir/C_/pico/pico-sdk/src/rp2_common/hardware_irq/irq.c.obj
 *fill*         0x10005682        0x2 
 .rodata.__func__.1
                0x10005684        0xd audio/sine_wave/CMakeFiles/sine_wave_spdif.dir/C_/pico/pico-sdk/src/rp2_common/hardware_irq/irq.c.obj
 *fill*         0x10005691        0x3 
 .rodata.__func__.2
                0x10005694       0x13 audio/sine_wave/CMakeFiles/sine_wave_spdif.dir/C_/pico/pico-sdk/src/rp2_common/hardware_irq/irq.c.obj
 *fill*         0x100056a7        0x1 
 .rodata.__func__.3
                0x100056a8        0xa audio/sine_wave/CMakeFiles/sine_wave_spdif.dir/C_/pico/pico-sdk/src/rp2_common/hardware_irq/irq.c.obj
 *fill*         0x100056b2        0x2 
 .rodata.__func__.4
                0x100056b4        0xd audio/sine_wave/CMakeFiles/sine_wave_spdif.dir/C_/pico/pico-sdk/src/rp2_common/hardware_irq/irq.c.obj
 *fill*         0x100056c1        0x3 
 .rodata.__func__.5
                0x100056c4       0x17 audio/sine_wave/CMakeFiles/sine_wave_spdif.dir/C_/pico/pico-sdk/src/rp2_common/hardware_irq/irq.c.obj
 *fill*         0x100056db        0x1 
 .rodata.__func__.6
                0x100056dc       0x1a audio/sine_wave/CMakeFiles/sine_wave_spdif.dir/C_/pico/pico-sdk/src/rp2_common/hardware_irq/irq.c.obj
 *fill*         0x100056f6        0x2 
 .rodata.runtime_init_mutex.str1.4
                0x100056f8       0x4e audio/sine_wave/CMakeFiles/sine_wave_spdif.dir/C_/pico/pico-sdk/src/common/pico_sync/mutex.c.obj
 *fill*         0x10005746        0x2 
 .rodata.str1.4
                0x10005748       0x51 audio/sine_wave/CMakeFiles/sine_wave_spdif.dir/C_/pico/pico-sdk/src/common/pico_sync/mutex.c.obj
 *fill*         0x10005799        0x3 
 .rodata.__func__.1
                0x1000579c        0xb audio/sine_wave/CMakeFiles/sine_wave_spdif.dir/C_/pico/pico-sdk/src/common/pico_sync/mutex.c.obj
 *fill*         0x100057a7        0x1 
 .rodata.__func__.3
                0x100057a8       0x18 audio/sine_wave/CMakeFiles/sine_wave_spdif.dir/C_/pico/pico-sdk/src/common/pico_sync/mutex.c.obj
 .rodata.__func__.6
                0x100057c0       0x13 audio/sine_wave/CMakeFiles/sine_wave_spdif.dir/C_/pico/pico-sdk/src/common/pico_sync/mutex.c.obj
 *fill*         0x100057d3        0x1 
 .rodata.alarm_pool_irq_handler.str1.4
                0x100057d4       0x59 audio/sine_wave/CMakeFiles/sine_wave_spdif.dir/C_/pico/pico-sdk/src/common/pico_time/time.c.obj
 *fill*         0x1000582d        0x3 
 .rodata.alarm_pool_get_default.str1.4
                0x10005830       0x21 audio/sine_wave/CMakeFiles/sine_wave_spdif.dir/C_/pico/pico-sdk/src/common/pico_time/time.c.obj
 *fill*         0x10005851        0x3 
 .rodata.__func__.1
                0x10005854       0x17 audio/sine_wave/CMakeFiles/sine_wave_spdif.dir/C_/pico/pico-sdk/src/common/pico_time/time.c.obj
 *fill*         0x1000586b        0x1 
 .rodata.__func__.2
                0x1000586c       0x17 audio/sine_wave/CMakeFiles/sine_wave_spdif.dir/C_/pico/pico-sdk/src/common/pico_time/time.c.obj
 *fill*         0x10005883        0x1 
 .rodata.timer_hardware_alarm_claim.str1.4
                0x10005884       0x22 audio/sine_wave/CMakeFiles/sine_wave_spdif.dir/C_/pico/pico-sdk/src/rp2_common/hardware_timer/timer.c.obj
 *fill*         0x100058a6        0x2 
 .rodata.pll_init.str1.4
                0x100058a8      0x108 audio/sine_wave/CMakeFiles/sine_wave_spdif.dir/C_/pico/pico-sdk/src/rp2_common/hardware_pll/pll.c.obj
 .rodata.__func__.0
                0x100059b0        0x9 audio/sine_wave/CMakeFiles/sine_wave_spdif.dir/C_/pico/pico-sdk/src/rp2_common/hardware_pll/pll.c.obj
 *fill*         0x100059b9        0x3 
 .rodata.__wrap_malloc.str1.4
                0x100059bc        0xe audio/sine_wave/CMakeFiles/sine_wave_spdif.dir/C_/pico/pico-sdk/src/rp2_common/pico_malloc/malloc.c.obj
 *fill*         0x100059ca        0x2 
 .rodata.str1.4
                0x100059cc       0x44 audio/sine_wave/CMakeFiles/sine_wave_spdif.dir/C_/pico/pico-sdk/src/rp2_common/pico_standard_binary_info/standard_binary_info.c.obj
 .rodata.__bi_26
                0x10005a10        0xc audio/sine_wave/CMakeFiles/sine_wave_spdif.dir/C_/pico/pico-sdk/src/rp2_common/pico_standard_binary_info/standard_binary_info.c.obj
 .rodata.__bi_34
                0x10005a1c        0xc audio/sine_wave/CMakeFiles/sine_wave_spdif.dir/C_/pico/pico-sdk/src/rp2_common/pico_standard_binary_info/standard_binary_info.c.obj
 .rodata.__bi_42
                0x10005a28        0xc audio/sine_wave/CMakeFiles/sine_wave_spdif.dir/C_/pico/pico-sdk/src/rp2_common/pico_standard_binary_info/standard_binary_info.c.obj
 .rodata.__bi_48
                0x10005a34        0xc audio/sine_wave/CMakeFiles/sine_wave_spdif.dir/C_/pico/pico-sdk/src/rp2_common/pico_standard_binary_info/standard_binary_info.c.obj
 .rodata.__bi_54
                0x10005a40        0xc audio/sine_wave/CMakeFiles/sine_wave_spdif.dir/C_/pico/pico-sdk/src/rp2_common/pico_standard_binary_info/standard_binary_info.c.obj
 .rodata.__bi_78
                0x10005a4c        0xc audio/sine_wave/CMakeFiles/sine_wave_spdif.dir/C_/pico/pico-sdk/src/rp2_common/pico_standard_binary_info/standard_binary_info.c.obj
 .rodata.__bi_84
                0x10005a58        0xc audio/sine_wave/CMakeFiles/sine_wave_spdif.dir/C_/pico/pico-sdk/src/rp2_common/pico_standard_binary_info/standard_binary_info.c.obj
 .rodata._ftoa.str1.4
                0x10005a64       0x15 audio/sine_wave/CMakeFiles/sine_wave_spdif.dir/C_/pico/pico-sdk/src/rp2_common/pico_printf/printf.c.obj
 *fill*         0x10005a79        0x7 
 .rodata.pow10.0
                0x10005a80       0x50 audio/sine_wave/CMakeFiles/sine_wave_spdif.dir/C_/pico/pico-sdk/src/rp2_common/pico_printf/printf.c.obj
 .rodata.__assert_func.str1.4
                0x10005ad0       0x3f audio/sine_wave/CMakeFiles/sine_wave_spdif.dir/C_/pico/pico-sdk/src/rp2_common/pico_clib_interface/newlib_interface.c.obj
                                 0x43 (size before relaxing)
 *fill*         0x10005b0f        0x1 
 .rodata.stdio_getchar_timeout_us.str1.4
                0x10005b10       0x37 audio/sine_wave/CMakeFiles/sine_wave_spdif.dir/C_/pico/pico-sdk/src/rp2_common/pico_stdio/stdio.c.obj
 *fill*         0x10005b47        0x1 
 .rodata.__func__.1
                0x10005b48       0x19 audio/sine_wave/CMakeFiles/sine_wave_spdif.dir/C_/pico/pico-sdk/src/rp2_common/pico_stdio/stdio.c.obj
 *fill*         0x10005b61        0x3 
 .rodata.crlf_str.0
                0x10005b64        0x2 audio/sine_wave/CMakeFiles/sine_wave_spdif.dir/C_/pico/pico-sdk/src/rp2_common/pico_stdio/stdio.c.obj
 *fill*         0x10005b66        0x2 
 .rodata.str1.4
                0x10005b68       0x2c audio/sine_wave/CMakeFiles/sine_wave_spdif.dir/C_/pico/pico-sdk/src/rp2_common/pico_stdio_uart/stdio_uart.c.obj
 .rodata.__bi_45.4
                0x10005b94        0xc audio/sine_wave/CMakeFiles/sine_wave_spdif.dir/C_/pico/pico-sdk/src/rp2_common/pico_stdio_uart/stdio_uart.c.obj
 .rodata.__bi_49.5
                0x10005ba0        0x8 audio/sine_wave/CMakeFiles/sine_wave_spdif.dir/C_/pico/pico-sdk/src/rp2_common/pico_stdio_uart/stdio_uart.c.obj
 .rodata.__bi_50.6
                0x10005ba8        0x8 audio/sine_wave/CMakeFiles/sine_wave_spdif.dir/C_/pico/pico-sdk/src/rp2_common/pico_stdio_uart/stdio_uart.c.obj
 .rodata.init_spdif_buffer.str1.4
                0x10005bb0       0x82 audio/sine_wave/CMakeFiles/sine_wave_spdif.dir/C_/pico/pico-extras/src/rp2_common/pico_audio_spdif/audio_spdif.c.obj
 *fill*         0x10005c32        0x2 
 .rodata.audio_start_dma_transfer.str1.4
                0x10005c34       0xd2 audio/sine_wave/CMakeFiles/sine_wave_spdif.dir/C_/pico/pico-extras/src/rp2_common/pico_audio_spdif/audio_spdif.c.obj
 *fill*         0x10005d06        0x2 
 .rodata.update_pio_frequency.str1.4
                0x10005d08       0x84 audio/sine_wave/CMakeFiles/sine_wave_spdif.dir/C_/pico/pico-extras/src/rp2_common/pico_audio_spdif/audio_spdif.c.obj
 .rodata.audio_spdif_setup.str1.4
                0x10005d8c       0x77 audio/sine_wave/CMakeFiles/sine_wave_spdif.dir/C_/pico/pico-extras/src/rp2_common/pico_audio_spdif/audio_spdif.c.obj
 *fill*         0x10005e03        0x1 
 .rodata.audio_spdif_connect_extra.str1.4
                0x10005e04       0x98 audio/sine_wave/CMakeFiles/sine_wave_spdif.dir/C_/pico/pico-extras/src/rp2_common/pico_audio_spdif/audio_spdif.c.obj
 .rodata.audio_spdif_set_enabled.str1.4
                0x10005e9c       0x29 audio/sine_wave/CMakeFiles/sine_wave_spdif.dir/C_/pico/pico-extras/src/rp2_common/pico_audio_spdif/audio_spdif.c.obj
 *fill*         0x10005ec5        0x3 
 .rodata.__func__.0
                0x10005ec8       0x15 audio/sine_wave/CMakeFiles/sine_wave_spdif.dir/C_/pico/pico-extras/src/rp2_common/pico_audio_spdif/audio_spdif.c.obj
 *fill*         0x10005edd        0x3 
 .rodata.__func__.1
                0x10005ee0       0x1a audio/sine_wave/CMakeFiles/sine_wave_spdif.dir/C_/pico/pico-extras/src/rp2_common/pico_audio_spdif/audio_spdif.c.obj
 *fill*         0x10005efa        0x2 
 .rodata.__func__.2
                0x10005efc       0x18 audio/sine_wave/CMakeFiles/sine_wave_spdif.dir/C_/pico/pico-extras/src/rp2_common/pico_audio_spdif/audio_spdif.c.obj
 .rodata.__func__.5
                0x10005f14       0x1c audio/sine_wave/CMakeFiles/sine_wave_spdif.dir/C_/pico/pico-extras/src/rp2_common/pico_audio_spdif/audio_spdif.c.obj
 .rodata.__func__.6
                0x10005f30       0x12 audio/sine_wave/CMakeFiles/sine_wave_spdif.dir/C_/pico/pico-extras/src/rp2_common/pico_audio_spdif/audio_spdif.c.obj
 *fill*         0x10005f42        0x2 
 .rodata.__func__.7
                0x10005f44       0x19 audio/sine_wave/CMakeFiles/sine_wave_spdif.dir/C_/pico/pico-extras/src/rp2_common/pico_audio_spdif/audio_spdif.c.obj
 *fill*         0x10005f5d        0x3 
 .rodata.audio_spdif_default_config
                0x10005f60        0x3 audio/sine_wave/CMakeFiles/sine_wave_spdif.dir/C_/pico/pico-extras/src/rp2_common/pico_audio_spdif/audio_spdif.c.obj
                0x10005f60                audio_spdif_default_config
 *fill*         0x10005f63        0x1 
 .rodata.audio_spdif_program
                0x10005f64        0x8 audio/sine_wave/CMakeFiles/sine_wave_spdif.dir/C_/pico/pico-extras/src/rp2_common/pico_audio_spdif/audio_spdif.c.obj
 .rodata.audio_spdif_program_instructions
                0x10005f6c        0x8 audio/sine_wave/CMakeFiles/sine_wave_spdif.dir/C_/pico/pico-extras/src/rp2_common/pico_audio_spdif/audio_spdif.c.obj
 .rodata._Z27producer_pool_blocking_giveI15MultiChannelFmtI8FmtSPDIFLj2EES0_I6FmtS16Lj2EEEvP16audio_connectionP12audio_buffer.str1.4
                0x10005f74      0x1c0 audio/sine_wave/CMakeFiles/sine_wave_spdif.dir/C_/pico/pico-extras/src/rp2_common/pico_audio_spdif/sample_encoding.cpp.obj
 .rodata._Z27producer_pool_blocking_giveI15MultiChannelFmtI8FmtSPDIFLj2EES0_I6FmtS16Lj1EEEvP16audio_connectionP12audio_buffer.str1.4
                0x10006134       0xdf audio/sine_wave/CMakeFiles/sine_wave_spdif.dir/C_/pico/pico-extras/src/rp2_common/pico_audio_spdif/sample_encoding.cpp.obj
 *fill*         0x10006213        0x1 
 .rodata.dma_channel_claim.str1.4
                0x10006214       0x22 audio/sine_wave/CMakeFiles/sine_wave_spdif.dir/C_/pico/pico-sdk/src/rp2_common/hardware_dma/dma.c.obj
 *fill*         0x10006236        0x2 
 .rodata.find_offset_for_program.str1.4
                0x10006238       0x5f audio/sine_wave/CMakeFiles/sine_wave_spdif.dir/C_/pico/pico-sdk/src/rp2_common/hardware_pio/pio.c.obj
 *fill*         0x10006297        0x1 
 .rodata.pio_sm_claim.str1.4
                0x10006298       0x62 audio/sine_wave/CMakeFiles/sine_wave_spdif.dir/C_/pico/pico-sdk/src/rp2_common/hardware_pio/pio.c.obj
 *fill*         0x100062fa        0x2 
 .rodata.__func__.1
                0x100062fc       0x18 audio/sine_wave/CMakeFiles/sine_wave_spdif.dir/C_/pico/pico-sdk/src/rp2_common/hardware_pio/pio.c.obj
 .rodata.queue_free_audio_buffer.str1.4
                0x10006314       0xdd audio/sine_wave/CMakeFiles/sine_wave_spdif.dir/C_/pico/pico-extras/src/common/pico_audio/audio.cpp.obj
 *fill*         0x100063f1        0x3 
 .rodata.get_full_audio_buffer.str1.4
                0x100063f4       0x5f audio/sine_wave/CMakeFiles/sine_wave_spdif.dir/C_/pico/pico-extras/src/common/pico_audio/audio.cpp.obj
 *fill*         0x10006453        0x1 
 .rodata.queue_full_audio_buffer.str1.4
                0x10006454       0xac audio/sine_wave/CMakeFiles/sine_wave_spdif.dir/C_/pico/pico-extras/src/common/pico_audio/audio.cpp.obj
 .rodata.audio_complete_connection.str1.4
                0x10006500       0xce audio/sine_wave/CMakeFiles/sine_wave_spdif.dir/C_/pico/pico-extras/src/common/pico_audio/audio.cpp.obj
 *fill*         0x100065ce        0x2 
 .rodata.give_audio_buffer.str1.4
                0x100065d0       0x4e audio/sine_wave/CMakeFiles/sine_wave_spdif.dir/C_/pico/pico-extras/src/common/pico_audio/audio.cpp.obj
 *fill*         0x1000661e        0x2 
 .rodata.take_audio_buffer.str1.4
                0x10006620       0x3e audio/sine_wave/CMakeFiles/sine_wave_spdif.dir/C_/pico/pico-extras/src/common/pico_audio/audio.cpp.obj
 *(.srodata*)
                0x10006660                . = ALIGN (0x4)
 *fill*         0x1000665e        0x2 
 *(SORT_BY_ALIGNMENT(SORT_BY_NAME(.flashdata*)))
                0x10006660                . = ALIGN (0x4)

.ARM.extab
 *(.ARM.extab* .gnu.linkonce.armextab.*)
                0x10006660                __exidx_start = .

.ARM.exidx      0x10006660        0x8
 *(.ARM.exidx* .gnu.linkonce.armexidx.*)
 .ARM.exidx     0x10006660        0x8 c:/progra~2/gnuarm~1/102021~1.10/bin/../lib/gcc/arm-none-eabi/10.3.1/thumb/v8-m.main+fp/softfp\libgcc.a(_udivmoddi4.o)
                0x10006668                __exidx_end = .
                0x10006668                . = ALIGN (0x4)
                0x10006668                __binary_info_start = .

.binary_info    0x10006668       0x28
 *(.binary_info.keep.*)
 .binary_info.keep.__bi_ptr26
                0x10006668        0x4 audio/sine_wave/CMakeFiles/sine_wave_spdif.dir/C_/pico/pico-sdk/src/rp2_common/pico_standard_binary_info/standard_binary_info.c.obj
 .binary_info.keep.__bi_ptr34
                0x1000666c        0x4 audio/sine_wave/CMakeFiles/sine_wave_spdif.dir/C_/pico/pico-sdk/src/rp2_common/pico_standard_binary_info/standard_binary_info.c.obj
 .binary_info.keep.__bi_ptr42
                0x10006670        0x4 audio/sine_wave/CMakeFiles/sine_wave_spdif.dir/C_/pico/pico-sdk/src/rp2_common/pico_standard_binary_info/standard_binary_info.c.obj
 .binary_info.keep.__bi_ptr48
                0x10006674        0x4 audio/sine_wave/CMakeFiles/sine_wave_spdif.dir/C_/pico/pico-sdk/src/rp2_common/pico_standard_binary_info/standard_binary_info.c.obj
 .binary_info.keep.__bi_ptr54
                0x10006678        0x4 audio/sine_wave/CMakeFiles/sine_wave_spdif.dir/C_/pico/pico-sdk/src/rp2_common/pico_standard_binary_info/standard_binary_info.c.obj
 .binary_info.keep.__bi_ptr78
                0x1000667c        0x4 audio/sine_wave/CMakeFiles/sine_wave_spdif.dir/C_/pico/pico-sdk/src/rp2_common/pico_standard_binary_info/standard_binary_info.c.obj
 .binary_info.keep.__bi_ptr84
                0x10006680        0x4 audio/sine_wave/CMakeFiles/sine_wave_spdif.dir/C_/pico/pico-sdk/src/rp2_common/pico_standard_binary_info/standard_binary_info.c.obj
 *(.binary_info.*)
 .binary_info.__bi_ptr45
                0x10006684        0x4 audio/sine_wave/CMakeFiles/sine_wave_spdif.dir/C_/pico/pico-sdk/src/rp2_common/pico_stdio_uart/stdio_uart.c.obj
 .binary_info.__bi_ptr49
                0x10006688        0x4 audio/sine_wave/CMakeFiles/sine_wave_spdif.dir/C_/pico/pico-sdk/src/rp2_common/pico_stdio_uart/stdio_uart.c.obj
 .binary_info.__bi_ptr50
                0x1000668c        0x4 audio/sine_wave/CMakeFiles/sine_wave_spdif.dir/C_/pico/pico-sdk/src/rp2_common/pico_stdio_uart/stdio_uart.c.obj
                0x10006690                __binary_info_end = .
                0x10006690                . = ALIGN (0x4)

.ram_vector_table
                0x20000000      0x110
 *(.ram_vector_table)
 .ram_vector_table
                0x20000000      0x110 audio/sine_wave/CMakeFiles/sine_wave_spdif.dir/C_/pico/pico-sdk/src/rp2_common/pico_runtime_init/runtime_init.c.obj
                0x20000000                ram_vector_table

.uninitialized_data
                0x20000110        0x0
                0x20000110                . = ALIGN (0x4)
 *(.uninitialized_data*)

.data           0x20000110      0xe30 load address 0x10006690
                0x20000110                __data_start__ = .
 *(vtable)
 *(.time_critical*)
 .time_critical.mutex_try_enter
                0x20000110       0x56 audio/sine_wave/CMakeFiles/sine_wave_spdif.dir/C_/pico/pico-sdk/src/common/pico_sync/mutex.c.obj
                0x20000110                mutex_try_enter
 *fill*         0x20000166        0x2 
 .time_critical.mutex_enter_block_until
                0x20000168       0x84 audio/sine_wave/CMakeFiles/sine_wave_spdif.dir/C_/pico/pico-sdk/src/common/pico_sync/mutex.c.obj
                0x20000168                mutex_enter_block_until
 .time_critical.mutex_try_enter_block_until
                0x200001ec       0x32 audio/sine_wave/CMakeFiles/sine_wave_spdif.dir/C_/pico/pico-sdk/src/common/pico_sync/mutex.c.obj
                0x200001ec                mutex_try_enter_block_until
 *fill*         0x2000021e        0x2 
 .time_critical.mutex_exit
                0x20000220       0x58 audio/sine_wave/CMakeFiles/sine_wave_spdif.dir/C_/pico/pico-sdk/src/common/pico_sync/mutex.c.obj
                0x20000220                mutex_exit
 .time_critical.audio_spdif_dma_irq_handler
                0x20000278       0x40 audio/sine_wave/CMakeFiles/sine_wave_spdif.dir/C_/pico/pico-extras/src/rp2_common/pico_audio_spdif/audio_spdif.c.obj
 *(.text*)
 .text          0x200002b8       0x30 c:/progra~2/gnuarm~1/102021~1.10/bin/../lib/gcc/arm-none-eabi/10.3.1/thumb/v8-m.main+fp/softfp\libgcc.a(_aeabi_uldivmod.o)
                0x200002b8                __aeabi_uldivmod
 .text          0x200002e8      0x2ec c:/progra~2/gnuarm~1/102021~1.10/bin/../lib/gcc/arm-none-eabi/10.3.1/thumb/v8-m.main+fp/softfp\libgcc.a(_udivmoddi4.o)
                0x200002e8                __udivmoddi4
 .text          0x200005d4        0x4 c:/progra~2/gnuarm~1/102021~1.10/bin/../lib/gcc/arm-none-eabi/10.3.1/thumb/v8-m.main+fp/softfp\libgcc.a(_dvmd_tls.o)
                0x200005d4                __aeabi_idiv0
                0x200005d4                __aeabi_ldiv0
 .text.__stub   0x200005d8       0x40 linker stubs
                0x20000618                . = ALIGN (0x4)
 *(.rodata*)
                0x20000618                . = ALIGN (0x4)
 *(.data*)
 .data.audio_format.1
                0x20000618        0x8 audio/sine_wave/CMakeFiles/sine_wave_spdif.dir/sine_wave.c.obj
 .data.producer_format.2
                0x20000620        0x8 audio/sine_wave/CMakeFiles/sine_wave_spdif.dir/sine_wave.c.obj
 .data.striped_spin_lock_num
                0x20000628        0x1 audio/sine_wave/CMakeFiles/sine_wave_spdif.dir/C_/pico/pico-sdk/src/rp2_common/hardware_sync/sync.c.obj
 *fill*         0x20000629        0x3 
 .data          0x2000062c       0x48 audio/sine_wave/CMakeFiles/sine_wave_spdif.dir/C_/pico/pico-sdk/src/rp2_common/hardware_irq/irq_handler_chain.S.obj
                0x2000062c                irq_handler_chain_slots
                0x2000065c                irq_handler_chain_first_slot
                0x20000666                irq_handler_chain_remove_tail
 .data.default_alarm_pool
                0x20000674       0x18 audio/sine_wave/CMakeFiles/sine_wave_spdif.dir/C_/pico/pico-sdk/src/common/pico_time/time.c.obj
 .data.stdio_uart
                0x2000068c       0x18 audio/sine_wave/CMakeFiles/sine_wave_spdif.dir/C_/pico/pico-sdk/src/rp2_common/pico_stdio_uart/stdio_uart.c.obj
                0x2000068c                stdio_uart
 .data.m2s_audio_spdif_connection
                0x200006a4       0x20 audio/sine_wave/CMakeFiles/sine_wave_spdif.dir/C_/pico/pico-extras/src/rp2_common/pico_audio_spdif/audio_spdif.c.obj
 .data.pio_spdif_consumer_buffer_format
                0x200006c4        0x8 audio/sine_wave/CMakeFiles/sine_wave_spdif.dir/C_/pico/pico-extras/src/rp2_common/pico_audio_spdif/audio_spdif.c.obj
                0x200006c4                pio_spdif_consumer_buffer_format
 .data.silence_buffer
                0x200006cc       0x18 audio/sine_wave/CMakeFiles/sine_wave_spdif.dir/C_/pico/pico-extras/src/rp2_common/pico_audio_spdif/audio_spdif.c.obj
 .data._ZL18connection_default
                0x200006e4       0x18 audio/sine_wave/CMakeFiles/sine_wave_spdif.dir/C_/pico/pico-extras/src/common/pico_audio/audio.cpp.obj
 .data._impure_ptr
                0x200006fc        0x4 c:/progra~2/gnuarm~1/102021~1.10/bin/../lib/gcc/arm-none-eabi/10.3.1/../../../../arm-none-eabi/lib/thumb/v8-m.main+fp/softfp\libg.a(lib_a-impure.o)
                0x200006fc                _impure_ptr
 .data.impure_data
                0x20000700      0x428 c:/progra~2/gnuarm~1/102021~1.10/bin/../lib/gcc/arm-none-eabi/10.3.1/../../../../arm-none-eabi/lib/thumb/v8-m.main+fp/softfp\libg.a(lib_a-impure.o)
 .data.__malloc_av_
                0x20000b28      0x408 c:/progra~2/gnuarm~1/102021~1.10/bin/../lib/gcc/arm-none-eabi/10.3.1/../../../../arm-none-eabi/lib/thumb/v8-m.main+fp/softfp\libg.a(lib_a-mallocr.o)
                0x20000b28                __malloc_av_
 .data.__malloc_sbrk_base
                0x20000f30        0x4 c:/progra~2/gnuarm~1/102021~1.10/bin/../lib/gcc/arm-none-eabi/10.3.1/../../../../arm-none-eabi/lib/thumb/v8-m.main+fp/softfp\libg.a(lib_a-mallocr.o)
                0x20000f30                __malloc_sbrk_base
 .data.__malloc_trim_threshold
                0x20000f34        0x4 c:/progra~2/gnuarm~1/102021~1.10/bin/../lib/gcc/arm-none-eabi/10.3.1/../../../../arm-none-eabi/lib/thumb/v8-m.main+fp/softfp\libg.a(lib_a-mallocr.o)
                0x20000f34                __malloc_trim_threshold
 *(.sdata*)
                0x20000f38                . = ALIGN (0x4)
 *(.after_data.*)
                0x20000f38                . = ALIGN (0x4)
                0x20000f38                PROVIDE (__mutex_array_start = .)
 *(SORT_BY_NAME(.mutex_array.*))
 *(.mutex_array)
 .mutex_array   0x20000f38        0x8 audio/sine_wave/CMakeFiles/sine_wave_spdif.dir/C_/pico/pico-sdk/src/rp2_common/pico_stdio/stdio.c.obj
                0x20000f40                PROVIDE (__mutex_array_end = .)
 *(.jcr)
                0x20000f40                . = ALIGN (0x4)

.igot.plt       0x20000f40        0x0 load address 0x100074c0
 .igot.plt      0x20000f40        0x0 c:/progra~2/gnuarm~1/102021~1.10/bin/../lib/gcc/arm-none-eabi/10.3.1/thumb/v8-m.main+fp/softfp/crtbegin.o

.tdata          0x20000f40        0x0 load address 0x100074c0
                0x20000f40                . = ALIGN (0x4)
 *(.tdata .tdata.* .gnu.linkonce.td.*)
                0x20000f40                __tdata_end = .
                0x20000f40                PROVIDE (__data_end__ = .)
                0x10006690                __etext = LOADADDR (.data)

.tbss           0x20000f40        0x0 load address 0x100074c0
                0x20000f40                . = ALIGN (0x4)
                0x20000f40                __bss_start__ = .
                0x20000f40                __tls_base = .
 *(.tbss .tbss.* .gnu.linkonce.tb.*)
 *(.tcommon)
                0x20000f40                __tls_end = .

.bss            0x20000f40     0x1690 load address 0x100074c0
                0x20000f40                . = ALIGN (0x4)
                0x20000f40                __tbss_end = .
 *(SORT_BY_ALIGNMENT(SORT_BY_NAME(.bss*)))
 .bss.default_alarm_pool_entries
                0x20000f40      0x180 audio/sine_wave/CMakeFiles/sine_wave_spdif.dir/C_/pico/pico-sdk/src/common/pico_time/time.c.obj
 .bss           0x200010c0       0x1c c:/progra~2/gnuarm~1/102021~1.10/bin/../lib/gcc/arm-none-eabi/10.3.1/thumb/v8-m.main+fp/softfp/crtbegin.o
 .bss.__lock___malloc_recursive_mutex
                0x200010dc        0x1 c:/progra~2/gnuarm~1/102021~1.10/bin/../lib/gcc/arm-none-eabi/10.3.1/../../../../arm-none-eabi/lib/thumb/v8-m.main+fp/softfp\libg.a(lib_a-lock.o)
                0x200010dc                __lock___malloc_recursive_mutex
 *fill*         0x200010dd        0x3 
 .bss.__malloc_current_mallinfo
                0x200010e0       0x28 c:/progra~2/gnuarm~1/102021~1.10/bin/../lib/gcc/arm-none-eabi/10.3.1/../../../../arm-none-eabi/lib/thumb/v8-m.main+fp/softfp\libg.a(lib_a-mallocr.o)
                0x200010e0                __malloc_current_mallinfo
 .bss.__malloc_max_sbrked_mem
                0x20001108        0x4 c:/progra~2/gnuarm~1/102021~1.10/bin/../lib/gcc/arm-none-eabi/10.3.1/../../../../arm-none-eabi/lib/thumb/v8-m.main+fp/softfp\libg.a(lib_a-mallocr.o)
                0x20001108                __malloc_max_sbrked_mem
 .bss.__malloc_max_total_mem
                0x2000110c        0x4 c:/progra~2/gnuarm~1/102021~1.10/bin/../lib/gcc/arm-none-eabi/10.3.1/../../../../arm-none-eabi/lib/thumb/v8-m.main+fp/softfp\libg.a(lib_a-mallocr.o)
                0x2000110c                __malloc_max_total_mem
 .bss.__malloc_top_pad
                0x20001110        0x4 c:/progra~2/gnuarm~1/102021~1.10/bin/../lib/gcc/arm-none-eabi/10.3.1/../../../../arm-none-eabi/lib/thumb/v8-m.main+fp/softfp\libg.a(lib_a-mallocr.o)
                0x20001110                __malloc_top_pad
 .bss._sw_spin_locks
                0x20001114       0x20 audio/sine_wave/CMakeFiles/sine_wave_spdif.dir/C_/pico/pico-sdk/src/rp2_common/hardware_sync_spin_lock/sync_spin_lock.c.obj
                0x20001114                _sw_spin_locks
 .bss._used_instruction_space
                0x20001134        0xc audio/sine_wave/CMakeFiles/sine_wave_spdif.dir/C_/pico/pico-sdk/src/rp2_common/hardware_pio/pio.c.obj
 .bss.audio_spdif_consumer
                0x20001140        0x4 audio/sine_wave/CMakeFiles/sine_wave_spdif.dir/C_/pico/pico-extras/src/rp2_common/pico_audio_spdif/audio_spdif.c.obj
 .bss.chars_available_callback
                0x20001144        0x4 audio/sine_wave/CMakeFiles/sine_wave_spdif.dir/C_/pico/pico-sdk/src/rp2_common/pico_stdio_uart/stdio_uart.c.obj
 .bss.chars_available_param
                0x20001148        0x4 audio/sine_wave/CMakeFiles/sine_wave_spdif.dir/C_/pico/pico-sdk/src/rp2_common/pico_stdio_uart/stdio_uart.c.obj
 .bss.claimed   0x2000114c        0x2 audio/sine_wave/CMakeFiles/sine_wave_spdif.dir/C_/pico/pico-sdk/src/rp2_common/hardware_timer/timer.c.obj
 *fill*         0x2000114e        0x2 
 .bss.claimed   0x20001150        0x2 audio/sine_wave/CMakeFiles/sine_wave_spdif.dir/C_/pico/pico-sdk/src/rp2_common/hardware_pio/pio.c.obj
 *fill*         0x20001152        0x2 
 .bss.configured_freq
                0x20001154       0x28 audio/sine_wave/CMakeFiles/sine_wave_spdif.dir/C_/pico/pico-sdk/src/rp2_common/hardware_clocks/clocks.c.obj
 .bss.drivers   0x2000117c        0x4 audio/sine_wave/CMakeFiles/sine_wave_spdif.dir/C_/pico/pico-sdk/src/rp2_common/pico_stdio/stdio.c.obj
 .bss.errno     0x20001180        0x4 c:/progra~2/gnuarm~1/102021~1.10/bin/../lib/gcc/arm-none-eabi/10.3.1/../../../../arm-none-eabi/lib/thumb/v8-m.main+fp/softfp\libg.a(lib_a-reent.o)
                0x20001180                errno
 .bss.filter    0x20001184        0x4 audio/sine_wave/CMakeFiles/sine_wave_spdif.dir/C_/pico/pico-sdk/src/rp2_common/pico_stdio/stdio.c.obj
 .bss.heap_end.0
                0x20001188        0x4 audio/sine_wave/CMakeFiles/sine_wave_spdif.dir/C_/pico/pico-sdk/src/rp2_common/pico_clib_interface/newlib_interface.c.obj
 .bss.pio_spdif_consumer_format
                0x2000118c        0x8 audio/sine_wave/CMakeFiles/sine_wave_spdif.dir/C_/pico/pico-extras/src/rp2_common/pico_audio_spdif/audio_spdif.c.obj
 .bss.pools     0x20001194       0x20 audio/sine_wave/CMakeFiles/sine_wave_spdif.dir/C_/pico/pico-sdk/src/common/pico_time/time.c.obj
 .bss.shared_state
                0x200011b4        0xc audio/sine_wave/CMakeFiles/sine_wave_spdif.dir/C_/pico/pico-extras/src/rp2_common/pico_audio_spdif/audio_spdif.c.obj
                0x200011b4                shared_state
 .bss.sine_wave_table
                0x200011c0     0x1000 audio/sine_wave/CMakeFiles/sine_wave_spdif.dir/sine_wave.c.obj
 .bss.sleep_notifier
                0x200021c0        0x4 audio/sine_wave/CMakeFiles/sine_wave_spdif.dir/C_/pico/pico-sdk/src/common/pico_time/time.c.obj
 .bss.spdif_lookup
                0x200021c4      0x400 audio/sine_wave/CMakeFiles/sine_wave_spdif.dir/C_/pico/pico-extras/src/rp2_common/pico_audio_spdif/audio_spdif.c.obj
                0x200021c4                spdif_lookup
 .bss.uart_char_to_line_feed
                0x200025c4        0x4 audio/sine_wave/CMakeFiles/sine_wave_spdif.dir/C_/pico/pico-sdk/src/rp2_common/hardware_uart/uart.c.obj
                0x200025c4                uart_char_to_line_feed
 .bss.uart_instance
                0x200025c8        0x4 audio/sine_wave/CMakeFiles/sine_wave_spdif.dir/C_/pico/pico-sdk/src/rp2_common/pico_stdio_uart/stdio_uart.c.obj
 .bss._claimed  0x200025cc        0x2 audio/sine_wave/CMakeFiles/sine_wave_spdif.dir/C_/pico/pico-sdk/src/rp2_common/hardware_dma/dma.c.obj
 .bss.audio_enabled
                0x200025ce        0x1 audio/sine_wave/CMakeFiles/sine_wave_spdif.dir/C_/pico/pico-extras/src/rp2_common/pico_audio_spdif/audio_spdif.c.obj
 .bss.irq_handler_chain_free_slot_head
                0x200025cf        0x1 audio/sine_wave/CMakeFiles/sine_wave_spdif.dir/C_/pico/pico-sdk/src/rp2_common/hardware_irq/irq.c.obj
 *(COMMON)
                [!provide]                PROVIDE (__global_pointer$ = (. + 0x800))
 *(.sbss*)
                0x200025d0                . = ALIGN (0x4)
                0x200025d0                __bss_end__ = .

.heap           0x200025d0      0x800 load address 0x100074c0
                0x200025d0                __end__ = .
                0x200025d0                end = __end__
 *(.heap*)
 .heap          0x200025d0      0x800 audio/sine_wave/CMakeFiles/sine_wave_spdif.dir/C_/pico/pico-sdk/src/rp2_common/pico_crt0/crt0.S.obj
                0x20080000                __HeapLimit = (ORIGIN (RAM) + LENGTH (RAM))

.scratch_x      0x20080000        0x0 load address 0x100074c0
                0x20080000                __scratch_x_start__ = .
 *(.scratch_x.*)
                0x20080000                . = ALIGN (0x4)
                0x20080000                __scratch_x_end__ = .
                0x100074c0                __scratch_x_source__ = LOADADDR (.scratch_x)

.scratch_y      0x20081000        0x0 load address 0x100074c0
                0x20081000                __scratch_y_start__ = .
 *(.scratch_y.*)
                0x20081000                . = ALIGN (0x4)
                0x20081000                __scratch_y_end__ = .
                0x100074c0                __scratch_y_source__ = LOADADDR (.scratch_y)

.stack1_dummy   0x20080000        0x0
 *(.stack1*)

.stack_dummy    0x20081000      0x800
 *(.stack*)
 .stack         0x20081000      0x800 audio/sine_wave/CMakeFiles/sine_wave_spdif.dir/C_/pico/pico-sdk/src/rp2_common/pico_crt0/crt0.S.obj

.flash_end      0x100074c0       0x14
 *(.embedded_end_block*)
 .embedded_end_block
                0x100074c0       0x14 audio/sine_wave/CMakeFiles/sine_wave_spdif.dir/C_/pico/pico-sdk/src/rp2_common/pico_crt0/crt0.S.obj
                0x100074d4                PROVIDE (__flash_binary_end = .)
                0x20080000                __StackLimit = (ORIGIN (RAM) + LENGTH (RAM))
                0x20081000                __StackOneTop = (ORIGIN (SCRATCH_X) + LENGTH (SCRATCH_X))
                0x20082000                __StackTop = (ORIGIN (SCRATCH_Y) + LENGTH (SCRATCH_Y))
                0x20081000                __StackOneBottom = (__StackOneTop - SIZEOF (.stack1_dummy))
                0x20081800                __StackBottom = (__StackTop - SIZEOF (.stack_dummy))
                0x20082000                PROVIDE (__stack = __StackTop)
                [!provide]                PROVIDE (__heap_start = __end__)
                [!provide]                PROVIDE (__heap_end = __HeapLimit)
                [!provide]                PROVIDE (__tls_align = MAX (ALIGNOF (.tdata), ALIGNOF (.tbss)))
                [!provide]                PROVIDE (__tls_size_align = (((__tls_size + __tls_align) - 0x1) & ~ ((__tls_align - 0x1))))
                [!provide]                PROVIDE (__arm32_tls_tcb_offset = MAX (0x8, __tls_align))
                [!provide]                PROVIDE (_end = __end__)
                [!provide]                PROVIDE (__llvm_libc_heap_limit = __HeapLimit)
                0x00000001                ASSERT ((__StackLimit >= __HeapLimit), region RAM overflowed)
                0x00000001                ASSERT (((__binary_info_header_end - __logical_binary_start) <= 0x400), Binary info must be in first 1024 bytes of the binary)
                0x00000001                ASSERT (((__embedded_block_end - __logical_binary_start) <= 0x1000), Embedded block must be in first 4096 bytes of the binary)
LOAD audio/sine_wave/CMakeFiles/sine_wave_spdif.dir/sine_wave.c.obj
LOAD audio/sine_wave/CMakeFiles/sine_wave_spdif.dir/C_/pico/pico-sdk/src/rp2_common/pico_stdlib/stdlib.c.obj
LOAD audio/sine_wave/CMakeFiles/sine_wave_spdif.dir/C_/pico/pico-sdk/src/rp2_common/hardware_gpio/gpio.c.obj
LOAD audio/sine_wave/CMakeFiles/sine_wave_spdif.dir/C_/pico/pico-sdk/src/rp2350/pico_platform/platform.c.obj
LOAD audio/sine_wave/CMakeFiles/sine_wave_spdif.dir/C_/pico/pico-sdk/src/rp2_common/pico_platform_common/common.c.obj
LOAD audio/sine_wave/CMakeFiles/sine_wave_spdif.dir/C_/pico/pico-sdk/src/rp2_common/pico_platform_panic/panic.c.obj
LOAD audio/sine_wave/CMakeFiles/sine_wave_spdif.dir/C_/pico/pico-sdk/src/common/hardware_claim/claim.c.obj
LOAD audio/sine_wave/CMakeFiles/sine_wave_spdif.dir/C_/pico/pico-sdk/src/rp2_common/hardware_sync/sync.c.obj
LOAD audio/sine_wave/CMakeFiles/sine_wave_spdif.dir/C_/pico/pico-sdk/src/rp2_common/hardware_sync_spin_lock/sync_spin_lock.c.obj
LOAD audio/sine_wave/CMakeFiles/sine_wave_spdif.dir/C_/pico/pico-sdk/src/rp2_common/hardware_irq/irq.c.obj
LOAD audio/sine_wave/CMakeFiles/sine_wave_spdif.dir/C_/pico/pico-sdk/src/rp2_common/hardware_irq/irq_handler_chain.S.obj
LOAD audio/sine_wave/CMakeFiles/sine_wave_spdif.dir/C_/pico/pico-sdk/src/common/pico_sync/sem.c.obj
LOAD audio/sine_wave/CMakeFiles/sine_wave_spdif.dir/C_/pico/pico-sdk/src/common/pico_sync/lock_core.c.obj
LOAD audio/sine_wave/CMakeFiles/sine_wave_spdif.dir/C_/pico/pico-sdk/src/common/pico_sync/mutex.c.obj
LOAD audio/sine_wave/CMakeFiles/sine_wave_spdif.dir/C_/pico/pico-sdk/src/common/pico_sync/critical_section.c.obj
LOAD audio/sine_wave/CMakeFiles/sine_wave_spdif.dir/C_/pico/pico-sdk/src/common/pico_time/time.c.obj
LOAD audio/sine_wave/CMakeFiles/sine_wave_spdif.dir/C_/pico/pico-sdk/src/common/pico_time/timeout_helper.c.obj
LOAD audio/sine_wave/CMakeFiles/sine_wave_spdif.dir/C_/pico/pico-sdk/src/rp2_common/hardware_timer/timer.c.obj
LOAD audio/sine_wave/CMakeFiles/sine_wave_spdif.dir/C_/pico/pico-sdk/src/common/pico_util/datetime.c.obj
LOAD audio/sine_wave/CMakeFiles/sine_wave_spdif.dir/C_/pico/pico-sdk/src/common/pico_util/pheap.c.obj
LOAD audio/sine_wave/CMakeFiles/sine_wave_spdif.dir/C_/pico/pico-sdk/src/common/pico_util/queue.c.obj
LOAD audio/sine_wave/CMakeFiles/sine_wave_spdif.dir/C_/pico/pico-sdk/src/rp2_common/hardware_uart/uart.c.obj
LOAD audio/sine_wave/CMakeFiles/sine_wave_spdif.dir/C_/pico/pico-sdk/src/rp2_common/hardware_clocks/clocks.c.obj
LOAD audio/sine_wave/CMakeFiles/sine_wave_spdif.dir/C_/pico/pico-sdk/src/rp2_common/hardware_pll/pll.c.obj
LOAD audio/sine_wave/CMakeFiles/sine_wave_spdif.dir/C_/pico/pico-sdk/src/rp2_common/hardware_vreg/vreg.c.obj
LOAD audio/sine_wave/CMakeFiles/sine_wave_spdif.dir/C_/pico/pico-sdk/src/rp2_common/hardware_watchdog/watchdog.c.obj
LOAD audio/sine_wave/CMakeFiles/sine_wave_spdif.dir/C_/pico/pico-sdk/src/rp2_common/hardware_ticks/ticks.c.obj
LOAD audio/sine_wave/CMakeFiles/sine_wave_spdif.dir/C_/pico/pico-sdk/src/rp2_common/pico_bootrom/bootrom.c.obj
LOAD audio/sine_wave/CMakeFiles/sine_wave_spdif.dir/C_/pico/pico-sdk/src/rp2_common/pico_bootrom/bootrom_lock.c.obj
LOAD audio/sine_wave/CMakeFiles/sine_wave_spdif.dir/C_/pico/pico-sdk/src/rp2_common/hardware_boot_lock/boot_lock.c.obj
LOAD audio/sine_wave/CMakeFiles/sine_wave_spdif.dir/C_/pico/pico-sdk/src/rp2_common/pico_flash/flash.c.obj
LOAD audio/sine_wave/CMakeFiles/sine_wave_spdif.dir/C_/pico/pico-sdk/src/rp2_common/hardware_xosc/xosc.c.obj
LOAD audio/sine_wave/CMakeFiles/sine_wave_spdif.dir/C_/pico/pico-sdk/src/rp2_common/hardware_divider/divider.c.obj
LOAD audio/sine_wave/CMakeFiles/sine_wave_spdif.dir/C_/pico/pico-sdk/src/rp2_common/pico_runtime/runtime.c.obj
LOAD audio/sine_wave/CMakeFiles/sine_wave_spdif.dir/C_/pico/pico-sdk/src/rp2_common/pico_runtime_init/runtime_init.c.obj